Archive member included to satisfy reference by file (symbol)

app/libapp.a(main.c.obj)      (--whole-archive)
zephyr/libzephyr.a(cbprintf.c.obj)
                              (--whole-archive)
zephyr/libzephyr.a(cbprintf_packaged.c.obj)
                              (--whole-archive)
zephyr/libzephyr.a(crc32c_sw.c.obj)
                              (--whole-archive)
zephyr/libzephyr.a(crc32_sw.c.obj)
                              (--whole-archive)
zephyr/libzephyr.a(crc16_sw.c.obj)
                              (--whole-archive)
zephyr/libzephyr.a(crc8_sw.c.obj)
                              (--whole-archive)
zephyr/libzephyr.a(crc7_sw.c.obj)
                              (--whole-archive)
zephyr/libzephyr.a(dec.c.obj)
                              (--whole-archive)
zephyr/libzephyr.a(fdtable.c.obj)
                              (--whole-archive)
zephyr/libzephyr.a(hex.c.obj)
                              (--whole-archive)
zephyr/libzephyr.a(notify.c.obj)
                              (--whole-archive)
zephyr/libzephyr.a(printk.c.obj)
                              (--whole-archive)
zephyr/libzephyr.a(onoff.c.obj)
                              (--whole-archive)
zephyr/libzephyr.a(rb.c.obj)  (--whole-archive)
zephyr/libzephyr.a(sem.c.obj)
                              (--whole-archive)
zephyr/libzephyr.a(thread_entry.c.obj)
                              (--whole-archive)
zephyr/libzephyr.a(timeutil.c.obj)
                              (--whole-archive)
zephyr/libzephyr.a(heap.c.obj)
                              (--whole-archive)
zephyr/libzephyr.a(heap-validate.c.obj)
                              (--whole-archive)
zephyr/libzephyr.a(bitarray.c.obj)
                              (--whole-archive)
zephyr/libzephyr.a(multi_heap.c.obj)
                              (--whole-archive)
zephyr/libzephyr.a(cbprintf_complete.c.obj)
                              (--whole-archive)
zephyr/libzephyr.a(configs.c.obj)
                              (--whole-archive)
zephyr/libzephyr.a(soc_nrf_common.S.obj)
                              (--whole-archive)
zephyr/libzephyr.a(validate_base_addresses.c.obj)
                              (--whole-archive)
zephyr/libzephyr.a(validate_enabled_instances.c.obj)
                              (--whole-archive)
zephyr/libzephyr.a(addr_utils.c.obj)
                              (--whole-archive)
zephyr/libzephyr.a(pm.c.obj)  (--whole-archive)
zephyr/libzephyr.a(constraint.c.obj)
                              (--whole-archive)
zephyr/libzephyr.a(state.c.obj)
                              (--whole-archive)
zephyr/libzephyr.a(residency.c.obj)
                              (--whole-archive)
zephyr/libzephyr.a(tracing_none.c.obj)
                              (--whole-archive)
zephyr/libzephyr.a(utils.c.obj)
                              (--whole-archive)
zephyr/libzephyr.a(aes_decrypt.c.obj)
                              (--whole-archive)
zephyr/libzephyr.a(aes_encrypt.c.obj)
                              (--whole-archive)
zephyr/libzephyr.a(cmac_mode.c.obj)
                              (--whole-archive)
zephyr/arch/common/libarch__common.a(sw_isr_common.c.obj)
                              (--whole-archive)
zephyr/arch/arch/arm/core/aarch32/libarch__arm__core__aarch32.a(cpu_idle.S.obj)
                              (--whole-archive)
zephyr/arch/arch/arm/core/aarch32/libarch__arm__core__aarch32.a(fatal.c.obj)
                              (--whole-archive)
zephyr/arch/arch/arm/core/aarch32/libarch__arm__core__aarch32.a(irq_manage.c.obj)
                              (--whole-archive)
zephyr/arch/arch/arm/core/aarch32/libarch__arm__core__aarch32.a(nmi.c.obj)
                              (--whole-archive)
zephyr/arch/arch/arm/core/aarch32/libarch__arm__core__aarch32.a(nmi_on_reset.S.obj)
                              (--whole-archive)
zephyr/arch/arch/arm/core/aarch32/libarch__arm__core__aarch32.a(prep_c.c.obj)
                              (--whole-archive)
zephyr/arch/arch/arm/core/aarch32/libarch__arm__core__aarch32.a(swap.c.obj)
                              (--whole-archive)
zephyr/arch/arch/arm/core/aarch32/libarch__arm__core__aarch32.a(swap_helper.S.obj)
                              (--whole-archive)
zephyr/arch/arch/arm/core/aarch32/libarch__arm__core__aarch32.a(thread.c.obj)
                              (--whole-archive)
zephyr/arch/arch/arm/core/aarch32/libarch__arm__core__aarch32.a(isr_wrapper.S.obj)
                              (--whole-archive)
zephyr/arch/arch/arm/core/aarch32/cortex_m/libarch__arm__core__aarch32__cortex_m.a(exc_exit.S.obj)
                              (--whole-archive)
zephyr/arch/arch/arm/core/aarch32/cortex_m/libarch__arm__core__aarch32__cortex_m.a(fault.c.obj)
                              (--whole-archive)
zephyr/arch/arch/arm/core/aarch32/cortex_m/libarch__arm__core__aarch32__cortex_m.a(fault_s.S.obj)
                              (--whole-archive)
zephyr/arch/arch/arm/core/aarch32/cortex_m/libarch__arm__core__aarch32__cortex_m.a(fpu.c.obj)
[...]
Memory Configuration

Name             Origin             Length             Attributes
FLASH            0x0000000000000000 0x0000000000080000 xr
SRAM             0x0000000020000000 0x0000000000010000 xw
IDT_LIST         0x00000000fffff7ff 0x0000000000000800 xw
*default*        0x0000000000000000 0xffffffffffffffff

Linker script and memory map

LOAD zephyr/CMakeFiles/zephyr_pre0.dir/misc/empty_file.c.obj
LOAD zephyr/CMakeFiles/offsets.dir/./arch/arm/core/offsets/offsets.c.obj
                0x0000000000000020                _region_min_align = 0x20

.rel.plt        0x0000000000000000        0x0
 *(SORT_BY_ALIGNMENT(.rel.plt))
                [!provide]                        PROVIDE (__rel_iplt_start = .)
 *(SORT_BY_ALIGNMENT(.rel.iplt))
 .rel.iplt      0x0000000000000000        0x0 app/libapp.a(main.c.obj)
                [!provide]                        PROVIDE (__rel_iplt_end = .)

.rela.plt       0x0000000000000000        0x0
 *(SORT_BY_ALIGNMENT(.rela.plt))
                [!provide]                        PROVIDE (__rela_iplt_start = .)
 *(SORT_BY_ALIGNMENT(.rela.iplt))
                [!provide]                        PROVIDE (__rela_iplt_end = .)

.rel.dyn
 *(SORT_BY_ALIGNMENT(.rel.*))

.rela.dyn
 *(SORT_BY_ALIGNMENT(.rela.*))

/DISCARD/
 *(SORT_BY_ALIGNMENT(.plt))
 *(SORT_BY_ALIGNMENT(.iplt))
 *(SORT_BY_ALIGNMENT(.got.plt))
 *(SORT_BY_ALIGNMENT(.igot.plt))
 *(SORT_BY_ALIGNMENT(.got))
 *(SORT_BY_ALIGNMENT(.igot))
 *(SORT_BY_ALIGNMENT(.note.GNU-stack))
                0x0000000000000000                __rom_region_start = 0x0

rom_start       0x0000000000000000       0xdc
                0x0000000000000000                . = 0x0
                0x0000000000000000                . = ALIGN (0x4)
                0x0000000000000000                . = ALIGN (0x80)
                0x0000000000000000                . = ALIGN (0x100)
                0x0000000000000000                _vector_start = .
 *(SORT_BY_ALIGNMENT(.exc_vector_table))
 *(SORT_BY_ALIGNMENT(.exc_vector_table.*))
 .exc_vector_table._vector_table_section
                0x0000000000000000       0x40 zephyr/arch/arch/arm/core/aarch32/cortex_m/libarch__arm__core__aarch32__cortex_m.a(vector_table.S.obj)
                0x0000000000000000                _vector_table
 *(SORT_BY_ALIGNMENT(.gnu.linkonce.irq_vector_table*))
 .gnu.linkonce.irq_vector_table
                0x0000000000000040       0x9c zephyr/arch/common/libisr_tables.a(isr_tables.c.obj)
                0x0000000000000040                _irq_vector_table
 *(SORT_BY_ALIGNMENT(.vectors))
                0x00000000000000dc                _vector_end = .

text            0x00000000000000e0    0x1af10
                0x00000000000000e0                __text_region_start = .
 *(SORT_BY_ALIGNMENT(.text))
 .text          0x00000000000000e0       0x30 /home/ubuntu/zephyr-sdk-0.13.2/arm-zephyr-eabi/bin/../lib/gcc/arm-zephyr-eabi/10.3.0/thumb/v7e-m/nofp/libgcc.a(_aeabi_uldivmod.o)
                0x00000000000000e0                __aeabi_uldivmod
 .text          0x0000000000000110        0x4 /home/ubuntu/zephyr-sdk-0.13.2/arm-zephyr-eabi/bin/../lib/gcc/arm-zephyr-eabi/10.3.0/thumb/v7e-m/nofp/libgcc.a(_dvmd_tls.o)
                0x0000000000000110                __aeabi_ldiv0
                0x0000000000000110                __aeabi_idiv0
 .text          0x0000000000000114      0x2a6 /home/ubuntu/zephyr-sdk-0.13.2/arm-zephyr-eabi/bin/../lib/gcc/arm-zephyr-eabi/10.3.0/thumb/v7e-m/nofp/libgcc.a(_udivmoddi4.o)
                0x0000000000000114                __udivmoddi4
 *(SORT_BY_ALIGNMENT(.text.*))
 *fill*         0x00000000000003ba        0x6 
 .text.ull_drift_ticks_get
                0x00000000000003c0       0x8c zephyr/subsys/bluetooth/controller/libsubsys__bluetooth__controller.a(ull.c.obj)
                0x00000000000003c0                ull_drift_ticks_get
 *fill*         0x000000000000044c        0x4 
 .text.ll_adv_enable
                0x0000000000000450      0x448 zephyr/subsys/bluetooth/controller/libsubsys__bluetooth__controller.a(ull_adv.c.obj)
                0x0000000000000450                ll_adv_enable
 .text.ull_adv_time_update
                0x0000000000000898       0xb0 zephyr/subsys/bluetooth/controller/libsubsys__bluetooth__controller.a(ull_adv.c.obj)
                0x0000000000000898                ull_adv_time_update
 .text.event_conn_upd_prep
                0x0000000000000948      0x55c zephyr/subsys/bluetooth/controller/libsubsys__bluetooth__controller.a(ull_conn.c.obj)
 *fill*         0x0000000000000ea4        0x4 
 .text.ull_periph_setup
                0x0000000000000ea8      0x48c zephyr/subsys/bluetooth/controller/libsubsys__bluetooth__controller.a(ull_peripheral.c.obj)
                0x0000000000000ea8                ull_periph_setup
 .text.bt_addr_le_to_str.constprop.0.isra.0
                0x0000000000001334       0x78 app/libapp.a(main.c.obj)
 .text.disconnecting
                0x00000000000013ac       0x24 app/libapp.a(main.c.obj)
 .text.connection_established
                0x00000000000013d0       0x34 app/libapp.a(main.c.obj)
 .text.main     0x0000000000001404       0x70 app/libapp.a(main.c.obj)
                0x0000000000001404                main
 .text.char_out
                0x0000000000001474       0x10 zephyr/libzephyr.a(printk.c.obj)
 .text.__printk_hook_install
                0x0000000000001484        0xc zephyr/libzephyr.a(printk.c.obj)
                0x0000000000001484                __printk_hook_install
 .text.vprintk  0x0000000000001490       0x1c zephyr/libzephyr.a(printk.c.obj)
                0x0000000000001490                vprintk
 .text.vsnprintk
                0x00000000000014ac       0x28 zephyr/libzephyr.a(printk.c.obj)
                0x00000000000014ac                vsnprintk
 .text.process_event
                0x00000000000014d4      0x1c0 zephyr/libzephyr.a(onoff.c.obj)
 .text.cbvprintf
                0x0000000000001694      0x784 zephyr/libzephyr.a(cbprintf_complete.c.obj)
                0x0000000000001694                cbvprintf
 .text.pm_state_notify
                0x0000000000001e18       0x5c zephyr/libzephyr.a(pm.c.obj)
 .text.atomic_test_and_set_bit.constprop.0
                0x0000000000001e74       0x38 zephyr/libzephyr.a(pm.c.obj)
 .text.pm_system_resume
                0x0000000000001eac       0x88 zephyr/libzephyr.a(pm.c.obj)
                0x0000000000001eac                pm_system_resume
 .text.pm_system_suspend
                0x0000000000001f34       0xf8 zephyr/libzephyr.a(pm.c.obj)
                0x0000000000001f34                pm_system_suspend
 .text.pm_constraint_get
                0x000000000000202c       0x1c zephyr/libzephyr.a(constraint.c.obj)
                0x000000000000202c                pm_constraint_get
 .text.pm_state_cpu_get_all
                0x0000000000002048       0x10 zephyr/libzephyr.a(state.c.obj)
                0x0000000000002048                pm_state_cpu_get_all
 .text.pm_policy_next_state
                0x0000000000002058       0x8c zephyr/libzephyr.a(residency.c.obj)
                0x0000000000002058                pm_policy_next_state
 .text.sub_bytes
                0x00000000000020e4       0x18 zephyr/libzephyr.a(aes_encrypt.c.obj)
 .text.tc_aes128_set_encrypt_key
                0x00000000000020fc       0xa4 zephyr/libzephyr.a(aes_encrypt.c.obj)
                0x00000000000020fc                tc_aes128_set_encrypt_key
 .text.z_arm_cpu_idle_init
                0x00000000000021a0        0xc zephyr/arch/arch/arm/core/aarch32/libarch__arm__core__aarch32.a(cpu_idle.S.obj)
                0x00000000000021a0                z_arm_cpu_idle_init
 .text.arch_cpu_idle
                0x00000000000021ac       0x1c zephyr/arch/arch/arm/core/aarch32/libarch__arm__core__aarch32.a(cpu_idle.S.obj)
                0x00000000000021ac                arch_cpu_idle
 .text.arch_cpu_atomic_idle
                0x00000000000021c8       0x14 zephyr/arch/arch/arm/core/aarch32/libarch__arm__core__aarch32.a(cpu_idle.S.obj)
                0x00000000000021c8                arch_cpu_atomic_idle
 .text.arch_irq_enable
                0x00000000000021dc       0x20 zephyr/arch/arch/arm/core/aarch32/libarch__arm__core__aarch32.a(irq_manage.c.obj)
                0x00000000000021dc                arch_irq_enable
 .text.arch_irq_disable
                0x00000000000021fc       0x28 zephyr/arch/arch/arm/core/aarch32/libarch__arm__core__aarch32.a(irq_manage.c.obj)
                0x00000000000021fc                arch_irq_disable
 .text.arch_irq_is_enabled
                0x0000000000002224       0x1c zephyr/arch/arch/arm/core/aarch32/libarch__arm__core__aarch32.a(irq_manage.c.obj)
                0x0000000000002224                arch_irq_is_enabled
 .text.z_arm_irq_priority_set
                0x0000000000002240       0x30 zephyr/arch/arch/arm/core/aarch32/libarch__arm__core__aarch32.a(irq_manage.c.obj)
                0x0000000000002240                z_arm_irq_priority_set
 .text._arch_isr_direct_pm
                0x0000000000002270       0x1c zephyr/arch/arch/arm/core/aarch32/libarch__arm__core__aarch32.a(irq_manage.c.obj)
                0x0000000000002270                _arch_isr_direct_pm
 .text.z_SysNmiOnReset
                0x000000000000228c        0x8 zephyr/arch/arch/arm/core/aarch32/libarch__arm__core__aarch32.a(nmi_on_reset.S.obj)
                0x000000000000228c                z_SysNmiOnReset
 .text.z_arm_prep_c
                0x0000000000002294       0x48 zephyr/arch/arch/arm/core/aarch32/libarch__arm__core__aarch32.a(prep_c.c.obj)
                0x0000000000002294                z_arm_prep_c
 .text.arch_swap
                0x00000000000022dc       0x34 zephyr/arch/arch/arm/core/aarch32/libarch__arm__core__aarch32.a(swap.c.obj)
                0x00000000000022dc                arch_swap
 .text.z_arm_pendsv
                0x0000000000002310       0x54 zephyr/arch/arch/arm/core/aarch32/libarch__arm__core__aarch32.a(swap_helper.S.obj)
                0x0000000000002310                z_arm_pendsv
 .text.z_arm_svc
                0x0000000000002364       0x20 zephyr/arch/arch/arm/core/aarch32/libarch__arm__core__aarch32.a(swap_helper.S.obj)
                0x0000000000002364                z_arm_svc
 .text.arch_new_thread
                0x0000000000002384       0x38 zephyr/arch/arch/arm/core/aarch32/libarch__arm__core__aarch32.a(thread.c.obj)
                0x0000000000002384                arch_new_thread
 .text.z_check_thread_stack_fail
                0x00000000000023bc       0x2c zephyr/arch/arch/arm/core/aarch32/libarch__arm__core__aarch32.a(thread.c.obj)
                0x00000000000023bc                z_check_thread_stack_fail
 .text.arch_switch_to_main_thread
                0x00000000000023e8       0x2c zephyr/arch/arch/arm/core/aarch32/libarch__arm__core__aarch32.a(thread.c.obj)
                0x00000000000023e8                arch_switch_to_main_thread
 .text._isr_wrapper
                0x0000000000002414       0x40 zephyr/arch/arch/arm/core/aarch32/libarch__arm__core__aarch32.a(isr_wrapper.S.obj)
                0x0000000000002414                _isr_wrapper
 .text._HandlerModeExit
                0x0000000000002454       0x1c zephyr/arch/arch/arm/core/aarch32/cortex_m/libarch__arm__core__aarch32__cortex_m.a(exc_exit.S.obj)
                0x0000000000002454                z_arm_exc_exit
                0x0000000000002454                z_arm_int_exit
 .text.mem_manage_fault
                0x0000000000002470       0x6c zephyr/arch/arch/arm/core/aarch32/cortex_m/libarch__arm__core__aarch32__cortex_m.a(fault.c.obj)
 .text.bus_fault.constprop.0
                0x00000000000024dc       0x3c zephyr/arch/arch/arm/core/aarch32/cortex_m/libarch__arm__core__aarch32__cortex_m.a(fault.c.obj)
 .text.z_arm_fault
                0x0000000000002518      0x128 zephyr/arch/arch/arm/core/aarch32/cortex_m/libarch__arm__core__aarch32__cortex_m.a(fault.c.obj)
                0x0000000000002518                z_arm_fault
 .text.z_arm_fault_init
                0x0000000000002640       0x10 zephyr/arch/arch/arm/core/aarch32/cortex_m/libarch__arm__core__aarch32__cortex_m.a(fault.c.obj)
                0x0000000000002640                z_arm_fault_init
 .text.__fault  0x0000000000002650       0x14 zephyr/arch/arch/arm/core/aarch32/cortex_m/libarch__arm__core__aarch32__cortex_m.a(fault_s.S.obj)
                0x0000000000002650                z_arm_bus_fault
                0x0000000000002650                z_arm_usage_fault
                0x0000000000002650                z_arm_mpu_fault
                0x0000000000002650                z_arm_exc_spurious
                0x0000000000002650                z_arm_debug_monitor
                0x0000000000002650                z_arm_hard_fault
 .text.z_arm_interrupt_init
                0x0000000000002664       0x18 zephyr/arch/arch/arm/core/aarch32/cortex_m/libarch__arm__core__aarch32__cortex_m.a(irq_init.c.obj)
                0x0000000000002664                z_arm_interrupt_init
 .text._reset_section
                0x000000000000267c       0x30 zephyr/arch/arch/arm/core/aarch32/cortex_m/libarch__arm__core__aarch32__cortex_m.a(reset.S.obj)
                0x000000000000267c                z_arm_reset
                0x000000000000267c                __start
 .text.z_impl_k_thread_abort
                0x00000000000026ac       0x24 zephyr/arch/arch/arm/core/aarch32/cortex_m/libarch__arm__core__aarch32__cortex_m.a(thread_abort.c.obj)
                0x00000000000026ac                z_impl_k_thread_abort
 .text.z_arm_configure_static_mpu_regions
                0x00000000000026d0       0x18 zephyr/arch/arch/arm/core/aarch32/mpu/libarch__arm__core__aarch32__mpu.a(arm_core_mpu.c.obj)
                0x00000000000026d0                z_arm_configure_static_mpu_regions
 .text.z_arm_configure_dynamic_mpu_regions
                0x00000000000026e8       0x20 zephyr/arch/arch/arm/core/aarch32/mpu/libarch__arm__core__aarch32__mpu.a(arm_core_mpu.c.obj)
                0x00000000000026e8                z_arm_configure_dynamic_mpu_regions
 .text.mpu_configure_regions
                0x0000000000002708       0x84 zephyr/arch/arch/arm/core/aarch32/mpu/libarch__arm__core__aarch32__mpu.a(arm_mpu.c.obj)
 .text.arm_core_mpu_enable
                0x000000000000278c       0x18 zephyr/arch/arch/arm/core/aarch32/mpu/libarch__arm__core__aarch32__mpu.a(arm_mpu.c.obj)
                0x000000000000278c                arm_core_mpu_enable
 .text.arm_core_mpu_disable
                0x00000000000027a4       0x14 zephyr/arch/arch/arm/core/aarch32/mpu/libarch__arm__core__aarch32__mpu.a(arm_mpu.c.obj)
                0x00000000000027a4                arm_core_mpu_disable
 .text.arm_core_mpu_configure_static_mpu_regions
                0x00000000000027b8       0x14 zephyr/arch/arch/arm/core/aarch32/mpu/libarch__arm__core__aarch32__mpu.a(arm_mpu.c.obj)
                0x00000000000027b8                arm_core_mpu_configure_static_mpu_regions
 .text.arm_core_mpu_configure_dynamic_mpu_regions
                0x00000000000027cc       0x30 zephyr/arch/arch/arm/core/aarch32/mpu/libarch__arm__core__aarch32__mpu.a(arm_mpu.c.obj)
                0x00000000000027cc                arm_core_mpu_configure_dynamic_mpu_regions
 .text.z_arm_mpu_init
                0x00000000000027fc       0x60 zephyr/arch/arch/arm/core/aarch32/mpu/libarch__arm__core__aarch32__mpu.a(arm_mpu.c.obj)
                0x00000000000027fc                z_arm_mpu_init
 .text.__stdout_hook_install
                0x000000000000285c        0xc zephyr/lib/libc/minimal/liblib__libc__minimal.a(stdout_console.c.obj)
                0x000000000000285c                __stdout_hook_install
 .text.nordicsemi_nrf52_init
                0x0000000000002868       0x28 zephyr/soc/arm/nordic_nrf/nrf52/libsoc__arm__nordic_nrf__nrf52.a(soc.c.obj)
 .text.arch_busy_wait
                0x0000000000002890       0x14 zephyr/soc/arm/nordic_nrf/nrf52/libsoc__arm__nordic_nrf__nrf52.a(soc.c.obj)
                0x0000000000002890                arch_busy_wait
 .text.pwr_ctrl_init
                0x00000000000028a4       0x48 zephyr/boards/arm/thingy52_nrf52832/libboards__arm__thingy52_nrf52832.a(board.c.obj)
 .text.uuid_to_uuid128
                0x00000000000028ec       0x6c zephyr/subsys/bluetooth/host/libsubsys__bluetooth__host.a(uuid.c.obj)
 .text.bt_buf_get_rx
                0x0000000000002958       0x20 zephyr/subsys/bluetooth/host/libsubsys__bluetooth__host.a(buf.c.obj)
                0x0000000000002958                bt_buf_get_rx
 .text.bt_buf_get_cmd_complete
                0x0000000000002978       0x34 zephyr/subsys/bluetooth/host/libsubsys__bluetooth__host.a(buf.c.obj)
                0x0000000000002978                bt_buf_get_cmd_complete
 .text.bt_buf_get_evt
                0x00000000000029ac       0x54 zephyr/subsys/bluetooth/host/libsubsys__bluetooth__host.a(buf.c.obj)
                0x00000000000029ac                bt_buf_get_evt
 .text.hci_disconn_complete_prio
                0x0000000000002a00       0x3c zephyr/subsys/bluetooth/host/libsubsys__bluetooth__host.a(hci_core.c.obj)
 .text.hci_le_meta_event
                0x0000000000002a3c       0x20 zephyr/subsys/bluetooth/host/libsubsys__bluetooth__host.a(hci_core.c.obj)
 .text.find_pending_connect.part.0
                0x0000000000002a5c       0x3c zephyr/subsys/bluetooth/host/libsubsys__bluetooth__host.a(hci_core.c.obj)
 .text.hci_cmd_done
                0x0000000000002a98       0xd0 zephyr/subsys/bluetooth/host/libsubsys__bluetooth__host.a(hci_core.c.obj)
 .text.hci_cmd_status
                0x0000000000002b68       0x2c zephyr/subsys/bluetooth/host/libsubsys__bluetooth__host.a(hci_core.c.obj)
 .text.hci_cmd_complete
                0x0000000000002b94       0x30 zephyr/subsys/bluetooth/host/libsubsys__bluetooth__host.a(hci_core.c.obj)
 .text.bt_hci_cmd_state_set_init
                0x0000000000002bc4       0x24 zephyr/subsys/bluetooth/host/libsubsys__bluetooth__host.a(hci_core.c.obj)
                0x0000000000002bc4                bt_hci_cmd_state_set_init
 .text.bt_hci_cmd_create
                0x0000000000002be8       0x74 zephyr/subsys/bluetooth/host/libsubsys__bluetooth__host.a(hci_core.c.obj)
                0x0000000000002be8                bt_hci_cmd_create
 .text.bt_hci_cmd_send_sync
                0x0000000000002c5c       0xc4 zephyr/subsys/bluetooth/host/libsubsys__bluetooth__host.a(hci_core.c.obj)
                0x0000000000002c5c                bt_hci_cmd_send_sync
 .text.bt_send  0x0000000000002d20       0x10 zephyr/subsys/bluetooth/host/libsubsys__bluetooth__host.a(hci_core.c.obj)
                0x0000000000002d20                bt_send
 .text.bt_hci_cmd_send
                0x0000000000002d30       0x44 zephyr/subsys/bluetooth/host/libsubsys__bluetooth__host.a(hci_core.c.obj)
                0x0000000000002d30                bt_hci_cmd_send
 .text.conn_auto_initiate
                0x0000000000002d74       0xc4 zephyr/subsys/bluetooth/host/libsubsys__bluetooth__host.a(hci_core.c.obj)
 .text.bt_hci_le_enh_conn_complete
                0x0000000000002e38      0x1b4 zephyr/subsys/bluetooth/host/libsubsys__bluetooth__host.a(hci_core.c.obj)
                0x0000000000002e38                bt_hci_le_enh_conn_complete
 .text.hci_tx_thread
                0x0000000000002fec      0x134 zephyr/subsys/bluetooth/host/libsubsys__bluetooth__host.a(hci_core.c.obj)
 .text.hci_event_prio
                0x0000000000003120       0xa4 zephyr/subsys/bluetooth/host/libsubsys__bluetooth__host.a(hci_core.c.obj)
                0x0000000000003120                hci_event_prio
 .text.bt_recv  0x00000000000031c4       0xf4 zephyr/subsys/bluetooth/host/libsubsys__bluetooth__host.a(hci_core.c.obj)
                0x00000000000031c4                bt_recv
 .text.bt_recv_prio
                0x00000000000032b8       0x3c zephyr/subsys/bluetooth/host/libsubsys__bluetooth__host.a(hci_core.c.obj)
                0x00000000000032b8                bt_recv_prio
 .text.bt_hci_driver_register
                0x00000000000032f4       0x28 zephyr/subsys/bluetooth/host/libsubsys__bluetooth__host.a(hci_core.c.obj)
                0x00000000000032f4                bt_hci_driver_register
 .text.bt_finalize_init
                0x000000000000331c        0xc zephyr/subsys/bluetooth/host/libsubsys__bluetooth__host.a(hci_core.c.obj)
                0x000000000000331c                bt_finalize_init
 .text.bt_init  0x0000000000003328      0x3b4 zephyr/subsys/bluetooth/host/libsubsys__bluetooth__host.a(hci_core.c.obj)
 .text.init_work
                0x00000000000036dc       0x18 zephyr/subsys/bluetooth/host/libsubsys__bluetooth__host.a(hci_core.c.obj)
 .text.bt_set_name
                0x00000000000036f4       0x3c zephyr/subsys/bluetooth/host/libsubsys__bluetooth__host.a(hci_core.c.obj)
                0x00000000000036f4                bt_set_name
 .text.bt_enable
                0x0000000000003730       0xa4 zephyr/subsys/bluetooth/host/libsubsys__bluetooth__host.a(hci_core.c.obj)
                0x0000000000003730                bt_enable
 .text.bt_get_name
                0x00000000000037d4        0x8 zephyr/subsys/bluetooth/host/libsubsys__bluetooth__host.a(hci_core.c.obj)
                0x00000000000037d4                bt_get_name
 .text.id_find  0x00000000000037dc       0x34 zephyr/subsys/bluetooth/host/libsubsys__bluetooth__host.a(id.c.obj)
 .text.set_random_address
                0x0000000000003810       0x5c zephyr/subsys/bluetooth/host/libsubsys__bluetooth__host.a(id.c.obj)
 .text.id_create.constprop.0
                0x000000000000386c       0x6c zephyr/subsys/bluetooth/host/libsubsys__bluetooth__host.a(id.c.obj)
 .text.bt_id_create
                0x00000000000038d8       0x98 zephyr/subsys/bluetooth/host/libsubsys__bluetooth__host.a(id.c.obj)
                0x00000000000038d8                bt_id_create
 .text.bt_id_read_public_addr
                0x0000000000003970       0x70 zephyr/subsys/bluetooth/host/libsubsys__bluetooth__host.a(id.c.obj)
                0x0000000000003970                bt_id_read_public_addr
 .text.bt_setup_public_id_addr
                0x00000000000039e0       0x20 zephyr/subsys/bluetooth/host/libsubsys__bluetooth__host.a(id.c.obj)
                0x00000000000039e0                bt_setup_public_id_addr
 .text.bt_read_static_addr
                0x0000000000003a00       0x60 zephyr/subsys/bluetooth/host/libsubsys__bluetooth__host.a(id.c.obj)
                0x0000000000003a00                bt_read_static_addr
 .text.bt_setup_random_id_addr
                0x0000000000003a60       0x5c zephyr/subsys/bluetooth/host/libsubsys__bluetooth__host.a(id.c.obj)
                0x0000000000003a60                bt_setup_random_id_addr
 .text.bt_id_set_adv_own_addr
                0x0000000000003abc       0xa4 zephyr/subsys/bluetooth/host/libsubsys__bluetooth__host.a(id.c.obj)
                0x0000000000003abc                bt_id_set_adv_own_addr
 .text.bt_id_init
                0x0000000000003b60       0x30 zephyr/subsys/bluetooth/host/libsubsys__bluetooth__host.a(id.c.obj)
                0x0000000000003b60                bt_id_init
 .text.valid_adv_param
                0x0000000000003b90       0x88 zephyr/subsys/bluetooth/host/libsubsys__bluetooth__host.a(adv.c.obj)
 .text.le_adv_start_add_conn
                0x0000000000003c18       0x88 zephyr/subsys/bluetooth/host/libsubsys__bluetooth__host.a(adv.c.obj)
 .text.bt_le_adv_lookup_legacy
                0x0000000000003ca0        0x8 zephyr/subsys/bluetooth/host/libsubsys__bluetooth__host.a(adv.c.obj)
                0x0000000000003ca0                bt_le_adv_lookup_legacy
 .text.bt_le_adv_start_legacy
                0x0000000000003ca8      0x24c zephyr/subsys/bluetooth/host/libsubsys__bluetooth__host.a(adv.c.obj)
                0x0000000000003ca8                bt_le_adv_start_legacy
 .text.bt_le_adv_start
                0x0000000000003ef4       0x64 zephyr/subsys/bluetooth/host/libsubsys__bluetooth__host.a(adv.c.obj)
                0x0000000000003ef4                bt_le_adv_start
 .text.bt_le_adv_stop
                0x0000000000003f58       0xa0 zephyr/subsys/bluetooth/host/libsubsys__bluetooth__host.a(adv.c.obj)
                0x0000000000003f58                bt_le_adv_stop
 .text.bt_le_adv_resume
                0x0000000000003ff8       0x80 zephyr/subsys/bluetooth/host/libsubsys__bluetooth__host.a(adv.c.obj)
                0x0000000000003ff8                bt_le_adv_resume
 .text.tx_free  0x0000000000004078       0x14 zephyr/subsys/bluetooth/host/libsubsys__bluetooth__host.a(conn.c.obj)
 .text.notify_connected
                0x000000000000408c       0x48 zephyr/subsys/bluetooth/host/libsubsys__bluetooth__host.a(conn.c.obj)
 .text.send_frag
                0x00000000000040d4      0x110 zephyr/subsys/bluetooth/host/libsubsys__bluetooth__host.a(conn.c.obj)
 .text.bt_conn_get_pkts
                0x00000000000041e4        0x8 zephyr/subsys/bluetooth/host/libsubsys__bluetooth__host.a(conn.c.obj)
                0x00000000000041e4                bt_conn_get_pkts
 .text.bt_conn_new
                0x00000000000041ec       0x68 zephyr/subsys/bluetooth/host/libsubsys__bluetooth__host.a(conn.c.obj)
                0x00000000000041ec                bt_conn_new
 .text.bt_conn_send_cb
                0x0000000000004254       0x6c zephyr/subsys/bluetooth/host/libsubsys__bluetooth__host.a(conn.c.obj)
                0x0000000000004254                bt_conn_send_cb
 .text.bt_conn_prepare_events
                0x00000000000042c0       0x7c zephyr/subsys/bluetooth/host/libsubsys__bluetooth__host.a(conn.c.obj)
                0x00000000000042c0                bt_conn_prepare_events
 .text.bt_conn_lookup_handle
                0x000000000000433c       0x10 zephyr/subsys/bluetooth/host/libsubsys__bluetooth__host.a(conn.c.obj)
                0x000000000000433c                bt_conn_lookup_handle
 .text.bt_conn_set_state
                0x000000000000434c      0x150 zephyr/subsys/bluetooth/host/libsubsys__bluetooth__host.a(conn.c.obj)
                0x000000000000434c                bt_conn_set_state
 .text.bt_conn_index
                0x000000000000449c       0x18 zephyr/subsys/bluetooth/host/libsubsys__bluetooth__host.a(conn.c.obj)
                0x000000000000449c                bt_conn_index
 .text.bt_conn_create_pdu_timeout
                0x00000000000044b4       0x24 zephyr/subsys/bluetooth/host/libsubsys__bluetooth__host.a(conn.c.obj)
                0x00000000000044b4                bt_conn_create_pdu_timeout
 .text.notify_le_param_updated
                0x00000000000044d8       0x98 zephyr/subsys/bluetooth/host/libsubsys__bluetooth__host.a(conn.c.obj)
                0x00000000000044d8                notify_le_param_updated
 .text.le_param_req
                0x0000000000004570       0x74 zephyr/subsys/bluetooth/host/libsubsys__bluetooth__host.a(conn.c.obj)
                0x0000000000004570                le_param_req
 .text.bt_conn_cb_register
                0x00000000000045e4       0x10 zephyr/subsys/bluetooth/host/libsubsys__bluetooth__host.a(conn.c.obj)
                0x00000000000045e4                bt_conn_cb_register
 .text.bt_conn_add_le
                0x00000000000045f4       0x34 zephyr/subsys/bluetooth/host/libsubsys__bluetooth__host.a(conn.c.obj)
                0x00000000000045f4                bt_conn_add_le
 .text.bt_conn_lookup_addr_le
                0x0000000000004628       0x3c zephyr/subsys/bluetooth/host/libsubsys__bluetooth__host.a(conn.c.obj)
                0x0000000000004628                bt_conn_lookup_addr_le
 .text.bt_conn_lookup_state_le
                0x0000000000004664       0x44 zephyr/subsys/bluetooth/host/libsubsys__bluetooth__host.a(conn.c.obj)
                0x0000000000004664                bt_conn_lookup_state_le
 .text.send_conn_le_param_update
                0x00000000000046a8       0x6c zephyr/subsys/bluetooth/host/libsubsys__bluetooth__host.a(conn.c.obj)
 .text.deferred_work
                0x0000000000004714       0xd8 zephyr/subsys/bluetooth/host/libsubsys__bluetooth__host.a(conn.c.obj)
 .text.bt_conn_create_frag_timeout
                0x00000000000047ec        0xc zephyr/subsys/bluetooth/host/libsubsys__bluetooth__host.a(conn.c.obj)
                0x00000000000047ec                bt_conn_create_frag_timeout
 .text.create_frag
                0x00000000000047f8       0x6c zephyr/subsys/bluetooth/host/libsubsys__bluetooth__host.a(conn.c.obj)
 .text.bt_conn_process_tx
                0x0000000000004864       0xcc zephyr/subsys/bluetooth/host/libsubsys__bluetooth__host.a(conn.c.obj)
                0x0000000000004864                bt_conn_process_tx
 .text.bt_conn_init
                0x0000000000004930       0x40 zephyr/subsys/bluetooth/host/libsubsys__bluetooth__host.a(conn.c.obj)
                0x0000000000004930                bt_conn_init
 .text.l2cap_accept
                0x0000000000004970       0x1c zephyr/subsys/bluetooth/host/libsubsys__bluetooth__host.a(l2cap.c.obj)
 .text.bt_l2cap_connected
                0x000000000000498c       0xb8 zephyr/subsys/bluetooth/host/libsubsys__bluetooth__host.a(l2cap.c.obj)
                0x000000000000498c                bt_l2cap_connected
 .text.bt_l2cap_update_conn_param
                0x0000000000004a44       0x64 zephyr/subsys/bluetooth/host/libsubsys__bluetooth__host.a(l2cap.c.obj)
                0x0000000000004a44                bt_l2cap_update_conn_param
 .text.att_cfm_sent
                0x0000000000004aa8       0x10 zephyr/subsys/bluetooth/host/libsubsys__bluetooth__host.a(att.c.obj)
 .text.att_rsp_sent
                0x0000000000004ab8       0x10 zephyr/subsys/bluetooth/host/libsubsys__bluetooth__host.a(att.c.obj)
 .text.att_req_sent
                0x0000000000004ac8       0x10 zephyr/subsys/bluetooth/host/libsubsys__bluetooth__host.a(att.c.obj)
 .text.bt_att_released
                0x0000000000004ad8       0x18 zephyr/subsys/bluetooth/host/libsubsys__bluetooth__host.a(att.c.obj)
 .text.bt_att_accept
                0x0000000000004af0       0x90 zephyr/subsys/bluetooth/host/libsubsys__bluetooth__host.a(att.c.obj)
 .text.read_group_cb
                0x0000000000004b80       0xac zephyr/subsys/bluetooth/host/libsubsys__bluetooth__host.a(att.c.obj)
 .text.chan_send
                0x0000000000004c2c       0xbc zephyr/subsys/bluetooth/host/libsubsys__bluetooth__host.a(att.c.obj)
 .text.bt_att_chan_send_rsp.constprop.0
                0x0000000000004ce8       0x24 zephyr/subsys/bluetooth/host/libsubsys__bluetooth__host.a(att.c.obj)
 .text.read_type_cb
                0x0000000000004d0c       0xa8 zephyr/subsys/bluetooth/host/libsubsys__bluetooth__host.a(att.c.obj)
 .text.bt_att_connected
                0x0000000000004db4       0x68 zephyr/subsys/bluetooth/host/libsubsys__bluetooth__host.a(att.c.obj)
 .text.bt_att_recv
                0x0000000000004e1c       0xe4 zephyr/subsys/bluetooth/host/libsubsys__bluetooth__host.a(att.c.obj)
 .text.att_write_rsp.constprop.0
                0x0000000000004f00       0xc4 zephyr/subsys/bluetooth/host/libsubsys__bluetooth__host.a(att.c.obj)
 .text.att_read_group_req
                0x0000000000004fc4      0x104 zephyr/subsys/bluetooth/host/libsubsys__bluetooth__host.a(att.c.obj)
 .text.att_read_mult_req
                0x00000000000050c8       0x94 zephyr/subsys/bluetooth/host/libsubsys__bluetooth__host.a(att.c.obj)
 .text.att_read_rsp
                0x000000000000515c       0x90 zephyr/subsys/bluetooth/host/libsubsys__bluetooth__host.a(att.c.obj)
 .text.att_read_type_req
                0x00000000000051ec       0xc0 zephyr/subsys/bluetooth/host/libsubsys__bluetooth__host.a(att.c.obj)
 .text.att_find_type_req
                0x00000000000052ac       0xd4 zephyr/subsys/bluetooth/host/libsubsys__bluetooth__host.a(att.c.obj)
 .text.att_find_info_req
                0x0000000000005380       0x70 zephyr/subsys/bluetooth/host/libsubsys__bluetooth__host.a(att.c.obj)
 .text.bt_att_req_alloc
                0x00000000000053f0       0x2c zephyr/subsys/bluetooth/host/libsubsys__bluetooth__host.a(att.c.obj)
                0x00000000000053f0                bt_att_req_alloc
 .text.bt_att_req_free
                0x000000000000541c       0x24 zephyr/subsys/bluetooth/host/libsubsys__bluetooth__host.a(att.c.obj)
                0x000000000000541c                bt_att_req_free
 .text.att_handle_rsp
                0x0000000000005440       0x64 zephyr/subsys/bluetooth/host/libsubsys__bluetooth__host.a(att.c.obj)
 .text.bt_att_disconnected
                0x00000000000054a4       0xb4 zephyr/subsys/bluetooth/host/libsubsys__bluetooth__host.a(att.c.obj)
 .text.find_cf_cfg
                0x0000000000005558       0x3c zephyr/subsys/bluetooth/host/libsubsys__bluetooth__host.a(gatt.c.obj)
 .text.find_sc_cfg
                0x0000000000005594       0x20 zephyr/subsys/bluetooth/host/libsubsys__bluetooth__host.a(gatt.c.obj)
 .text.disconnected_cb
                0x00000000000055b4       0x9c zephyr/subsys/bluetooth/host/libsubsys__bluetooth__host.a(gatt.c.obj)
 .text.sc_indicate_rsp
                0x0000000000005650       0x5c zephyr/subsys/bluetooth/host/libsubsys__bluetooth__host.a(gatt.c.obj)
 .text.bt_gatt_init
                0x00000000000056ac       0xac zephyr/subsys/bluetooth/host/libsubsys__bluetooth__host.a(gatt.c.obj)
                0x00000000000056ac                bt_gatt_init
 .text.bt_gatt_attr_get_handle
                0x0000000000005758       0x60 zephyr/subsys/bluetooth/host/libsubsys__bluetooth__host.a(gatt.c.obj)
                0x0000000000005758                bt_gatt_attr_get_handle
 .text.bt_gatt_foreach_attr_type
                0x00000000000057b8       0xb4 zephyr/subsys/bluetooth/host/libsubsys__bluetooth__host.a(gatt.c.obj)
                0x00000000000057b8                bt_gatt_foreach_attr_type
 .text.db_hash_gen.constprop.0
                0x000000000000586c       0x74 zephyr/subsys/bluetooth/host/libsubsys__bluetooth__host.a(gatt.c.obj)
 .text.gatt_indicate
                0x00000000000058e0       0x94 zephyr/subsys/bluetooth/host/libsubsys__bluetooth__host.a(gatt.c.obj)
 .text.bt_gatt_indicate
                0x0000000000005974       0xf4 zephyr/subsys/bluetooth/host/libsubsys__bluetooth__host.a(gatt.c.obj)
                0x0000000000005974                bt_gatt_indicate
 .text.sc_process
                0x0000000000005a68       0x70 zephyr/subsys/bluetooth/host/libsubsys__bluetooth__host.a(gatt.c.obj)
 .text.notify_cb
                0x0000000000005ad8       0xd8 zephyr/subsys/bluetooth/host/libsubsys__bluetooth__host.a(gatt.c.obj)
 .text.bt_gatt_att_max_mtu_changed
                0x0000000000005bb0       0x28 zephyr/subsys/bluetooth/host/libsubsys__bluetooth__host.a(gatt.c.obj)
                0x0000000000005bb0                bt_gatt_att_max_mtu_changed
 .text.db_hash_read
                0x0000000000005bd8       0x64 zephyr/subsys/bluetooth/host/libsubsys__bluetooth__host.a(gatt.c.obj)
 .text.bt_gatt_disconnected
                0x0000000000005c3c       0x5c zephyr/subsys/bluetooth/host/libsubsys__bluetooth__host.a(gatt.c.obj)
                0x0000000000005c3c                bt_gatt_disconnected
 .text.bt_smp_accept
                0x0000000000005c98       0x1c zephyr/subsys/bluetooth/host/libsubsys__bluetooth__host.a(smp_null.c.obj)
 .text.mem_init
                0x0000000000005cb4       0x60 zephyr/subsys/bluetooth/controller/libsubsys__bluetooth__controller.a(mem.c.obj)
                0x0000000000005cb4                mem_init
 .text.mem_acquire
                0x0000000000005d14       0x34 zephyr/subsys/bluetooth/controller/libsubsys__bluetooth__controller.a(mem.c.obj)
                0x0000000000005d14                mem_acquire
 .text.mem_release
                0x0000000000005d48       0x30 zephyr/subsys/bluetooth/controller/libsubsys__bluetooth__controller.a(mem.c.obj)
                0x0000000000005d48                mem_release
 .text.mem_get  0x0000000000005d78        0x8 zephyr/subsys/bluetooth/controller/libsubsys__bluetooth__controller.a(mem.c.obj)
                0x0000000000005d78                mem_get
 .text.mem_index_get
                0x0000000000005d80        0xc zephyr/subsys/bluetooth/controller/libsubsys__bluetooth__controller.a(mem.c.obj)
                0x0000000000005d80                mem_index_get
 .text.mem_rcopy
                0x0000000000005d8c       0x1c zephyr/subsys/bluetooth/controller/libsubsys__bluetooth__controller.a(mem.c.obj)
                0x0000000000005d8c                mem_rcopy
 .text.mem_nz   0x0000000000005da8       0x18 zephyr/subsys/bluetooth/controller/libsubsys__bluetooth__controller.a(mem.c.obj)
                0x0000000000005da8                mem_nz
 .text.memq_init
                0x0000000000005dc0        0x8 zephyr/subsys/bluetooth/controller/libsubsys__bluetooth__controller.a(memq.c.obj)
                0x0000000000005dc0                memq_init
 .text.memq_deinit
                0x0000000000005dc8       0x14 zephyr/subsys/bluetooth/controller/libsubsys__bluetooth__controller.a(memq.c.obj)
                0x0000000000005dc8                memq_deinit
 .text.memq_enqueue
                0x0000000000005ddc       0x14 zephyr/subsys/bluetooth/controller/libsubsys__bluetooth__controller.a(memq.c.obj)
                0x0000000000005ddc                memq_enqueue
 .text.memq_peek
                0x0000000000005df0       0x10 zephyr/subsys/bluetooth/controller/libsubsys__bluetooth__controller.a(memq.c.obj)
                0x0000000000005df0                memq_peek
 .text.memq_dequeue
                0x0000000000005e00       0x20 zephyr/subsys/bluetooth/controller/libsubsys__bluetooth__controller.a(memq.c.obj)
                0x0000000000005e00                memq_dequeue
 .text.mayfly_init
                0x0000000000005e20       0x40 zephyr/subsys/bluetooth/controller/libsubsys__bluetooth__controller.a(mayfly.c.obj)
                0x0000000000005e20                mayfly_init
 .text.mayfly_enable
                0x0000000000005e60       0x64 zephyr/subsys/bluetooth/controller/libsubsys__bluetooth__controller.a(mayfly.c.obj)
                0x0000000000005e60                mayfly_enable
 .text.mayfly_enqueue
                0x0000000000005ec4       0xb0 zephyr/subsys/bluetooth/controller/libsubsys__bluetooth__controller.a(mayfly.c.obj)
                0x0000000000005ec4                mayfly_enqueue
 .text.mayfly_run
                0x0000000000005f74      0x14c zephyr/subsys/bluetooth/controller/libsubsys__bluetooth__controller.a(mayfly.c.obj)
                0x0000000000005f74                mayfly_run
 .text.util_ones_count_get
                0x00000000000060c0       0x28 zephyr/subsys/bluetooth/controller/libsubsys__bluetooth__controller.a(util.c.obj)
                0x00000000000060c0                util_ones_count_get
 .text.ticker_dequeue
                0x00000000000060e8       0x74 zephyr/subsys/bluetooth/controller/libsubsys__bluetooth__controller.a(ticker.c.obj)
 .text.ticks_to_expire_prep
                0x000000000000615c       0x48 zephyr/subsys/bluetooth/controller/libsubsys__bluetooth__controller.a(ticker.c.obj)
 .text.ticker_job_list_insert
                0x00000000000061a4      0x208 zephyr/subsys/bluetooth/controller/libsubsys__bluetooth__controller.a(ticker.c.obj)
 .text.ticker_worker
                0x00000000000063ac      0x2e0 zephyr/subsys/bluetooth/controller/libsubsys__bluetooth__controller.a(ticker.c.obj)
                0x00000000000063ac                ticker_worker
 .text.ticker_job
                0x000000000000668c      0x940 zephyr/subsys/bluetooth/controller/libsubsys__bluetooth__controller.a(ticker.c.obj)
                0x000000000000668c                ticker_job
 .text.ticker_init
                0x0000000000006fcc       0x88 zephyr/subsys/bluetooth/controller/libsubsys__bluetooth__controller.a(ticker.c.obj)
                0x0000000000006fcc                ticker_init
 .text.ticker_trigger
                0x0000000000007054       0x30 zephyr/subsys/bluetooth/controller/libsubsys__bluetooth__controller.a(ticker.c.obj)
                0x0000000000007054                ticker_trigger
 .text.ticker_start_ext
                0x0000000000007084       0xac zephyr/subsys/bluetooth/controller/libsubsys__bluetooth__controller.a(ticker.c.obj)
                0x0000000000007084                ticker_start_ext
 .text.ticker_start
                0x0000000000007130       0x38 zephyr/subsys/bluetooth/controller/libsubsys__bluetooth__controller.a(ticker.c.obj)
                0x0000000000007130                ticker_start
 .text.ticker_update_ext
                0x0000000000007168       0xac zephyr/subsys/bluetooth/controller/libsubsys__bluetooth__controller.a(ticker.c.obj)
                0x0000000000007168                ticker_update_ext
 .text.ticker_update
                0x0000000000007214       0x30 zephyr/subsys/bluetooth/controller/libsubsys__bluetooth__controller.a(ticker.c.obj)
                0x0000000000007214                ticker_update
 .text.ticker_stop
                0x0000000000007244       0x84 zephyr/subsys/bluetooth/controller/libsubsys__bluetooth__controller.a(ticker.c.obj)
                0x0000000000007244                ticker_stop
 .text.ticker_ticks_now_get
                0x00000000000072c8        0x4 zephyr/subsys/bluetooth/controller/libsubsys__bluetooth__controller.a(ticker.c.obj)
                0x00000000000072c8                ticker_ticks_now_get
 .text.ll_addr_set
                0x00000000000072cc       0x3c zephyr/subsys/bluetooth/controller/libsubsys__bluetooth__controller.a(ll_addr.c.obj)
                0x00000000000072cc                ll_addr_set
 .text.ll_addr_get
                0x0000000000007308       0x20 zephyr/subsys/bluetooth/controller/libsubsys__bluetooth__controller.a(ll_addr.c.obj)
                0x0000000000007308                ll_addr_get
 .text.ll_addr_read
                0x0000000000007328       0x30 zephyr/subsys/bluetooth/controller/libsubsys__bluetooth__controller.a(ll_addr.c.obj)
                0x0000000000007328                ll_addr_read
 .text.ll_tx_pwr_lvl_get
                0x0000000000007358       0x20 zephyr/subsys/bluetooth/controller/libsubsys__bluetooth__controller.a(ll_tx_pwr.c.obj)
                0x0000000000007358                ll_tx_pwr_lvl_get
 .text.ll_tx_pwr_get
                0x0000000000007378        0x8 zephyr/subsys/bluetooth/controller/libsubsys__bluetooth__controller.a(ll_tx_pwr.c.obj)
                0x0000000000007378                ll_tx_pwr_get
 .text.hci_driver_init
                0x0000000000007380       0x10 zephyr/subsys/bluetooth/controller/libsubsys__bluetooth__controller.a(hci_driver.c.obj)
 .text.hci_driver_send
                0x0000000000007390       0x6c zephyr/subsys/bluetooth/controller/libsubsys__bluetooth__controller.a(hci_driver.c.obj)
 .text.recv_thread
                0x00000000000073fc      0x118 zephyr/subsys/bluetooth/controller/libsubsys__bluetooth__controller.a(hci_driver.c.obj)
 .text.prio_recv_thread
                0x0000000000007514       0xc8 zephyr/subsys/bluetooth/controller/libsubsys__bluetooth__controller.a(hci_driver.c.obj)
 .text.hci_driver_open
                0x00000000000075dc       0x90 zephyr/subsys/bluetooth/controller/libsubsys__bluetooth__controller.a(hci_driver.c.obj)
 .text.le_remote_feat_complete
                0x000000000000766c       0x70 zephyr/subsys/bluetooth/controller/libsubsys__bluetooth__controller.a(hci.c.obj)
 .text.hci_vendor_cmd_handle_common
                0x00000000000076dc      0x180 zephyr/subsys/bluetooth/controller/libsubsys__bluetooth__controller.a(hci.c.obj)
                0x00000000000076dc                hci_vendor_cmd_handle_common
 .text.hci_cmd_handle
                0x000000000000785c      0x97c zephyr/subsys/bluetooth/controller/libsubsys__bluetooth__controller.a(hci.c.obj)
                0x000000000000785c                hci_cmd_handle
 .text.hci_acl_handle
                0x00000000000081d8       0xc8 zephyr/subsys/bluetooth/controller/libsubsys__bluetooth__controller.a(hci.c.obj)
                0x00000000000081d8                hci_acl_handle
 .text.hci_disconn_complete_encode
                0x00000000000082a0       0x40 zephyr/subsys/bluetooth/controller/libsubsys__bluetooth__controller.a(hci.c.obj)
                0x00000000000082a0                hci_disconn_complete_encode
 .text.hci_disconn_complete_process
                0x00000000000082e0       0x10 zephyr/subsys/bluetooth/controller/libsubsys__bluetooth__controller.a(hci.c.obj)
                0x00000000000082e0                hci_disconn_complete_process
 .text.hci_acl_encode
                0x00000000000082f0       0x74 zephyr/subsys/bluetooth/controller/libsubsys__bluetooth__controller.a(hci.c.obj)
                0x00000000000082f0                hci_acl_encode
 .text.hci_evt_encode
                0x0000000000008364      0x5b8 zephyr/subsys/bluetooth/controller/libsubsys__bluetooth__controller.a(hci.c.obj)
                0x0000000000008364                hci_evt_encode
 .text.hci_num_cmplt_encode
                0x000000000000891c       0x30 zephyr/subsys/bluetooth/controller/libsubsys__bluetooth__controller.a(hci.c.obj)
                0x000000000000891c                hci_num_cmplt_encode
 .text.hci_get_class
                0x000000000000894c       0x2c zephyr/subsys/bluetooth/controller/libsubsys__bluetooth__controller.a(hci.c.obj)
                0x000000000000894c                hci_get_class
 .text.hci_init
                0x0000000000008978       0x40 zephyr/subsys/bluetooth/controller/libsubsys__bluetooth__controller.a(hci.c.obj)
                0x0000000000008978                hci_init
 .text.bt_rand  0x00000000000089b8        0x4 zephyr/subsys/bluetooth/controller/libsubsys__bluetooth__controller.a(crypto.c.obj)
                0x00000000000089b8                bt_rand
 .text.bt_encrypt_le
                0x00000000000089bc        0xc zephyr/subsys/bluetooth/controller/libsubsys__bluetooth__controller.a(crypto.c.obj)
                0x00000000000089bc                bt_encrypt_le
 .text.ll_feat_get
                0x00000000000089c8        0xc zephyr/subsys/bluetooth/controller/libsubsys__bluetooth__controller.a(ll_feat.c.obj)
                0x00000000000089c8                ll_feat_get
 .text.perform_lll_reset
                0x00000000000089d4       0x94 zephyr/subsys/bluetooth/controller/libsubsys__bluetooth__controller.a(ull.c.obj)
 .text.ull_ticker_status_give
                0x0000000000008a68        0xc zephyr/subsys/bluetooth/controller/libsubsys__bluetooth__controller.a(ull.c.obj)
                0x0000000000008a68                ull_ticker_status_give
 .text.disabled_cb
                0x0000000000008a74        0x4 zephyr/subsys/bluetooth/controller/libsubsys__bluetooth__controller.a(ull.c.obj)
 .text.tx_cmplt_get
                0x0000000000008a78       0xc0 zephyr/subsys/bluetooth/controller/libsubsys__bluetooth__controller.a(ull.c.obj)
 .text.ull_done
                0x0000000000008b38      0x114 zephyr/subsys/bluetooth/controller/libsubsys__bluetooth__controller.a(ull.c.obj)
 .text.rx_alloc
                0x0000000000008c4c       0xe8 zephyr/subsys/bluetooth/controller/libsubsys__bluetooth__controller.a(ull.c.obj)
 .text.rx_demux
                0x0000000000008d34      0x1d4 zephyr/subsys/bluetooth/controller/libsubsys__bluetooth__controller.a(ull.c.obj)
 .text.ll_rx_get
                0x0000000000008f08      0x1c4 zephyr/subsys/bluetooth/controller/libsubsys__bluetooth__controller.a(ull.c.obj)
                0x0000000000008f08                ll_rx_get
 .text.ll_rx_dequeue
                0x00000000000090cc      0x1a0 zephyr/subsys/bluetooth/controller/libsubsys__bluetooth__controller.a(ull.c.obj)
                0x00000000000090cc                ll_rx_dequeue
 .text.ll_rx_mem_release
                0x000000000000926c      0x18c zephyr/subsys/bluetooth/controller/libsubsys__bluetooth__controller.a(ull.c.obj)
                0x000000000000926c                ll_rx_mem_release
 .text.ll_rx_link_alloc
                0x00000000000093f8        0xc zephyr/subsys/bluetooth/controller/libsubsys__bluetooth__controller.a(ull.c.obj)
                0x00000000000093f8                ll_rx_link_alloc
 .text.ll_rx_link_release
                0x0000000000009404        0xc zephyr/subsys/bluetooth/controller/libsubsys__bluetooth__controller.a(ull.c.obj)
                0x0000000000009404                ll_rx_link_release
 .text.ll_rx_alloc
                0x0000000000009410        0xc zephyr/subsys/bluetooth/controller/libsubsys__bluetooth__controller.a(ull.c.obj)
                0x0000000000009410                ll_rx_alloc
 .text.ll_rx_release
                0x000000000000941c        0xc zephyr/subsys/bluetooth/controller/libsubsys__bluetooth__controller.a(ull.c.obj)
                0x000000000000941c                ll_rx_release
 .text.ll_rx_put
                0x0000000000009428       0x14 zephyr/subsys/bluetooth/controller/libsubsys__bluetooth__controller.a(ull.c.obj)
                0x0000000000009428                ll_rx_put
 .text.ll_rx_sched
                0x000000000000943c        0xc zephyr/subsys/bluetooth/controller/libsubsys__bluetooth__controller.a(ull.c.obj)
                0x000000000000943c                ll_rx_sched
 .text.ll_pdu_rx_alloc_peek
                0x0000000000009448       0x3c zephyr/subsys/bluetooth/controller/libsubsys__bluetooth__controller.a(ull.c.obj)
                0x0000000000009448                ll_pdu_rx_alloc_peek
 .text.ll_pdu_rx_alloc
                0x0000000000009484       0x2c zephyr/subsys/bluetooth/controller/libsubsys__bluetooth__controller.a(ull.c.obj)
                0x0000000000009484                ll_pdu_rx_alloc
 .text.ll_tx_ack_put
                0x00000000000094b0       0x68 zephyr/subsys/bluetooth/controller/libsubsys__bluetooth__controller.a(ull.c.obj)
                0x00000000000094b0                ll_tx_ack_put
 .text.ull_ticker_status_take
                0x0000000000009518       0x50 zephyr/subsys/bluetooth/controller/libsubsys__bluetooth__controller.a(ull.c.obj)
                0x0000000000009518                ull_ticker_status_take
 .text.ull_disable_mark
                0x0000000000009568       0x14 zephyr/subsys/bluetooth/controller/libsubsys__bluetooth__controller.a(ull.c.obj)
                0x0000000000009568                ull_disable_mark
 .text.ull_disable_unmark
                0x000000000000957c       0x18 zephyr/subsys/bluetooth/controller/libsubsys__bluetooth__controller.a(ull.c.obj)
                0x000000000000957c                ull_disable_unmark
 .text.ull_disable_mark_get
                0x0000000000009594        0xc zephyr/subsys/bluetooth/controller/libsubsys__bluetooth__controller.a(ull.c.obj)
                0x0000000000009594                ull_disable_mark_get
 .text.ull_update_mark
                0x00000000000095a0       0x14 zephyr/subsys/bluetooth/controller/libsubsys__bluetooth__controller.a(ull.c.obj)
                0x00000000000095a0                ull_update_mark
 .text.ull_update_unmark
                0x00000000000095b4       0x18 zephyr/subsys/bluetooth/controller/libsubsys__bluetooth__controller.a(ull.c.obj)
                0x00000000000095b4                ull_update_unmark
 .text.ull_update_mark_get
                0x00000000000095cc        0xc zephyr/subsys/bluetooth/controller/libsubsys__bluetooth__controller.a(ull.c.obj)
                0x00000000000095cc                ull_update_mark_get
 .text.ull_disable
                0x00000000000095d8       0x80 zephyr/subsys/bluetooth/controller/libsubsys__bluetooth__controller.a(ull.c.obj)
                0x00000000000095d8                ull_disable
 .text.ull_ticker_stop_with_mark
                0x0000000000009658       0x80 zephyr/subsys/bluetooth/controller/libsubsys__bluetooth__controller.a(ull.c.obj)
                0x0000000000009658                ull_ticker_stop_with_mark
 .text.ull_pdu_rx_alloc_peek
                0x00000000000096d8       0x3c zephyr/subsys/bluetooth/controller/libsubsys__bluetooth__controller.a(ull.c.obj)
                0x00000000000096d8                ull_pdu_rx_alloc_peek
 .text.ull_pdu_rx_alloc
                0x0000000000009714       0x2c zephyr/subsys/bluetooth/controller/libsubsys__bluetooth__controller.a(ull.c.obj)
                0x0000000000009714                ull_pdu_rx_alloc
 .text.ull_rx_put
                0x0000000000009740       0x20 zephyr/subsys/bluetooth/controller/libsubsys__bluetooth__controller.a(ull.c.obj)
                0x0000000000009740                ull_rx_put
 .text.ull_rx_sched
                0x0000000000009760       0x10 zephyr/subsys/bluetooth/controller/libsubsys__bluetooth__controller.a(ull.c.obj)
                0x0000000000009760                ull_rx_sched
 .text.ull_prepare_enqueue
                0x0000000000009770       0x60 zephyr/subsys/bluetooth/controller/libsubsys__bluetooth__controller.a(ull.c.obj)
                0x0000000000009770                ull_prepare_enqueue
 .text.ull_prepare_dequeue_get
                0x00000000000097d0       0x1c zephyr/subsys/bluetooth/controller/libsubsys__bluetooth__controller.a(ull.c.obj)
                0x00000000000097d0                ull_prepare_dequeue_get
 .text.ull_prepare_dequeue_iter
                0x00000000000097ec       0x40 zephyr/subsys/bluetooth/controller/libsubsys__bluetooth__controller.a(ull.c.obj)
                0x00000000000097ec                ull_prepare_dequeue_iter
 .text.ull_prepare_dequeue
                0x000000000000982c       0xa8 zephyr/subsys/bluetooth/controller/libsubsys__bluetooth__controller.a(ull.c.obj)
                0x000000000000982c                ull_prepare_dequeue
 .text.ull_event_done_extra_get
                0x00000000000098d4       0x20 zephyr/subsys/bluetooth/controller/libsubsys__bluetooth__controller.a(ull.c.obj)
                0x00000000000098d4                ull_event_done_extra_get
 .text.ull_event_done
                0x00000000000098f4       0x5c zephyr/subsys/bluetooth/controller/libsubsys__bluetooth__controller.a(ull.c.obj)
                0x00000000000098f4                ull_event_done
 .text.ull_rxfifo_alloc
                0x0000000000009950       0x7c zephyr/subsys/bluetooth/controller/libsubsys__bluetooth__controller.a(ull.c.obj)
                0x0000000000009950                ull_rxfifo_alloc
 .text.init_reset
                0x00000000000099cc      0x130 zephyr/subsys/bluetooth/controller/libsubsys__bluetooth__controller.a(ull.c.obj)
 .text.ll_init  0x0000000000009afc       0xdc zephyr/subsys/bluetooth/controller/libsubsys__bluetooth__controller.a(ull.c.obj)
                0x0000000000009afc                ll_init
 .text.ll_reset
                0x0000000000009bd8      0x120 zephyr/subsys/bluetooth/controller/libsubsys__bluetooth__controller.a(ull.c.obj)
                0x0000000000009bd8                ll_reset
 .text.lll_prepare
                0x0000000000009cf8       0x14 zephyr/subsys/bluetooth/controller/libsubsys__bluetooth__controller.a(lll_common.c.obj)
                0x0000000000009cf8                lll_prepare
 .text.lll_resume
                0x0000000000009d0c       0x4c zephyr/subsys/bluetooth/controller/libsubsys__bluetooth__controller.a(lll_common.c.obj)
                0x0000000000009d0c                lll_resume
 .text.ticker_stop_cb
                0x0000000000009d58       0x88 zephyr/subsys/bluetooth/controller/libsubsys__bluetooth__controller.a(ull_adv.c.obj)
 .text.disabled_cb
                0x0000000000009de0       0x94 zephyr/subsys/bluetooth/controller/libsubsys__bluetooth__controller.a(ull_adv.c.obj)
 .text.ticker_stop_op_cb
                0x0000000000009e74       0x48 zephyr/subsys/bluetooth/controller/libsubsys__bluetooth__controller.a(ull_adv.c.obj)
 .text.adv_disable
                0x0000000000009ebc       0x80 zephyr/subsys/bluetooth/controller/libsubsys__bluetooth__controller.a(ull_adv.c.obj)
 .text.ticker_update_op_cb
                0x0000000000009f3c       0x38 zephyr/subsys/bluetooth/controller/libsubsys__bluetooth__controller.a(ull_adv.c.obj)
 .text.init_set.constprop.0
                0x0000000000009f74       0x54 zephyr/subsys/bluetooth/controller/libsubsys__bluetooth__controller.a(ull_adv.c.obj)
 .text.conn_release.constprop.0
                0x0000000000009fc8       0x84 zephyr/subsys/bluetooth/controller/libsubsys__bluetooth__controller.a(ull_adv.c.obj)
 .text.disable.part.0
                0x000000000000a04c      0x148 zephyr/subsys/bluetooth/controller/libsubsys__bluetooth__controller.a(ull_adv.c.obj)
 .text.adv_time_get.constprop.0.isra.0
                0x000000000000a194       0x70 zephyr/subsys/bluetooth/controller/libsubsys__bluetooth__controller.a(ull_adv.c.obj)
 .text.ticker_cb
                0x000000000000a204      0x134 zephyr/subsys/bluetooth/controller/libsubsys__bluetooth__controller.a(ull_adv.c.obj)
 .text.ll_adv_params_set
                0x000000000000a338      0x1d8 zephyr/subsys/bluetooth/controller/libsubsys__bluetooth__controller.a(ull_adv.c.obj)
                0x000000000000a338                ll_adv_params_set
 .text.ull_adv_init
                0x000000000000a510       0x20 zephyr/subsys/bluetooth/controller/libsubsys__bluetooth__controller.a(ull_adv.c.obj)
                0x000000000000a510                ull_adv_init
 .text.ull_adv_reset
                0x000000000000a530       0x34 zephyr/subsys/bluetooth/controller/libsubsys__bluetooth__controller.a(ull_adv.c.obj)
                0x000000000000a530                ull_adv_reset
 .text.ull_adv_reset_finalize
                0x000000000000a564       0x30 zephyr/subsys/bluetooth/controller/libsubsys__bluetooth__controller.a(ull_adv.c.obj)
                0x000000000000a564                ull_adv_reset_finalize
 .text.ull_adv_handle_get
                0x000000000000a594       0x18 zephyr/subsys/bluetooth/controller/libsubsys__bluetooth__controller.a(ull_adv.c.obj)
                0x000000000000a594                ull_adv_handle_get
 .text.ull_adv_lll_handle_get
                0x000000000000a5ac       0x1c zephyr/subsys/bluetooth/controller/libsubsys__bluetooth__controller.a(ull_adv.c.obj)
                0x000000000000a5ac                ull_adv_lll_handle_get
 .text.ull_adv_is_enabled_get
                0x000000000000a5c8       0x1c zephyr/subsys/bluetooth/controller/libsubsys__bluetooth__controller.a(ull_adv.c.obj)
                0x000000000000a5c8                ull_adv_is_enabled_get
 .text.ull_adv_is_enabled
                0x000000000000a5e4       0x18 zephyr/subsys/bluetooth/controller/libsubsys__bluetooth__controller.a(ull_adv.c.obj)
                0x000000000000a5e4                ull_adv_is_enabled
 .text.ull_adv_filter_pol_get
                0x000000000000a5fc       0x20 zephyr/subsys/bluetooth/controller/libsubsys__bluetooth__controller.a(ull_adv.c.obj)
                0x000000000000a5fc                ull_adv_filter_pol_get
 .text.ull_adv_pdu_update_addrs
                0x000000000000a61c       0x64 zephyr/subsys/bluetooth/controller/libsubsys__bluetooth__controller.a(ull_adv.c.obj)
                0x000000000000a61c                ull_adv_pdu_update_addrs
 .text.ull_adv_data_set
                0x000000000000a680       0xb0 zephyr/subsys/bluetooth/controller/libsubsys__bluetooth__controller.a(ull_adv.c.obj)
                0x000000000000a680                ull_adv_data_set
 .text.ll_adv_data_set
                0x000000000000a730       0x10 zephyr/subsys/bluetooth/controller/libsubsys__bluetooth__controller.a(ull_adv.c.obj)
                0x000000000000a730                ll_adv_data_set
 .text.ull_scan_rsp_set.part.0
                0x000000000000a740       0x84 zephyr/subsys/bluetooth/controller/libsubsys__bluetooth__controller.a(ull_adv.c.obj)
 .text.ll_adv_scan_rsp_set
                0x000000000000a7c4       0x18 zephyr/subsys/bluetooth/controller/libsubsys__bluetooth__controller.a(ull_adv.c.obj)
                0x000000000000a7c4                ll_adv_scan_rsp_set
 .text.init_reset
                0x000000000000a7dc       0x7c zephyr/subsys/bluetooth/controller/libsubsys__bluetooth__controller.a(ull_conn.c.obj)
 .text.ctrl_tx_pause_enqueue
                0x000000000000a858       0xdc zephyr/subsys/bluetooth/controller/libsubsys__bluetooth__controller.a(ull_conn.c.obj)
 .text.tx_lll_flush
                0x000000000000a934       0xf4 zephyr/subsys/bluetooth/controller/libsubsys__bluetooth__controller.a(ull_conn.c.obj)
 .text.ctrl_tx_sec_enqueue
                0x000000000000aa28       0x84 zephyr/subsys/bluetooth/controller/libsubsys__bluetooth__controller.a(ull_conn.c.obj)
 .text.ticker_stop_op_cb
                0x000000000000aaac       0x64 zephyr/subsys/bluetooth/controller/libsubsys__bluetooth__controller.a(ull_conn.c.obj)
 .text.disabled_cb
                0x000000000000ab10       0x40 zephyr/subsys/bluetooth/controller/libsubsys__bluetooth__controller.a(ull_conn.c.obj)
 .text.conn_disable
                0x000000000000ab50       0x80 zephyr/subsys/bluetooth/controller/libsubsys__bluetooth__controller.a(ull_conn.c.obj)
 .text.conn_setup_adv_scan_disabled_cb
                0x000000000000abd0       0x40 zephyr/subsys/bluetooth/controller/libsubsys__bluetooth__controller.a(ull_conn.c.obj)
 .text.ticker_start_conn_op_cb
                0x000000000000ac10       0x58 zephyr/subsys/bluetooth/controller/libsubsys__bluetooth__controller.a(ull_conn.c.obj)
 .text.ticker_stop_conn_op_cb
                0x000000000000ac68       0x58 zephyr/subsys/bluetooth/controller/libsubsys__bluetooth__controller.a(ull_conn.c.obj)
 .text.ticker_update_conn_op_cb
                0x000000000000acc0       0x40 zephyr/subsys/bluetooth/controller/libsubsys__bluetooth__controller.a(ull_conn.c.obj)
 .text.tx_ull_dequeue
                0x000000000000ad00       0x78 zephyr/subsys/bluetooth/controller/libsubsys__bluetooth__controller.a(ull_conn.c.obj)
 .text.reject_ext_ind_send
                0x000000000000ad78       0xcc zephyr/subsys/bluetooth/controller/libsubsys__bluetooth__controller.a(ull_conn.c.obj)
 .text.event_len_prep
                0x000000000000ae44      0x1ec zephyr/subsys/bluetooth/controller/libsubsys__bluetooth__controller.a(ull_conn.c.obj)
 .text.event_phy_upd_ind_prep
                0x000000000000b030      0x3c8 zephyr/subsys/bluetooth/controller/libsubsys__bluetooth__controller.a(ull_conn.c.obj)
 .text.ll_conn_acquire
                0x000000000000b3f8        0xc zephyr/subsys/bluetooth/controller/libsubsys__bluetooth__controller.a(ull_conn.c.obj)
                0x000000000000b3f8                ll_conn_acquire
 .text.ll_conn_release
                0x000000000000b404        0xc zephyr/subsys/bluetooth/controller/libsubsys__bluetooth__controller.a(ull_conn.c.obj)
                0x000000000000b404                ll_conn_release
 .text.ll_conn_handle_get
                0x000000000000b410       0x10 zephyr/subsys/bluetooth/controller/libsubsys__bluetooth__controller.a(ull_conn.c.obj)
                0x000000000000b410                ll_conn_handle_get
 .text.ll_conn_get
                0x000000000000b420       0x10 zephyr/subsys/bluetooth/controller/libsubsys__bluetooth__controller.a(ull_conn.c.obj)
                0x000000000000b420                ll_conn_get
 .text.ll_connected_get
                0x000000000000b430       0x24 zephyr/subsys/bluetooth/controller/libsubsys__bluetooth__controller.a(ull_conn.c.obj)
                0x000000000000b430                ll_connected_get
 .text.ll_tx_mem_acquire
                0x000000000000b454        0xc zephyr/subsys/bluetooth/controller/libsubsys__bluetooth__controller.a(ull_conn.c.obj)
                0x000000000000b454                ll_tx_mem_acquire
 .text.ll_tx_mem_release
                0x000000000000b460        0xc zephyr/subsys/bluetooth/controller/libsubsys__bluetooth__controller.a(ull_conn.c.obj)
                0x000000000000b460                ll_tx_mem_release
 .text.ll_tx_mem_enqueue
                0x000000000000b46c       0x98 zephyr/subsys/bluetooth/controller/libsubsys__bluetooth__controller.a(ull_conn.c.obj)
                0x000000000000b46c                ll_tx_mem_enqueue
 .text.ll_conn_update
                0x000000000000b504      0x128 zephyr/subsys/bluetooth/controller/libsubsys__bluetooth__controller.a(ull_conn.c.obj)
                0x000000000000b504                ll_conn_update
 .text.ll_chm_get
                0x000000000000b62c       0x40 zephyr/subsys/bluetooth/controller/libsubsys__bluetooth__controller.a(ull_conn.c.obj)
                0x000000000000b62c                ll_chm_get
 .text.ll_terminate_ind_send
                0x000000000000b66c       0x94 zephyr/subsys/bluetooth/controller/libsubsys__bluetooth__controller.a(ull_conn.c.obj)
                0x000000000000b66c                ll_terminate_ind_send
 .text.ll_feature_req_send
                0x000000000000b700       0x4c zephyr/subsys/bluetooth/controller/libsubsys__bluetooth__controller.a(ull_conn.c.obj)
                0x000000000000b700                ll_feature_req_send
 .text.ll_version_ind_send
                0x000000000000b74c       0x4c zephyr/subsys/bluetooth/controller/libsubsys__bluetooth__controller.a(ull_conn.c.obj)
                0x000000000000b74c                ll_version_ind_send
 .text.ll_length_req_send
                0x000000000000b798       0xa8 zephyr/subsys/bluetooth/controller/libsubsys__bluetooth__controller.a(ull_conn.c.obj)
                0x000000000000b798                ll_length_req_send
 .text.ll_length_default_get
                0x000000000000b840       0x18 zephyr/subsys/bluetooth/controller/libsubsys__bluetooth__controller.a(ull_conn.c.obj)
                0x000000000000b840                ll_length_default_get
 .text.ll_length_default_set
                0x000000000000b858       0x14 zephyr/subsys/bluetooth/controller/libsubsys__bluetooth__controller.a(ull_conn.c.obj)
                0x000000000000b858                ll_length_default_set
 .text.ll_length_max_get
                0x000000000000b86c       0x18 zephyr/subsys/bluetooth/controller/libsubsys__bluetooth__controller.a(ull_conn.c.obj)
                0x000000000000b86c                ll_length_max_get
 .text.ll_phy_get
                0x000000000000b884       0x3c zephyr/subsys/bluetooth/controller/libsubsys__bluetooth__controller.a(ull_conn.c.obj)
                0x000000000000b884                ll_phy_get
 .text.ll_phy_default_set
                0x000000000000b8c0       0x14 zephyr/subsys/bluetooth/controller/libsubsys__bluetooth__controller.a(ull_conn.c.obj)
                0x000000000000b8c0                ll_phy_default_set
 .text.ll_phy_req_send
                0x000000000000b8d4       0xa4 zephyr/subsys/bluetooth/controller/libsubsys__bluetooth__controller.a(ull_conn.c.obj)
                0x000000000000b8d4                ll_phy_req_send
 .text.ll_apto_get
                0x000000000000b978       0x48 zephyr/subsys/bluetooth/controller/libsubsys__bluetooth__controller.a(ull_conn.c.obj)
                0x000000000000b978                ll_apto_get
 .text.ll_apto_set
                0x000000000000b9c0       0x44 zephyr/subsys/bluetooth/controller/libsubsys__bluetooth__controller.a(ull_conn.c.obj)
                0x000000000000b9c0                ll_apto_set
 .text.ull_conn_init
                0x000000000000ba04        0x4 zephyr/subsys/bluetooth/controller/libsubsys__bluetooth__controller.a(ull_conn.c.obj)
                0x000000000000ba04                ull_conn_init
 .text.ull_conn_reset
                0x000000000000ba08       0x7c zephyr/subsys/bluetooth/controller/libsubsys__bluetooth__controller.a(ull_conn.c.obj)
                0x000000000000ba08                ull_conn_reset
 .text.ull_conn_default_tx_octets_get
                0x000000000000ba84        0xc zephyr/subsys/bluetooth/controller/libsubsys__bluetooth__controller.a(ull_conn.c.obj)
                0x000000000000ba84                ull_conn_default_tx_octets_get
 .text.ull_conn_default_tx_time_get
                0x000000000000ba90        0xc zephyr/subsys/bluetooth/controller/libsubsys__bluetooth__controller.a(ull_conn.c.obj)
                0x000000000000ba90                ull_conn_default_tx_time_get
 .text.ull_conn_default_phy_tx_get
                0x000000000000ba9c        0xc zephyr/subsys/bluetooth/controller/libsubsys__bluetooth__controller.a(ull_conn.c.obj)
                0x000000000000ba9c                ull_conn_default_phy_tx_get
 .text.ull_conn_default_phy_rx_get
                0x000000000000baa8        0xc zephyr/subsys/bluetooth/controller/libsubsys__bluetooth__controller.a(ull_conn.c.obj)
                0x000000000000baa8                ull_conn_default_phy_rx_get
 .text.ull_conn_setup
                0x000000000000bab4       0x50 zephyr/subsys/bluetooth/controller/libsubsys__bluetooth__controller.a(ull_conn.c.obj)
                0x000000000000bab4                ull_conn_setup
 .text.ull_conn_rx
                0x000000000000bb04     0x173c zephyr/subsys/bluetooth/controller/libsubsys__bluetooth__controller.a(ull_conn.c.obj)
                0x000000000000bb04                ull_conn_rx
 .text.ull_conn_llcp
                0x000000000000d240     0x1510 zephyr/subsys/bluetooth/controller/libsubsys__bluetooth__controller.a(ull_conn.c.obj)
                0x000000000000d240                ull_conn_llcp
 .text.ull_conn_tx_demux
                0x000000000000e750       0xa0 zephyr/subsys/bluetooth/controller/libsubsys__bluetooth__controller.a(ull_conn.c.obj)
                0x000000000000e750                ull_conn_tx_demux
 .text.conn_cleanup_finalize
                0x000000000000e7f0       0xe4 zephyr/subsys/bluetooth/controller/libsubsys__bluetooth__controller.a(ull_conn.c.obj)
 .text.ull_conn_done
                0x000000000000e8d4      0x36c zephyr/subsys/bluetooth/controller/libsubsys__bluetooth__controller.a(ull_conn.c.obj)
                0x000000000000e8d4                ull_conn_done
 .text.ull_conn_tx_lll_enqueue
                0x000000000000ec40      0x198 zephyr/subsys/bluetooth/controller/libsubsys__bluetooth__controller.a(ull_conn.c.obj)
                0x000000000000ec40                ull_conn_tx_lll_enqueue
 .text.tx_demux
                0x000000000000edd8       0x18 zephyr/subsys/bluetooth/controller/libsubsys__bluetooth__controller.a(ull_conn.c.obj)
 .text.ull_conn_link_tx_release
                0x000000000000edf0        0xc zephyr/subsys/bluetooth/controller/libsubsys__bluetooth__controller.a(ull_conn.c.obj)
                0x000000000000edf0                ull_conn_link_tx_release
 .text.ull_conn_ack_last_idx_get
                0x000000000000edfc        0xc zephyr/subsys/bluetooth/controller/libsubsys__bluetooth__controller.a(ull_conn.c.obj)
                0x000000000000edfc                ull_conn_ack_last_idx_get
 .text.ull_conn_ack_peek
                0x000000000000ee08       0x38 zephyr/subsys/bluetooth/controller/libsubsys__bluetooth__controller.a(ull_conn.c.obj)
                0x000000000000ee08                ull_conn_ack_peek
 .text.ull_conn_ack_by_last_peek
                0x000000000000ee40       0x34 zephyr/subsys/bluetooth/controller/libsubsys__bluetooth__controller.a(ull_conn.c.obj)
                0x000000000000ee40                ull_conn_ack_by_last_peek
 .text.ull_conn_ack_dequeue
                0x000000000000ee74       0x2c zephyr/subsys/bluetooth/controller/libsubsys__bluetooth__controller.a(ull_conn.c.obj)
                0x000000000000ee74                ull_conn_ack_dequeue
 .text.ull_conn_lll_ack_enqueue
                0x000000000000eea0       0x68 zephyr/subsys/bluetooth/controller/libsubsys__bluetooth__controller.a(ull_conn.c.obj)
                0x000000000000eea0                ull_conn_lll_ack_enqueue
 .text.ull_conn_tx_ack
                0x000000000000ef08      0x278 zephyr/subsys/bluetooth/controller/libsubsys__bluetooth__controller.a(ull_conn.c.obj)
                0x000000000000ef08                ull_conn_tx_ack
 .text.ull_conn_lll_max_tx_octets_get
                0x000000000000f180       0x34 zephyr/subsys/bluetooth/controller/libsubsys__bluetooth__controller.a(ull_conn.c.obj)
                0x000000000000f180                ull_conn_lll_max_tx_octets_get
 .text.ticker_update_latency_cancel_op_cb
                0x000000000000f1b4       0x48 zephyr/subsys/bluetooth/controller/libsubsys__bluetooth__controller.a(ull_peripheral.c.obj)
 .text.ticker_op_cb
                0x000000000000f1fc       0x30 zephyr/subsys/bluetooth/controller/libsubsys__bluetooth__controller.a(ull_peripheral.c.obj)
 .text.ticker_op_stop_adv_cb
                0x000000000000f22c       0x3c zephyr/subsys/bluetooth/controller/libsubsys__bluetooth__controller.a(ull_peripheral.c.obj)
 .text.ull_periph_ticker_cb
                0x000000000000f268       0xb8 zephyr/subsys/bluetooth/controller/libsubsys__bluetooth__controller.a(ull_peripheral.c.obj)
                0x000000000000f268                ull_periph_ticker_cb
 .text.ull_periph_latency_cancel
                0x000000000000f320       0x70 zephyr/subsys/bluetooth/controller/libsubsys__bluetooth__controller.a(ull_peripheral.c.obj)
                0x000000000000f320                ull_periph_latency_cancel
 .text.ll_start_enc_req_send
                0x000000000000f390       0x94 zephyr/subsys/bluetooth/controller/libsubsys__bluetooth__controller.a(ull_peripheral.c.obj)
                0x000000000000f390                ll_start_enc_req_send
 .text.lll_chan_sel_1
                0x000000000000f424       0x80 zephyr/subsys/bluetooth/controller/libsubsys__bluetooth__controller.a(lll_chan.c.obj)
                0x000000000000f424                lll_chan_sel_1
 .text.lll_chan_id
                0x000000000000f4a4        0x8 zephyr/subsys/bluetooth/controller/libsubsys__bluetooth__controller.a(lll_chan.c.obj)
                0x000000000000f4a4                lll_chan_id
 .text.lll_chan_sel_2
                0x000000000000f4ac       0xcc zephyr/subsys/bluetooth/controller/libsubsys__bluetooth__controller.a(lll_chan.c.obj)
                0x000000000000f4ac                lll_chan_sel_2
 .text.rl_update
                0x000000000000f578       0x70 zephyr/subsys/bluetooth/controller/libsubsys__bluetooth__controller.a(ull_filter.c.obj)
 .text.fal_update
                0x000000000000f5e8       0x98 zephyr/subsys/bluetooth/controller/libsubsys__bluetooth__controller.a(ull_filter.c.obj)
 .text.ll_fal_size_get
                0x000000000000f680        0x4 zephyr/subsys/bluetooth/controller/libsubsys__bluetooth__controller.a(ull_filter.c.obj)
                0x000000000000f680                ll_fal_size_get
 .text.ll_fal_clear
                0x000000000000f684       0x4c zephyr/subsys/bluetooth/controller/libsubsys__bluetooth__controller.a(ull_filter.c.obj)
                0x000000000000f684                ll_fal_clear
 .text.ll_fal_add
                0x000000000000f6d0      0x130 zephyr/subsys/bluetooth/controller/libsubsys__bluetooth__controller.a(ull_filter.c.obj)
                0x000000000000f6d0                ll_fal_add
 .text.ll_fal_remove
                0x000000000000f800       0x8c zephyr/subsys/bluetooth/controller/libsubsys__bluetooth__controller.a(ull_filter.c.obj)
                0x000000000000f800                ll_fal_remove
 .text.ll_rl_id_addr_get
                0x000000000000f88c       0x8c zephyr/subsys/bluetooth/controller/libsubsys__bluetooth__controller.a(ull_filter.c.obj)
                0x000000000000f88c                ll_rl_id_addr_get
 .text.ll_rl_size_get
                0x000000000000f918        0x4 zephyr/subsys/bluetooth/controller/libsubsys__bluetooth__controller.a(ull_filter.c.obj)
                0x000000000000f918                ll_rl_size_get
 .text.ll_rl_clear
                0x000000000000f91c       0x7c zephyr/subsys/bluetooth/controller/libsubsys__bluetooth__controller.a(ull_filter.c.obj)
                0x000000000000f91c                ll_rl_clear
 .text.ll_rl_remove
                0x000000000000f998      0x168 zephyr/subsys/bluetooth/controller/libsubsys__bluetooth__controller.a(ull_filter.c.obj)
                0x000000000000f998                ll_rl_remove
 .text.ll_rl_crpa_set
                0x000000000000fb00       0x8c zephyr/subsys/bluetooth/controller/libsubsys__bluetooth__controller.a(ull_filter.c.obj)
                0x000000000000fb00                ll_rl_crpa_set
 .text.ll_rl_crpa_get
                0x000000000000fb8c       0x74 zephyr/subsys/bluetooth/controller/libsubsys__bluetooth__controller.a(ull_filter.c.obj)
                0x000000000000fb8c                ll_rl_crpa_get
 .text.ll_rl_lrpa_get
                0x000000000000fc00       0x64 zephyr/subsys/bluetooth/controller/libsubsys__bluetooth__controller.a(ull_filter.c.obj)
                0x000000000000fc00                ll_rl_lrpa_get
 .text.ll_rl_enable
                0x000000000000fc64       0x2c zephyr/subsys/bluetooth/controller/libsubsys__bluetooth__controller.a(ull_filter.c.obj)
                0x000000000000fc64                ll_rl_enable
 .text.ll_rl_timeout_set
                0x000000000000fc90       0x14 zephyr/subsys/bluetooth/controller/libsubsys__bluetooth__controller.a(ull_filter.c.obj)
                0x000000000000fc90                ll_rl_timeout_set
 .text.ll_priv_mode_set
                0x000000000000fca4       0x8c zephyr/subsys/bluetooth/controller/libsubsys__bluetooth__controller.a(ull_filter.c.obj)
                0x000000000000fca4                ll_priv_mode_set
 .text.ull_filter_reset
                0x000000000000fd30       0xe8 zephyr/subsys/bluetooth/controller/libsubsys__bluetooth__controller.a(ull_filter.c.obj)
                0x000000000000fd30                ull_filter_reset
 .text.ull_filter_lll_get
                0x000000000000fe18       0x18 zephyr/subsys/bluetooth/controller/libsubsys__bluetooth__controller.a(ull_filter.c.obj)
                0x000000000000fe18                ull_filter_lll_get
 .text.ull_filter_adv_scan_state_cb
                0x000000000000fe30       0x3c zephyr/subsys/bluetooth/controller/libsubsys__bluetooth__controller.a(ull_filter.c.obj)
                0x000000000000fe30                ull_filter_adv_scan_state_cb
 .text.ull_filter_adv_update
                0x000000000000fe6c       0x34 zephyr/subsys/bluetooth/controller/libsubsys__bluetooth__controller.a(ull_filter.c.obj)
                0x000000000000fe6c                ull_filter_adv_update
 .text.ull_filter_rpa_update
                0x000000000000fea0      0x1dc zephyr/subsys/bluetooth/controller/libsubsys__bluetooth__controller.a(ull_filter.c.obj)
                0x000000000000fea0                ull_filter_rpa_update
 .text.rpa_timeout
                0x000000000001007c       0x3c zephyr/subsys/bluetooth/controller/libsubsys__bluetooth__controller.a(ull_filter.c.obj)
 .text.ull_filter_adva_get
                0x00000000000100b8       0x5c zephyr/subsys/bluetooth/controller/libsubsys__bluetooth__controller.a(ull_filter.c.obj)
                0x00000000000100b8                ull_filter_adva_get
 .text.ull_filter_tgta_get
                0x0000000000010114       0x24 zephyr/subsys/bluetooth/controller/libsubsys__bluetooth__controller.a(ull_filter.c.obj)
                0x0000000000010114                ull_filter_tgta_get
 .text.ull_filter_rl_find
                0x0000000000010138       0x80 zephyr/subsys/bluetooth/controller/libsubsys__bluetooth__controller.a(ull_filter.c.obj)
                0x0000000000010138                ull_filter_rl_find
 .text.ll_rl_add
                0x00000000000101b8      0x1b4 zephyr/subsys/bluetooth/controller/libsubsys__bluetooth__controller.a(ull_filter.c.obj)
                0x00000000000101b8                ll_rl_add
 .text.ull_filter_lll_lrpa_used
                0x000000000001036c       0x1c zephyr/subsys/bluetooth/controller/libsubsys__bluetooth__controller.a(ull_filter.c.obj)
                0x000000000001036c                ull_filter_lll_lrpa_used
 .text.ull_filter_lll_irks_get
                0x0000000000010388       0x14 zephyr/subsys/bluetooth/controller/libsubsys__bluetooth__controller.a(ull_filter.c.obj)
                0x0000000000010388                ull_filter_lll_irks_get
 .text.ull_filter_lll_rl_irk_idx
                0x000000000001039c       0xa4 zephyr/subsys/bluetooth/controller/libsubsys__bluetooth__controller.a(ull_filter.c.obj)
                0x000000000001039c                ull_filter_lll_rl_irk_idx
 .text.ull_filter_lll_irk_in_fal
                0x0000000000010440       0x60 zephyr/subsys/bluetooth/controller/libsubsys__bluetooth__controller.a(ull_filter.c.obj)
                0x0000000000010440                ull_filter_lll_irk_in_fal
 .text.ull_filter_lll_rl_addr_allowed
                0x00000000000104a0       0x74 zephyr/subsys/bluetooth/controller/libsubsys__bluetooth__controller.a(ull_filter.c.obj)
                0x00000000000104a0                ull_filter_lll_rl_addr_allowed
 .text.ull_filter_lll_rl_enabled
                0x0000000000010514       0x10 zephyr/subsys/bluetooth/controller/libsubsys__bluetooth__controller.a(ull_filter.c.obj)
                0x0000000000010514                ull_filter_lll_rl_enabled
 .text.radio_nrf5_isr
                0x0000000000010524       0x20 zephyr/subsys/bluetooth/controller/libsubsys__bluetooth__controller.a(lll.c.obj)
                0x0000000000010524                radio_nrf5_isr
 .text.rtc0_nrf5_isr
                0x0000000000010544       0x2c zephyr/subsys/bluetooth/controller/libsubsys__bluetooth__controller.a(lll.c.obj)
 .text.swi_lll_nrf5_isr
                0x0000000000010570        0x8 zephyr/subsys/bluetooth/controller/libsubsys__bluetooth__controller.a(lll.c.obj)
 .text.ticker_stop_op_cb
                0x0000000000010578       0x58 zephyr/subsys/bluetooth/controller/libsubsys__bluetooth__controller.a(lll.c.obj)
 .text.ticker_start_op_cb
                0x00000000000105d0       0xa4 zephyr/subsys/bluetooth/controller/libsubsys__bluetooth__controller.a(lll.c.obj)
 .text.isr_race
                0x0000000000010674        0x4 zephyr/subsys/bluetooth/controller/libsubsys__bluetooth__controller.a(lll.c.obj)
 .text.preempt_ticker_cb
                0x0000000000010678       0x80 zephyr/subsys/bluetooth/controller/libsubsys__bluetooth__controller.a(lll.c.obj)
 .text.preempt_ticker_stop
                0x00000000000106f8       0x80 zephyr/subsys/bluetooth/controller/libsubsys__bluetooth__controller.a(lll.c.obj)
 .text.preempt_ticker_start
                0x0000000000010778       0xd4 zephyr/subsys/bluetooth/controller/libsubsys__bluetooth__controller.a(lll.c.obj)
 .text.preempt  0x000000000001084c      0x148 zephyr/subsys/bluetooth/controller/libsubsys__bluetooth__controller.a(lll.c.obj)
 .text.lll_init
                0x0000000000010994       0x68 zephyr/subsys/bluetooth/controller/libsubsys__bluetooth__controller.a(lll.c.obj)
                0x0000000000010994                lll_init
 .text.lll_csrand_get
                0x00000000000109fc       0x1c zephyr/subsys/bluetooth/controller/libsubsys__bluetooth__controller.a(lll.c.obj)
                0x00000000000109fc                lll_csrand_get
 .text.lll_csrand_isr_get
                0x0000000000010a18       0x28 zephyr/subsys/bluetooth/controller/libsubsys__bluetooth__controller.a(lll.c.obj)
                0x0000000000010a18                lll_csrand_isr_get
 .text.lll_rand_isr_get
                0x0000000000010a40       0x28 zephyr/subsys/bluetooth/controller/libsubsys__bluetooth__controller.a(lll.c.obj)
                0x0000000000010a40                lll_rand_isr_get
 .text.lll_reset
                0x0000000000010a68        0x4 zephyr/subsys/bluetooth/controller/libsubsys__bluetooth__controller.a(lll.c.obj)
                0x0000000000010a68                lll_reset
 .text.lll_disable
                0x0000000000010a6c       0xa8 zephyr/subsys/bluetooth/controller/libsubsys__bluetooth__controller.a(lll.c.obj)
                0x0000000000010a6c                lll_disable
 .text.lll_prepare_done
                0x0000000000010b14        0x4 zephyr/subsys/bluetooth/controller/libsubsys__bluetooth__controller.a(lll.c.obj)
                0x0000000000010b14                lll_prepare_done
 .text.lll_done
                0x0000000000010b18       0xa4 zephyr/subsys/bluetooth/controller/libsubsys__bluetooth__controller.a(lll.c.obj)
                0x0000000000010b18                lll_done
 .text.lll_is_abort_cb
                0x0000000000010bbc        0x8 zephyr/subsys/bluetooth/controller/libsubsys__bluetooth__controller.a(lll.c.obj)
                0x0000000000010bbc                lll_is_abort_cb
 .text.lll_event_offset_get
                0x0000000000010bc4       0x1c zephyr/subsys/bluetooth/controller/libsubsys__bluetooth__controller.a(lll.c.obj)
                0x0000000000010bc4                lll_event_offset_get
 .text.lll_preempt_calc
                0x0000000000010be0       0x20 zephyr/subsys/bluetooth/controller/libsubsys__bluetooth__controller.a(lll.c.obj)
                0x0000000000010be0                lll_preempt_calc
 .text.lll_chan_set
                0x0000000000010c00       0x84 zephyr/subsys/bluetooth/controller/libsubsys__bluetooth__controller.a(lll.c.obj)
                0x0000000000010c00                lll_chan_set
 .text.lll_radio_rx_ready_delay_get
                0x0000000000010c84        0x4 zephyr/subsys/bluetooth/controller/libsubsys__bluetooth__controller.a(lll.c.obj)
                0x0000000000010c84                lll_radio_rx_ready_delay_get
 .text.lll_isr_tx_status_reset
                0x0000000000010c88       0x10 zephyr/subsys/bluetooth/controller/libsubsys__bluetooth__controller.a(lll.c.obj)
                0x0000000000010c88                lll_isr_tx_status_reset
 .text.lll_isr_rx_status_reset
                0x0000000000010c98       0x14 zephyr/subsys/bluetooth/controller/libsubsys__bluetooth__controller.a(lll.c.obj)
                0x0000000000010c98                lll_isr_rx_status_reset
 .text.lll_isr_status_reset
                0x0000000000010cac       0x1c zephyr/subsys/bluetooth/controller/libsubsys__bluetooth__controller.a(lll.c.obj)
                0x0000000000010cac                lll_isr_status_reset
 .text.lll_isr_cleanup
                0x0000000000010cc8       0x6c zephyr/subsys/bluetooth/controller/libsubsys__bluetooth__controller.a(lll.c.obj)
                0x0000000000010cc8                lll_isr_cleanup
 .text.lll_isr_abort
                0x0000000000010d34       0x24 zephyr/subsys/bluetooth/controller/libsubsys__bluetooth__controller.a(lll.c.obj)
                0x0000000000010d34                lll_isr_abort
 .text.lll_isr_early_abort
                0x0000000000010d58       0x64 zephyr/subsys/bluetooth/controller/libsubsys__bluetooth__controller.a(lll.c.obj)
                0x0000000000010d58                lll_isr_early_abort
 .text.lll_prepare_resolve
                0x0000000000010dbc      0x188 zephyr/subsys/bluetooth/controller/libsubsys__bluetooth__controller.a(lll.c.obj)
                0x0000000000010dbc                lll_prepare_resolve
 .text.clock_ready
                0x0000000000010f44        0x8 zephyr/subsys/bluetooth/controller/libsubsys__bluetooth__controller.a(lll_clock.c.obj)
 .text.blocking_on
                0x0000000000010f4c       0x54 zephyr/subsys/bluetooth/controller/libsubsys__bluetooth__controller.a(lll_clock.c.obj)
 .text.lll_clock_init
                0x0000000000010fa0       0x20 zephyr/subsys/bluetooth/controller/libsubsys__bluetooth__controller.a(lll_clock.c.obj)
                0x0000000000010fa0                lll_clock_init
 .text.lll_clock_wait
                0x0000000000010fc0       0x38 zephyr/subsys/bluetooth/controller/libsubsys__bluetooth__controller.a(lll_clock.c.obj)
                0x0000000000010fc0                lll_clock_wait
 .text.lll_hfclock_on
                0x0000000000010ff8       0x30 zephyr/subsys/bluetooth/controller/libsubsys__bluetooth__controller.a(lll_clock.c.obj)
                0x0000000000010ff8                lll_hfclock_on
 .text.lll_hfclock_off
                0x0000000000011028       0x3c zephyr/subsys/bluetooth/controller/libsubsys__bluetooth__controller.a(lll_clock.c.obj)
                0x0000000000011028                lll_hfclock_off
 .text.lll_clock_ppm_local_get
                0x0000000000011064        0x4 zephyr/subsys/bluetooth/controller/libsubsys__bluetooth__controller.a(lll_clock.c.obj)
                0x0000000000011064                lll_clock_ppm_local_get
 .text.lll_clock_ppm_get
                0x0000000000011068        0xc zephyr/subsys/bluetooth/controller/libsubsys__bluetooth__controller.a(lll_clock.c.obj)
                0x0000000000011068                lll_clock_ppm_get
 .text.isr_abort
                0x0000000000011074       0x18 zephyr/subsys/bluetooth/controller/libsubsys__bluetooth__controller.a(lll_adv.c.obj)
 .text.isr_tx   0x000000000001108c       0xe0 zephyr/subsys/bluetooth/controller/libsubsys__bluetooth__controller.a(lll_adv.c.obj)
 .text.is_abort_cb
                0x000000000001116c       0x70 zephyr/subsys/bluetooth/controller/libsubsys__bluetooth__controller.a(lll_adv.c.obj)
 .text.abort_cb
                0x00000000000111dc       0x5c zephyr/subsys/bluetooth/controller/libsubsys__bluetooth__controller.a(lll_adv.c.obj)
 .text.lll_adv_init
                0x0000000000011238       0x30 zephyr/subsys/bluetooth/controller/libsubsys__bluetooth__controller.a(lll_adv.c.obj)
                0x0000000000011238                lll_adv_init
 .text.lll_adv_reset
                0x0000000000011268       0x30 zephyr/subsys/bluetooth/controller/libsubsys__bluetooth__controller.a(lll_adv.c.obj)
                0x0000000000011268                lll_adv_reset
 .text.lll_adv_data_init
                0x0000000000011298       0x20 zephyr/subsys/bluetooth/controller/libsubsys__bluetooth__controller.a(lll_adv.c.obj)
                0x0000000000011298                lll_adv_data_init
 .text.lll_adv_data_reset
                0x00000000000112b8        0xc zephyr/subsys/bluetooth/controller/libsubsys__bluetooth__controller.a(lll_adv.c.obj)
                0x00000000000112b8                lll_adv_data_reset
 .text.lll_adv_pdu_alloc_pdu_adv
                0x00000000000112c4       0xf4 zephyr/subsys/bluetooth/controller/libsubsys__bluetooth__controller.a(lll_adv.c.obj)
                0x00000000000112c4                lll_adv_pdu_alloc_pdu_adv
 .text.lll_adv_pdu_alloc
                0x00000000000113b8       0x44 zephyr/subsys/bluetooth/controller/libsubsys__bluetooth__controller.a(lll_adv.c.obj)
                0x00000000000113b8                lll_adv_pdu_alloc
 .text.lll_adv_pdu_latest_get
                0x00000000000113fc       0x70 zephyr/subsys/bluetooth/controller/libsubsys__bluetooth__controller.a(lll_adv.c.obj)
                0x00000000000113fc                lll_adv_pdu_latest_get
 .text.chan_prepare.isra.0
                0x000000000001146c      0x120 zephyr/subsys/bluetooth/controller/libsubsys__bluetooth__controller.a(lll_adv.c.obj)
 .text.isr_done
                0x000000000001158c       0x50 zephyr/subsys/bluetooth/controller/libsubsys__bluetooth__controller.a(lll_adv.c.obj)
 .text.prepare_cb
                0x00000000000115dc      0x11c zephyr/subsys/bluetooth/controller/libsubsys__bluetooth__controller.a(lll_adv.c.obj)
 .text.resume_prepare_cb
                0x00000000000116f8       0x28 zephyr/subsys/bluetooth/controller/libsubsys__bluetooth__controller.a(lll_adv.c.obj)
 .text.lll_adv_prepare
                0x0000000000011720       0x7c zephyr/subsys/bluetooth/controller/libsubsys__bluetooth__controller.a(lll_adv.c.obj)
                0x0000000000011720                lll_adv_prepare
 .text.lll_adv_scan_req_check
                0x000000000001179c       0x70 zephyr/subsys/bluetooth/controller/libsubsys__bluetooth__controller.a(lll_adv.c.obj)
                0x000000000001179c                lll_adv_scan_req_check
 .text.lll_adv_connect_ind_check
                0x000000000001180c       0xd0 zephyr/subsys/bluetooth/controller/libsubsys__bluetooth__controller.a(lll_adv.c.obj)
                0x000000000001180c                lll_adv_connect_ind_check
 .text.isr_rx   0x00000000000118dc      0x220 zephyr/subsys/bluetooth/controller/libsubsys__bluetooth__controller.a(lll_adv.c.obj)
 .text.isr_done
                0x0000000000011afc       0xb4 zephyr/subsys/bluetooth/controller/libsubsys__bluetooth__controller.a(lll_conn.c.obj)
 .text.lll_conn_init
                0x0000000000011bb0       0x18 zephyr/subsys/bluetooth/controller/libsubsys__bluetooth__controller.a(lll_conn.c.obj)
                0x0000000000011bb0                lll_conn_init
 .text.lll_conn_reset
                0x0000000000011bc8        0x4 zephyr/subsys/bluetooth/controller/libsubsys__bluetooth__controller.a(lll_conn.c.obj)
                0x0000000000011bc8                lll_conn_reset
 .text.lll_conn_flush
                0x0000000000011bcc        0x4 zephyr/subsys/bluetooth/controller/libsubsys__bluetooth__controller.a(lll_conn.c.obj)
                0x0000000000011bcc                lll_conn_flush
 .text.lll_conn_prepare_reset
                0x0000000000011bd0       0x28 zephyr/subsys/bluetooth/controller/libsubsys__bluetooth__controller.a(lll_conn.c.obj)
                0x0000000000011bd0                lll_conn_prepare_reset
 .text.lll_conn_abort_cb
                0x0000000000011bf8       0x60 zephyr/subsys/bluetooth/controller/libsubsys__bluetooth__controller.a(lll_conn.c.obj)
                0x0000000000011bf8                lll_conn_abort_cb
 .text.lll_conn_rx_pkt_set
                0x0000000000011c58       0x8c zephyr/subsys/bluetooth/controller/libsubsys__bluetooth__controller.a(lll_conn.c.obj)
                0x0000000000011c58                lll_conn_rx_pkt_set
 .text.lll_conn_isr_tx
                0x0000000000011ce4       0xb8 zephyr/subsys/bluetooth/controller/libsubsys__bluetooth__controller.a(lll_conn.c.obj)
                0x0000000000011ce4                lll_conn_isr_tx
 .text.lll_conn_tx_pkt_set
                0x0000000000011d9c       0x58 zephyr/subsys/bluetooth/controller/libsubsys__bluetooth__controller.a(lll_conn.c.obj)
                0x0000000000011d9c                lll_conn_tx_pkt_set
 .text.lll_conn_pdu_tx_prep
                0x0000000000011df4       0xe0 zephyr/subsys/bluetooth/controller/libsubsys__bluetooth__controller.a(lll_conn.c.obj)
                0x0000000000011df4                lll_conn_pdu_tx_prep
 .text.lll_conn_isr_rx
                0x0000000000011ed4      0x3e0 zephyr/subsys/bluetooth/controller/libsubsys__bluetooth__controller.a(lll_conn.c.obj)
                0x0000000000011ed4                lll_conn_isr_rx
 .text.prepare_cb
                0x00000000000122b4      0x1dc zephyr/subsys/bluetooth/controller/libsubsys__bluetooth__controller.a(lll_peripheral.c.obj)