Archive member included to satisfy reference by file (symbol)

app/libapp.a(main.c.obj)      (--whole-archive)
zephyr/libzephyr.a(cbprintf.c.obj)
                              (--whole-archive)
zephyr/libzephyr.a(cbprintf_packaged.c.obj)
                              (--whole-archive)
zephyr/libzephyr.a(crc32c_sw.c.obj)
                              (--whole-archive)
zephyr/libzephyr.a(crc32_sw.c.obj)
                              (--whole-archive)
zephyr/libzephyr.a(crc16_sw.c.obj)
                              (--whole-archive)
zephyr/libzephyr.a(crc8_sw.c.obj)
                              (--whole-archive)
zephyr/libzephyr.a(crc7_sw.c.obj)
                              (--whole-archive)
zephyr/libzephyr.a(dec.c.obj)
                              (--whole-archive)
zephyr/libzephyr.a(fdtable.c.obj)
                              (--whole-archive)
zephyr/libzephyr.a(hex.c.obj)
                              (--whole-archive)
zephyr/libzephyr.a(notify.c.obj)
                              (--whole-archive)
zephyr/libzephyr.a(printk.c.obj)
                              (--whole-archive)
zephyr/libzephyr.a(onoff.c.obj)
                              (--whole-archive)
zephyr/libzephyr.a(rb.c.obj)  (--whole-archive)
zephyr/libzephyr.a(sem.c.obj)
                              (--whole-archive)
zephyr/libzephyr.a(thread_entry.c.obj)
                              (--whole-archive)
zephyr/libzephyr.a(timeutil.c.obj)
                              (--whole-archive)
zephyr/libzephyr.a(heap.c.obj)
                              (--whole-archive)
zephyr/libzephyr.a(heap-validate.c.obj)
                              (--whole-archive)
zephyr/libzephyr.a(bitarray.c.obj)
                              (--whole-archive)
zephyr/libzephyr.a(multi_heap.c.obj)
                              (--whole-archive)
zephyr/libzephyr.a(cbprintf_complete.c.obj)
                              (--whole-archive)
zephyr/libzephyr.a(mpsc_pbuf.c.obj)
                              (--whole-archive)
zephyr/libzephyr.a(configs.c.obj)
                              (--whole-archive)
zephyr/libzephyr.a(soc_nrf_common.S.obj)
                              (--whole-archive)
zephyr/libzephyr.a(validate_base_addresses.c.obj)
                              (--whole-archive)
zephyr/libzephyr.a(validate_enabled_instances.c.obj)
                              (--whole-archive)
zephyr/libzephyr.a(log_list.c.obj)
                              (--whole-archive)
zephyr/libzephyr.a(log_core.c.obj)
                              (--whole-archive)
zephyr/libzephyr.a(log_mgmt.c.obj)
                              (--whole-archive)
zephyr/libzephyr.a(log_msg.c.obj)
                              (--whole-archive)
zephyr/libzephyr.a(log_output.c.obj)
                              (--whole-archive)
zephyr/libzephyr.a(log_msg2.c.obj)
                              (--whole-archive)
zephyr/libzephyr.a(log_backend_rtt.c.obj)
                              (--whole-archive)
zephyr/libzephyr.a(addr_utils.c.obj)
                              (--whole-archive)
zephyr/libzephyr.a(pm.c.obj)  (--whole-archive)
zephyr/libzephyr.a(constraint.c.obj)
                              (--whole-archive)
zephyr/libzephyr.a(state.c.obj)
                              (--whole-archive)
zephyr/libzephyr.a(residency.c.obj)
                              (--whole-archive)
zephyr/libzephyr.a(tracing_none.c.obj)
                              (--whole-archive)
zephyr/libzephyr.a(utils.c.obj)
                              (--whole-archive)
zephyr/libzephyr.a(aes_decrypt.c.obj)
                              (--whole-archive)
zephyr/libzephyr.a(aes_encrypt.c.obj)
                              (--whole-archive)
zephyr/arch/common/libarch__common.a(sw_isr_common.c.obj)
                              (--whole-archive)
zephyr/arch/arch/arm/core/aarch32/libarch__arm__core__aarch32.a(cpu_idle.S.obj)
                              (--whole-archive)
zephyr/arch/arch/arm/core/aarch32/libarch__arm__core__aarch32.a(fatal.c.obj)
                              (--whole-archive)
zephyr/arch/arch/arm/core/aarch32/libarch__arm__core__aarch32.a(irq_manage.c.obj)
                              (--whole-archive)
zephyr/arch/arch/arm/core/aarch32/libarch__arm__core__aarch32.a(nmi.c.obj)
                              (--whole-archive)
zephyr/arch/arch/arm/core/aarch32/libarch__arm__core__aarch32.a(nmi_on_reset.S.obj)
                              (--whole-archive)
zephyr/arch/arch/arm/core/aarch32/libarch__arm__core__aarch32.a(prep_c.c.obj)
                              (--whole-archive)
zephyr/arch/arch/arm/core/aarch32/libarch__arm__core__aarch32.a(swap.c.obj)
                              (--whole-archive)
zephyr/arch/arch/arm/core/aarch32/libarch__arm__core__aarch32.a(swap_helper.S.obj)
                              (--whole-archive)
zephyr/arch/arch/arm/core/aarch32/libarch__arm__core__aarch32.a(thread.c.obj)
                              (--whole-archive)
[...]
Memory Configuration

Name             Origin             Length             Attributes
FLASH            0x0000000000000000 0x0000000000080000 xr
SRAM             0x0000000020000000 0x0000000000010000 xw
IDT_LIST         0x00000000fffff7ff 0x0000000000000800 xw
*default*        0x0000000000000000 0xffffffffffffffff

Linker script and memory map

LOAD zephyr/CMakeFiles/zephyr_final.dir/misc/empty_file.c.obj
LOAD zephyr/CMakeFiles/zephyr_final.dir/dev_handles.c.obj
LOAD zephyr/CMakeFiles/zephyr_final.dir/isr_tables.c.obj
LOAD zephyr/CMakeFiles/offsets.dir/./arch/arm/core/offsets/offsets.c.obj
                0x0000000000000020                _region_min_align = 0x20

.rel.plt        0x0000000000000000        0x0
 *(SORT_BY_ALIGNMENT(.rel.plt))
                [!provide]                        PROVIDE (__rel_iplt_start = .)
 *(SORT_BY_ALIGNMENT(.rel.iplt))
 .rel.iplt      0x0000000000000000        0x0 zephyr/CMakeFiles/zephyr_final.dir/isr_tables.c.obj
                [!provide]                        PROVIDE (__rel_iplt_end = .)

.rela.plt       0x0000000000000000        0x0
 *(SORT_BY_ALIGNMENT(.rela.plt))
                [!provide]                        PROVIDE (__rela_iplt_start = .)
 *(SORT_BY_ALIGNMENT(.rela.iplt))
                [!provide]                        PROVIDE (__rela_iplt_end = .)

.rel.dyn
 *(SORT_BY_ALIGNMENT(.rel.*))

.rela.dyn
 *(SORT_BY_ALIGNMENT(.rela.*))

/DISCARD/
 *(SORT_BY_ALIGNMENT(.plt))
 *(SORT_BY_ALIGNMENT(.iplt))
 *(SORT_BY_ALIGNMENT(.got.plt))
 *(SORT_BY_ALIGNMENT(.igot.plt))
 *(SORT_BY_ALIGNMENT(.got))
 *(SORT_BY_ALIGNMENT(.igot))
 *(SORT_BY_ALIGNMENT(.irq_info*))
 *(SORT_BY_ALIGNMENT(.intList*))
 *(SORT_BY_ALIGNMENT(.note.GNU-stack))
                0x0000000000000000                __rom_region_start = 0x0

rom_start       0x0000000000000000       0xdc
                0x0000000000000000                . = 0x0
                0x0000000000000000                . = ALIGN (0x4)
                0x0000000000000000                . = ALIGN (0x80)
                0x0000000000000000                . = ALIGN (0x100)
                0x0000000000000000                _vector_start = .
 *(SORT_BY_ALIGNMENT(.exc_vector_table))
 *(SORT_BY_ALIGNMENT(.exc_vector_table.*))
 .exc_vector_table._vector_table_section
                0x0000000000000000       0x40 zephyr/arch/arch/arm/core/aarch32/cortex_m/libarch__arm__core__aarch32__cortex_m.a(vector_table.S.obj)
                0x0000000000000000                _vector_table
 *(SORT_BY_ALIGNMENT(.gnu.linkonce.irq_vector_table*))
 .gnu.linkonce.irq_vector_table
                0x0000000000000040       0x9c zephyr/CMakeFiles/zephyr_final.dir/isr_tables.c.obj
                0x0000000000000040                _irq_vector_table
 *(SORT_BY_ALIGNMENT(.vectors))
                0x00000000000000dc                _vector_end = .

text            0x00000000000000e0     0xfdf8
                0x00000000000000e0                __text_region_start = .
 *(SORT_BY_ALIGNMENT(.text))
 .text          0x00000000000000e0       0x30 /home/ubuntu/zephyr-sdk-0.13.2/arm-zephyr-eabi/bin/../lib/gcc/arm-zephyr-eabi/10.3.0/thumb/v7e-m/nofp/libgcc.a(_aeabi_uldivmod.o)
                0x00000000000000e0                __aeabi_uldivmod
 .text          0x0000000000000110        0x4 /home/ubuntu/zephyr-sdk-0.13.2/arm-zephyr-eabi/bin/../lib/gcc/arm-zephyr-eabi/10.3.0/thumb/v7e-m/nofp/libgcc.a(_dvmd_tls.o)
                0x0000000000000110                __aeabi_ldiv0
                0x0000000000000110                __aeabi_idiv0
 .text          0x0000000000000114      0x2a6 /home/ubuntu/zephyr-sdk-0.13.2/arm-zephyr-eabi/bin/../lib/gcc/arm-zephyr-eabi/10.3.0/thumb/v7e-m/nofp/libgcc.a(_udivmoddi4.o)
                0x0000000000000114                __udivmoddi4
 *(SORT_BY_ALIGNMENT(.text.*))
 *fill*         0x00000000000003ba        0x6 
 .text.ll_adv_enable
                0x00000000000003c0      0x180 zephyr/subsys/bluetooth/controller/libsubsys__bluetooth__controller.a(ull_adv.c.obj)
                0x00000000000003c0                ll_adv_enable
 .text.ull_adv_time_update
                0x0000000000000540       0xac zephyr/subsys/bluetooth/controller/libsubsys__bluetooth__controller.a(ull_adv.c.obj)
                0x0000000000000540                ull_adv_time_update
 .text.bt_ready
                0x00000000000005ec       0xe8 app/libapp.a(main.c.obj)
 .text.main     0x00000000000006d4       0x2c app/libapp.a(main.c.obj)
                0x00000000000006d4                main
 .text.cbvprintf_package
                0x0000000000000700      0x414 zephyr/libzephyr.a(cbprintf_packaged.c.obj)
                0x0000000000000700                cbvprintf_package
 .text.__printk_hook_install
                0x0000000000000b14        0xc zephyr/libzephyr.a(printk.c.obj)
                0x0000000000000b14                __printk_hook_install
 .text.vsnprintk
                0x0000000000000b20       0x28 zephyr/libzephyr.a(printk.c.obj)
                0x0000000000000b20                vsnprintk
 .text.process_event
                0x0000000000000b48      0x1c0 zephyr/libzephyr.a(onoff.c.obj)
 .text.cbvprintf
                0x0000000000000d08      0x784 zephyr/libzephyr.a(cbprintf_complete.c.obj)
                0x0000000000000d08                cbvprintf
 .text.enable_logger
                0x000000000000148c       0x5c zephyr/libzephyr.a(log_core.c.obj)
 .text.log_process_thread_timer_expiry_fn
                0x00000000000014e8        0xc zephyr/libzephyr.a(log_core.c.obj)
 .text.log_init
                0x00000000000014f4       0x58 zephyr/libzephyr.a(log_core.c.obj)
                0x00000000000014f4                log_init
 .text.z_log_notify_backend_enabled
                0x000000000000154c       0x1c zephyr/libzephyr.a(log_core.c.obj)
                0x000000000000154c                z_log_notify_backend_enabled
 .text.z_log_dropped
                0x0000000000001568       0x3c zephyr/libzephyr.a(log_core.c.obj)
                0x0000000000001568                z_log_dropped
 .text.z_log_dropped_read_and_clear
                0x00000000000015a4       0x20 zephyr/libzephyr.a(log_core.c.obj)
                0x00000000000015a4                z_log_dropped_read_and_clear
 .text.dropped_notify
                0x00000000000015c4       0x38 zephyr/libzephyr.a(log_core.c.obj)
                0x00000000000015c4                dropped_notify
 .text.z_log_msg2_init
                0x00000000000015fc       0x10 zephyr/libzephyr.a(log_core.c.obj)
                0x00000000000015fc                z_log_msg2_init
 .text.log_core_init
                0x000000000000160c       0x34 zephyr/libzephyr.a(log_core.c.obj)
                0x000000000000160c                log_core_init
 .text.z_log_msg2_alloc
                0x0000000000001640       0x10 zephyr/libzephyr.a(log_core.c.obj)
                0x0000000000001640                z_log_msg2_alloc
 .text.z_log_msg2_claim
                0x0000000000001650        0xc zephyr/libzephyr.a(log_core.c.obj)
                0x0000000000001650                z_log_msg2_claim
 .text.z_log_msg2_free
                0x000000000000165c        0xc zephyr/libzephyr.a(log_core.c.obj)
                0x000000000000165c                z_log_msg2_free
 .text.z_log_msg2_pending
                0x0000000000001668        0xc zephyr/libzephyr.a(log_core.c.obj)
                0x0000000000001668                z_log_msg2_pending
 .text.z_impl_log_process
                0x0000000000001674       0x8c zephyr/libzephyr.a(log_core.c.obj)
                0x0000000000001674                z_impl_log_process
 .text.log_process_thread_func
                0x0000000000001700       0x48 zephyr/libzephyr.a(log_core.c.obj)
 .text.z_log_msg_post_finalize
                0x0000000000001748       0x8c zephyr/libzephyr.a(log_core.c.obj)
 .text.z_log_msg2_commit
                0x00000000000017d4       0x24 zephyr/libzephyr.a(log_core.c.obj)
                0x00000000000017d4                z_log_msg2_commit
 .text.z_impl_log_panic
                0x00000000000017f8       0x48 zephyr/libzephyr.a(log_core.c.obj)
                0x00000000000017f8                z_impl_log_panic
 .text.log_source_name_get
                0x0000000000001840       0x1c zephyr/libzephyr.a(log_mgmt.c.obj)
                0x0000000000001840                log_source_name_get
 .text.log_backend_enable
                0x000000000000185c       0x1c zephyr/libzephyr.a(log_mgmt.c.obj)
                0x000000000000185c                log_backend_enable
 .text.print_formatted
                0x0000000000001878       0x24 zephyr/libzephyr.a(log_output.c.obj)
 .text.hexdump_line_print
                0x000000000000189c       0xdc zephyr/libzephyr.a(log_output.c.obj)
 .text.prefix_print
                0x0000000000001978      0x148 zephyr/libzephyr.a(log_output.c.obj)
 .text.postfix_print
                0x0000000000001ac0       0x3c zephyr/libzephyr.a(log_output.c.obj)
 .text.log_output_msg2_process
                0x0000000000001afc       0xc0 zephyr/libzephyr.a(log_output.c.obj)
                0x0000000000001afc                log_output_msg2_process
 .text.log_output_dropped_process
                0x0000000000001bbc       0x58 zephyr/libzephyr.a(log_output.c.obj)
                0x0000000000001bbc                log_output_dropped_process
 .text.log_output_timestamp_freq_set
                0x0000000000001c14       0x30 zephyr/libzephyr.a(log_output.c.obj)
                0x0000000000001c14                log_output_timestamp_freq_set
 .text.z_impl_z_log_msg2_runtime_vcreate
                0x0000000000001c44       0x98 zephyr/libzephyr.a(log_msg2.c.obj)
                0x0000000000001c44                z_impl_z_log_msg2_runtime_vcreate
 .text.log_backend_rtt_init
                0x0000000000001cdc        0xc zephyr/libzephyr.a(log_backend_rtt.c.obj)
 .text.panic    0x0000000000001ce8       0x14 zephyr/libzephyr.a(log_backend_rtt.c.obj)
 .text.dropped  0x0000000000001cfc        0xc zephyr/libzephyr.a(log_backend_rtt.c.obj)
 .text.process  0x0000000000001d08        0xc zephyr/libzephyr.a(log_backend_rtt.c.obj)
 .text.on_failed_write.part.0
                0x0000000000001d14       0x1c zephyr/libzephyr.a(log_backend_rtt.c.obj)
 .text.data_out_block_mode
                0x0000000000001d30       0xa0 zephyr/libzephyr.a(log_backend_rtt.c.obj)
 .text.pm_state_notify
                0x0000000000001dd0       0x5c zephyr/libzephyr.a(pm.c.obj)
 .text.atomic_test_and_set_bit.constprop.0
                0x0000000000001e2c       0x38 zephyr/libzephyr.a(pm.c.obj)
 .text.pm_system_resume
                0x0000000000001e64       0x88 zephyr/libzephyr.a(pm.c.obj)
                0x0000000000001e64                pm_system_resume
 .text.pm_system_suspend
                0x0000000000001eec       0xf8 zephyr/libzephyr.a(pm.c.obj)
                0x0000000000001eec                pm_system_suspend
 .text.pm_constraint_get
                0x0000000000001fe4       0x1c zephyr/libzephyr.a(constraint.c.obj)
                0x0000000000001fe4                pm_constraint_get
 .text.pm_state_cpu_get_all
                0x0000000000002000       0x10 zephyr/libzephyr.a(state.c.obj)
                0x0000000000002000                pm_state_cpu_get_all
 .text.pm_policy_next_state
                0x0000000000002010       0x8c zephyr/libzephyr.a(residency.c.obj)
                0x0000000000002010                pm_policy_next_state
 .text.z_arm_cpu_idle_init
                0x000000000000209c        0xc zephyr/arch/arch/arm/core/aarch32/libarch__arm__core__aarch32.a(cpu_idle.S.obj)
                0x000000000000209c                z_arm_cpu_idle_init
 .text.arch_cpu_idle
                0x00000000000020a8       0x1c zephyr/arch/arch/arm/core/aarch32/libarch__arm__core__aarch32.a(cpu_idle.S.obj)
                0x00000000000020a8                arch_cpu_idle
 .text.arch_cpu_atomic_idle
                0x00000000000020c4       0x14 zephyr/arch/arch/arm/core/aarch32/libarch__arm__core__aarch32.a(cpu_idle.S.obj)
                0x00000000000020c4                arch_cpu_atomic_idle
 .text.z_arm_fatal_error
                0x00000000000020d8       0xcc zephyr/arch/arch/arm/core/aarch32/libarch__arm__core__aarch32.a(fatal.c.obj)
                0x00000000000020d8                z_arm_fatal_error
 .text.arch_irq_enable
                0x00000000000021a4       0x20 zephyr/arch/arch/arm/core/aarch32/libarch__arm__core__aarch32.a(irq_manage.c.obj)
                0x00000000000021a4                arch_irq_enable
 .text.arch_irq_disable
                0x00000000000021c4       0x28 zephyr/arch/arch/arm/core/aarch32/libarch__arm__core__aarch32.a(irq_manage.c.obj)
                0x00000000000021c4                arch_irq_disable
 .text.arch_irq_is_enabled
                0x00000000000021ec       0x1c zephyr/arch/arch/arm/core/aarch32/libarch__arm__core__aarch32.a(irq_manage.c.obj)
                0x00000000000021ec                arch_irq_is_enabled
 .text.z_arm_irq_priority_set
                0x0000000000002208       0x30 zephyr/arch/arch/arm/core/aarch32/libarch__arm__core__aarch32.a(irq_manage.c.obj)
                0x0000000000002208                z_arm_irq_priority_set
 .text._arch_isr_direct_pm
                0x0000000000002238       0x1c zephyr/arch/arch/arm/core/aarch32/libarch__arm__core__aarch32.a(irq_manage.c.obj)
                0x0000000000002238                _arch_isr_direct_pm
 .text.z_SysNmiOnReset
                0x0000000000002254        0x8 zephyr/arch/arch/arm/core/aarch32/libarch__arm__core__aarch32.a(nmi_on_reset.S.obj)
                0x0000000000002254                z_SysNmiOnReset
 .text.z_arm_prep_c
                0x000000000000225c       0x48 zephyr/arch/arch/arm/core/aarch32/libarch__arm__core__aarch32.a(prep_c.c.obj)
                0x000000000000225c                z_arm_prep_c
 .text.arch_swap
                0x00000000000022a4       0x34 zephyr/arch/arch/arm/core/aarch32/libarch__arm__core__aarch32.a(swap.c.obj)
                0x00000000000022a4                arch_swap
 .text.z_arm_pendsv
                0x00000000000022d8       0x54 zephyr/arch/arch/arm/core/aarch32/libarch__arm__core__aarch32.a(swap_helper.S.obj)
                0x00000000000022d8                z_arm_pendsv
 .text.z_arm_svc
                0x000000000000232c       0x20 zephyr/arch/arch/arm/core/aarch32/libarch__arm__core__aarch32.a(swap_helper.S.obj)
                0x000000000000232c                z_arm_svc
 .text.arch_new_thread
                0x000000000000234c       0x38 zephyr/arch/arch/arm/core/aarch32/libarch__arm__core__aarch32.a(thread.c.obj)
                0x000000000000234c                arch_new_thread
 .text.z_check_thread_stack_fail
                0x0000000000002384       0x2c zephyr/arch/arch/arm/core/aarch32/libarch__arm__core__aarch32.a(thread.c.obj)
                0x0000000000002384                z_check_thread_stack_fail
 .text.arch_switch_to_main_thread
                0x00000000000023b0       0x2c zephyr/arch/arch/arm/core/aarch32/libarch__arm__core__aarch32.a(thread.c.obj)
                0x00000000000023b0                arch_switch_to_main_thread
 .text._isr_wrapper
                0x00000000000023dc       0x40 zephyr/arch/arch/arm/core/aarch32/libarch__arm__core__aarch32.a(isr_wrapper.S.obj)
                0x00000000000023dc                _isr_wrapper
 .text._HandlerModeExit
                0x000000000000241c       0x1c zephyr/arch/arch/arm/core/aarch32/cortex_m/libarch__arm__core__aarch32__cortex_m.a(exc_exit.S.obj)
                0x000000000000241c                z_arm_exc_exit
                0x000000000000241c                z_arm_int_exit
 .text.bus_fault.constprop.0
                0x0000000000002438      0x120 zephyr/arch/arch/arm/core/aarch32/cortex_m/libarch__arm__core__aarch32__cortex_m.a(fault.c.obj)
 .text.usage_fault.constprop.0
                0x0000000000002558      0x104 zephyr/arch/arch/arm/core/aarch32/cortex_m/libarch__arm__core__aarch32__cortex_m.a(fault.c.obj)
 .text.mem_manage_fault
                0x000000000000265c      0x14c zephyr/arch/arch/arm/core/aarch32/cortex_m/libarch__arm__core__aarch32__cortex_m.a(fault.c.obj)
 .text.z_log_msg2_runtime_create.constprop.0
                0x00000000000027a8       0x24 zephyr/arch/arch/arm/core/aarch32/cortex_m/libarch__arm__core__aarch32__cortex_m.a(fault.c.obj)
 .text.z_arm_fault
                0x00000000000027cc      0x1f8 zephyr/arch/arch/arm/core/aarch32/cortex_m/libarch__arm__core__aarch32__cortex_m.a(fault.c.obj)
                0x00000000000027cc                z_arm_fault
 .text.z_arm_fault_init
                0x00000000000029c4       0x10 zephyr/arch/arch/arm/core/aarch32/cortex_m/libarch__arm__core__aarch32__cortex_m.a(fault.c.obj)
                0x00000000000029c4                z_arm_fault_init
 .text.__fault  0x00000000000029d4       0x14 zephyr/arch/arch/arm/core/aarch32/cortex_m/libarch__arm__core__aarch32__cortex_m.a(fault_s.S.obj)
                0x00000000000029d4                z_arm_bus_fault
                0x00000000000029d4                z_arm_usage_fault
                0x00000000000029d4                z_arm_mpu_fault
                0x00000000000029d4                z_arm_exc_spurious
                0x00000000000029d4                z_arm_debug_monitor
                0x00000000000029d4                z_arm_hard_fault
 .text.z_arm_interrupt_init
                0x00000000000029e8       0x18 zephyr/arch/arch/arm/core/aarch32/cortex_m/libarch__arm__core__aarch32__cortex_m.a(irq_init.c.obj)
                0x00000000000029e8                z_arm_interrupt_init
 .text._reset_section
                0x0000000000002a00       0x30 zephyr/arch/arch/arm/core/aarch32/cortex_m/libarch__arm__core__aarch32__cortex_m.a(reset.S.obj)
                0x0000000000002a00                z_arm_reset
                0x0000000000002a00                __start
 .text.z_impl_k_thread_abort
                0x0000000000002a30       0x24 zephyr/arch/arch/arm/core/aarch32/cortex_m/libarch__arm__core__aarch32__cortex_m.a(thread_abort.c.obj)
                0x0000000000002a30                z_impl_k_thread_abort
 .text.z_arm_configure_static_mpu_regions
                0x0000000000002a54       0x18 zephyr/arch/arch/arm/core/aarch32/mpu/libarch__arm__core__aarch32__mpu.a(arm_core_mpu.c.obj)
                0x0000000000002a54                z_arm_configure_static_mpu_regions
 .text.z_arm_configure_dynamic_mpu_regions
                0x0000000000002a6c       0x20 zephyr/arch/arch/arm/core/aarch32/mpu/libarch__arm__core__aarch32__mpu.a(arm_core_mpu.c.obj)
                0x0000000000002a6c                z_arm_configure_dynamic_mpu_regions
 .text.mpu_configure_regions
                0x0000000000002a8c       0xb8 zephyr/arch/arch/arm/core/aarch32/mpu/libarch__arm__core__aarch32__mpu.a(arm_mpu.c.obj)
 .text.arm_core_mpu_enable
                0x0000000000002b44       0x18 zephyr/arch/arch/arm/core/aarch32/mpu/libarch__arm__core__aarch32__mpu.a(arm_mpu.c.obj)
                0x0000000000002b44                arm_core_mpu_enable
 .text.arm_core_mpu_disable
                0x0000000000002b5c       0x14 zephyr/arch/arch/arm/core/aarch32/mpu/libarch__arm__core__aarch32__mpu.a(arm_mpu.c.obj)
                0x0000000000002b5c                arm_core_mpu_disable
 .text.arm_core_mpu_configure_static_mpu_regions
                0x0000000000002b70       0x14 zephyr/arch/arch/arm/core/aarch32/mpu/libarch__arm__core__aarch32__mpu.a(arm_mpu.c.obj)
                0x0000000000002b70                arm_core_mpu_configure_static_mpu_regions
 .text.arm_core_mpu_configure_dynamic_mpu_regions
                0x0000000000002b84       0x30 zephyr/arch/arch/arm/core/aarch32/mpu/libarch__arm__core__aarch32__mpu.a(arm_mpu.c.obj)
                0x0000000000002b84                arm_core_mpu_configure_dynamic_mpu_regions
 .text.z_arm_mpu_init
                0x0000000000002bb4       0x60 zephyr/arch/arch/arm/core/aarch32/mpu/libarch__arm__core__aarch32__mpu.a(arm_mpu.c.obj)
                0x0000000000002bb4                z_arm_mpu_init
 .text.__stdout_hook_install
                0x0000000000002c14        0xc zephyr/lib/libc/minimal/liblib__libc__minimal.a(stdout_console.c.obj)
                0x0000000000002c14                __stdout_hook_install
 .text.nordicsemi_nrf52_init
                0x0000000000002c20       0x28 zephyr/soc/arm/nordic_nrf/nrf52/libsoc__arm__nordic_nrf__nrf52.a(soc.c.obj)
 .text.arch_busy_wait
                0x0000000000002c48       0x14 zephyr/soc/arm/nordic_nrf/nrf52/libsoc__arm__nordic_nrf__nrf52.a(soc.c.obj)
                0x0000000000002c48                arch_busy_wait
 .text.pwr_ctrl_init
                0x0000000000002c5c       0x48 zephyr/boards/arm/thingy52_nrf52832/libboards__arm__thingy52_nrf52832.a(board.c.obj)
 .text.bt_hex_real
                0x0000000000002ca4       0x44 zephyr/subsys/bluetooth/common/libsubsys__bluetooth__common.a(log.c.obj)
                0x0000000000002ca4                bt_hex_real
 .text.bt_addr_le_str_real
                0x0000000000002ce8       0x7c zephyr/subsys/bluetooth/common/libsubsys__bluetooth__common.a(log.c.obj)
                0x0000000000002ce8                bt_addr_le_str_real
 .text.bt_buf_get_rx
                0x0000000000002d64       0x20 zephyr/subsys/bluetooth/host/libsubsys__bluetooth__host.a(buf.c.obj)
                0x0000000000002d64                bt_buf_get_rx
 .text.bt_buf_get_cmd_complete
                0x0000000000002d84       0x34 zephyr/subsys/bluetooth/host/libsubsys__bluetooth__host.a(buf.c.obj)
                0x0000000000002d84                bt_buf_get_cmd_complete
 .text.bt_buf_get_evt
                0x0000000000002db8       0x44 zephyr/subsys/bluetooth/host/libsubsys__bluetooth__host.a(buf.c.obj)
                0x0000000000002db8                bt_buf_get_evt
 .text.ver_str  0x0000000000002dfc       0x38 zephyr/subsys/bluetooth/host/libsubsys__bluetooth__host.a(hci_core.c.obj)
 .text.hci_hardware_error
                0x0000000000002e34       0x34 zephyr/subsys/bluetooth/host/libsubsys__bluetooth__host.a(hci_core.c.obj)
 .text.hci_vendor_event
                0x0000000000002e68       0x2c zephyr/subsys/bluetooth/host/libsubsys__bluetooth__host.a(hci_core.c.obj)
 .text.handle_event
                0x0000000000002e94       0x84 zephyr/subsys/bluetooth/host/libsubsys__bluetooth__host.a(hci_core.c.obj)
 .text.hci_le_meta_event
                0x0000000000002f18       0x20 zephyr/subsys/bluetooth/host/libsubsys__bluetooth__host.a(hci_core.c.obj)
 .text.hci_cmd_done
                0x0000000000002f38      0x178 zephyr/subsys/bluetooth/host/libsubsys__bluetooth__host.a(hci_core.c.obj)
 .text.hci_cmd_complete
                0x00000000000030b0       0x30 zephyr/subsys/bluetooth/host/libsubsys__bluetooth__host.a(hci_core.c.obj)
 .text.hci_cmd_status
                0x00000000000030e0       0x2c zephyr/subsys/bluetooth/host/libsubsys__bluetooth__host.a(hci_core.c.obj)
 .text.bt_hci_cmd_state_set_init
                0x000000000000310c       0x24 zephyr/subsys/bluetooth/host/libsubsys__bluetooth__host.a(hci_core.c.obj)
                0x000000000000310c                bt_hci_cmd_state_set_init
 .text.bt_hci_cmd_create
                0x0000000000003130       0x74 zephyr/subsys/bluetooth/host/libsubsys__bluetooth__host.a(hci_core.c.obj)
                0x0000000000003130                bt_hci_cmd_create
 .text.bt_hci_cmd_send_sync
                0x00000000000031a4      0x100 zephyr/subsys/bluetooth/host/libsubsys__bluetooth__host.a(hci_core.c.obj)
                0x00000000000031a4                bt_hci_cmd_send_sync
 .text.hci_init
                0x00000000000032a4      0x394 zephyr/subsys/bluetooth/host/libsubsys__bluetooth__host.a(hci_core.c.obj)
 .text.bt_send  0x0000000000003638       0x10 zephyr/subsys/bluetooth/host/libsubsys__bluetooth__host.a(hci_core.c.obj)
                0x0000000000003638                bt_send
 .text.hci_tx_thread
                0x0000000000003648      0x16c zephyr/subsys/bluetooth/host/libsubsys__bluetooth__host.a(hci_core.c.obj)
 .text.hci_event_prio
                0x00000000000037b4       0xb4 zephyr/subsys/bluetooth/host/libsubsys__bluetooth__host.a(hci_core.c.obj)
                0x00000000000037b4                hci_event_prio
 .text.bt_recv  0x0000000000003868       0xc0 zephyr/subsys/bluetooth/host/libsubsys__bluetooth__host.a(hci_core.c.obj)
                0x0000000000003868                bt_recv
 .text.bt_recv_prio
                0x0000000000003928       0x3c zephyr/subsys/bluetooth/host/libsubsys__bluetooth__host.a(hci_core.c.obj)
                0x0000000000003928                bt_recv_prio
 .text.bt_hci_driver_register
                0x0000000000003964       0x28 zephyr/subsys/bluetooth/host/libsubsys__bluetooth__host.a(hci_core.c.obj)
                0x0000000000003964                bt_hci_driver_register
 .text.bt_finalize_init
                0x000000000000398c       0xfc zephyr/subsys/bluetooth/host/libsubsys__bluetooth__host.a(hci_core.c.obj)
                0x000000000000398c                bt_finalize_init
 .text.init_work
                0x0000000000003a88       0x24 zephyr/subsys/bluetooth/host/libsubsys__bluetooth__host.a(hci_core.c.obj)
 .text.bt_enable
                0x0000000000003aac       0xec zephyr/subsys/bluetooth/host/libsubsys__bluetooth__host.a(hci_core.c.obj)
                0x0000000000003aac                bt_enable
 .text.bt_get_name
                0x0000000000003b98        0x8 zephyr/subsys/bluetooth/host/libsubsys__bluetooth__host.a(hci_core.c.obj)
                0x0000000000003b98                bt_get_name
 .text.id_find  0x0000000000003ba0       0x34 zephyr/subsys/bluetooth/host/libsubsys__bluetooth__host.a(id.c.obj)
 .text.set_random_address
                0x0000000000003bd4       0x5c zephyr/subsys/bluetooth/host/libsubsys__bluetooth__host.a(id.c.obj)
 .text.id_create.constprop.0
                0x0000000000003c30       0x6c zephyr/subsys/bluetooth/host/libsubsys__bluetooth__host.a(id.c.obj)
 .text.bt_id_get
                0x0000000000003c9c       0x24 zephyr/subsys/bluetooth/host/libsubsys__bluetooth__host.a(id.c.obj)
                0x0000000000003c9c                bt_id_get
 .text.bt_id_create
                0x0000000000003cc0       0xbc zephyr/subsys/bluetooth/host/libsubsys__bluetooth__host.a(id.c.obj)
                0x0000000000003cc0                bt_id_create
 .text.bt_id_read_public_addr
                0x0000000000003d7c       0x9c zephyr/subsys/bluetooth/host/libsubsys__bluetooth__host.a(id.c.obj)
                0x0000000000003d7c                bt_id_read_public_addr
 .text.bt_setup_public_id_addr
                0x0000000000003e18       0x20 zephyr/subsys/bluetooth/host/libsubsys__bluetooth__host.a(id.c.obj)
                0x0000000000003e18                bt_setup_public_id_addr
 .text.bt_read_static_addr
                0x0000000000003e38       0xac zephyr/subsys/bluetooth/host/libsubsys__bluetooth__host.a(id.c.obj)
                0x0000000000003e38                bt_read_static_addr
 .text.bt_setup_random_id_addr
                0x0000000000003ee4       0x5c zephyr/subsys/bluetooth/host/libsubsys__bluetooth__host.a(id.c.obj)
                0x0000000000003ee4                bt_setup_random_id_addr
 .text.bt_id_set_adv_own_addr
                0x0000000000003f40       0xa4 zephyr/subsys/bluetooth/host/libsubsys__bluetooth__host.a(id.c.obj)
                0x0000000000003f40                bt_id_set_adv_own_addr
 .text.bt_id_init
                0x0000000000003fe4       0x64 zephyr/subsys/bluetooth/host/libsubsys__bluetooth__host.a(id.c.obj)
                0x0000000000003fe4                bt_id_init
 .text.valid_adv_param
                0x0000000000004048       0x88 zephyr/subsys/bluetooth/host/libsubsys__bluetooth__host.a(adv.c.obj)
 .text.hci_set_ad
                0x00000000000040d0       0xe4 zephyr/subsys/bluetooth/host/libsubsys__bluetooth__host.a(adv.c.obj)
 .text.bt_le_adv_start_legacy
                0x00000000000041b4      0x214 zephyr/subsys/bluetooth/host/libsubsys__bluetooth__host.a(adv.c.obj)
                0x00000000000041b4                bt_le_adv_start_legacy
 .text.bt_le_adv_start
                0x00000000000043c8       0x64 zephyr/subsys/bluetooth/host/libsubsys__bluetooth__host.a(adv.c.obj)
                0x00000000000043c8                bt_le_adv_start
 .text.bt_le_adv_stop
                0x000000000000442c       0x38 zephyr/subsys/bluetooth/host/libsubsys__bluetooth__host.a(adv.c.obj)
                0x000000000000442c                bt_le_adv_stop
 .text.adv_timeout
                0x0000000000004464       0x30 zephyr/subsys/bluetooth/host/libsubsys__bluetooth__host.a(adv.c.obj)
 .text.mayfly_init
                0x0000000000004494       0x54 zephyr/subsys/bluetooth/controller/libsubsys__bluetooth__controller.a(mayfly.c.obj)
                0x0000000000004494                mayfly_init
 .text.mayfly_enqueue
                0x00000000000044e8       0xa0 zephyr/subsys/bluetooth/controller/libsubsys__bluetooth__controller.a(mayfly.c.obj)
                0x00000000000044e8                mayfly_enqueue
 .text.mayfly_run
                0x0000000000004588      0x164 zephyr/subsys/bluetooth/controller/libsubsys__bluetooth__controller.a(mayfly.c.obj)
                0x0000000000004588                mayfly_run
 .text.ticker_job
                0x00000000000046ec      0x79c zephyr/subsys/bluetooth/controller/libsubsys__bluetooth__controller.a(ticker.c.obj)
                0x00000000000046ec                ticker_job
 .text.ticker_init
                0x0000000000004e88       0x78 zephyr/subsys/bluetooth/controller/libsubsys__bluetooth__controller.a(ticker.c.obj)
                0x0000000000004e88                ticker_init
 .text.ticker_trigger
                0x0000000000004f00       0x24 zephyr/subsys/bluetooth/controller/libsubsys__bluetooth__controller.a(ticker.c.obj)
                0x0000000000004f00                ticker_trigger
 .text.ticker_start_ext
                0x0000000000004f24       0x9c zephyr/subsys/bluetooth/controller/libsubsys__bluetooth__controller.a(ticker.c.obj)
                0x0000000000004f24                ticker_start_ext
 .text.ticker_update_ext
                0x0000000000004fc0       0x98 zephyr/subsys/bluetooth/controller/libsubsys__bluetooth__controller.a(ticker.c.obj)
                0x0000000000004fc0                ticker_update_ext
 .text.ticker_stop
                0x0000000000005058       0x74 zephyr/subsys/bluetooth/controller/libsubsys__bluetooth__controller.a(ticker.c.obj)
                0x0000000000005058                ticker_stop
 .text.ll_addr_set
                0x00000000000050cc       0x38 zephyr/subsys/bluetooth/controller/libsubsys__bluetooth__controller.a(ll_addr.c.obj)
                0x00000000000050cc                ll_addr_set
 .text.ll_addr_get
                0x0000000000005104       0x20 zephyr/subsys/bluetooth/controller/libsubsys__bluetooth__controller.a(ll_addr.c.obj)
                0x0000000000005104                ll_addr_get
 .text.hci_driver_init
                0x0000000000005124       0x10 zephyr/subsys/bluetooth/controller/libsubsys__bluetooth__controller.a(hci_driver.c.obj)
 .text.recv_thread
                0x0000000000005134       0xb4 zephyr/subsys/bluetooth/controller/libsubsys__bluetooth__controller.a(hci_driver.c.obj)
 .text.prio_recv_thread
                0x00000000000051e8       0x4c zephyr/subsys/bluetooth/controller/libsubsys__bluetooth__controller.a(hci_driver.c.obj)
 .text.hci_driver_open
                0x0000000000005234       0xb4 zephyr/subsys/bluetooth/controller/libsubsys__bluetooth__controller.a(hci_driver.c.obj)
 .text.hci_driver_send
                0x00000000000052e8       0x80 zephyr/subsys/bluetooth/controller/libsubsys__bluetooth__controller.a(hci_driver.c.obj)
 .text.cmd_complete_status
                0x0000000000005368       0x24 zephyr/subsys/bluetooth/controller/libsubsys__bluetooth__controller.a(hci.c.obj)
 .text.hci_cmd_complete
                0x000000000000538c       0x20 zephyr/subsys/bluetooth/controller/libsubsys__bluetooth__controller.a(hci.c.obj)
                0x000000000000538c                hci_cmd_complete
 .text.hci_vendor_cmd_handle_common
                0x00000000000053ac      0x114 zephyr/subsys/bluetooth/controller/libsubsys__bluetooth__controller.a(hci.c.obj)
                0x00000000000053ac                hci_vendor_cmd_handle_common
 .text.hci_cmd_handle
                0x00000000000054c0      0x4e8 zephyr/subsys/bluetooth/controller/libsubsys__bluetooth__controller.a(hci.c.obj)
                0x00000000000054c0                hci_cmd_handle
 .text.hci_evt_encode
                0x00000000000059a8       0x30 zephyr/subsys/bluetooth/controller/libsubsys__bluetooth__controller.a(hci.c.obj)
                0x00000000000059a8                hci_evt_encode
 .text.perform_lll_reset
                0x00000000000059d8       0x5c zephyr/subsys/bluetooth/controller/libsubsys__bluetooth__controller.a(ull.c.obj)
 .text.rx_alloc.constprop.0
                0x0000000000005a34       0x78 zephyr/subsys/bluetooth/controller/libsubsys__bluetooth__controller.a(ull.c.obj)
 .text.ull_ticker_status_give
                0x0000000000005aac        0xc zephyr/subsys/bluetooth/controller/libsubsys__bluetooth__controller.a(ull.c.obj)
                0x0000000000005aac                ull_ticker_status_give
 .text.ll_rx_get
                0x0000000000005ab8       0x24 zephyr/subsys/bluetooth/controller/libsubsys__bluetooth__controller.a(ull.c.obj)
                0x0000000000005ab8                ll_rx_get
 .text.ll_rx_dequeue
                0x0000000000005adc       0x80 zephyr/subsys/bluetooth/controller/libsubsys__bluetooth__controller.a(ull.c.obj)
                0x0000000000005adc                ll_rx_dequeue
 .text.ll_rx_mem_release
                0x0000000000005b5c       0xa4 zephyr/subsys/bluetooth/controller/libsubsys__bluetooth__controller.a(ull.c.obj)
                0x0000000000005b5c                ll_rx_mem_release
 .text.ull_ticker_status_take
                0x0000000000005c00       0x4c zephyr/subsys/bluetooth/controller/libsubsys__bluetooth__controller.a(ull.c.obj)
                0x0000000000005c00                ull_ticker_status_take
 .text.ull_disable_mark
                0x0000000000005c4c       0x10 zephyr/subsys/bluetooth/controller/libsubsys__bluetooth__controller.a(ull.c.obj)
                0x0000000000005c4c                ull_disable_mark
 .text.ull_disable_unmark
                0x0000000000005c5c       0x1c zephyr/subsys/bluetooth/controller/libsubsys__bluetooth__controller.a(ull.c.obj)
                0x0000000000005c5c                ull_disable_unmark
 .text.ull_disable_mark_get
                0x0000000000005c78        0xc zephyr/subsys/bluetooth/controller/libsubsys__bluetooth__controller.a(ull.c.obj)
                0x0000000000005c78                ull_disable_mark_get
 .text.ull_disable
                0x0000000000005c84       0x7c zephyr/subsys/bluetooth/controller/libsubsys__bluetooth__controller.a(ull.c.obj)
                0x0000000000005c84                ull_disable
 .text.ull_pdu_rx_alloc_peek
                0x0000000000005d00       0x30 zephyr/subsys/bluetooth/controller/libsubsys__bluetooth__controller.a(ull.c.obj)
                0x0000000000005d00                ull_pdu_rx_alloc_peek
 .text.ull_rx_put_done
                0x0000000000005d30        0xc zephyr/subsys/bluetooth/controller/libsubsys__bluetooth__controller.a(ull.c.obj)
                0x0000000000005d30                ull_rx_put_done
 .text.ull_rx_sched_done
                0x0000000000005d3c       0x10 zephyr/subsys/bluetooth/controller/libsubsys__bluetooth__controller.a(ull.c.obj)
                0x0000000000005d3c                ull_rx_sched_done
 .text.ull_prepare_enqueue
                0x0000000000005d4c       0x5c zephyr/subsys/bluetooth/controller/libsubsys__bluetooth__controller.a(ull.c.obj)
                0x0000000000005d4c                ull_prepare_enqueue
 .text.ull_prepare_dequeue_get
                0x0000000000005da8       0x1c zephyr/subsys/bluetooth/controller/libsubsys__bluetooth__controller.a(ull.c.obj)
                0x0000000000005da8                ull_prepare_dequeue_get
 .text.ull_prepare_dequeue_iter
                0x0000000000005dc4       0x3c zephyr/subsys/bluetooth/controller/libsubsys__bluetooth__controller.a(ull.c.obj)
                0x0000000000005dc4                ull_prepare_dequeue_iter
 .text.ull_prepare_dequeue
                0x0000000000005e00       0x90 zephyr/subsys/bluetooth/controller/libsubsys__bluetooth__controller.a(ull.c.obj)
                0x0000000000005e00                ull_prepare_dequeue
 .text.ull_event_done
                0x0000000000005e90       0x48 zephyr/subsys/bluetooth/controller/libsubsys__bluetooth__controller.a(ull.c.obj)
                0x0000000000005e90                ull_event_done
 .text.init_reset
                0x0000000000005ed8      0x128 zephyr/subsys/bluetooth/controller/libsubsys__bluetooth__controller.a(ull.c.obj)
 .text.ll_init  0x0000000000006000       0xbc zephyr/subsys/bluetooth/controller/libsubsys__bluetooth__controller.a(ull.c.obj)
                0x0000000000006000                ll_init
 .text.ll_reset
                0x00000000000060bc       0xd8 zephyr/subsys/bluetooth/controller/libsubsys__bluetooth__controller.a(ull.c.obj)
                0x00000000000060bc                ll_reset
 .text.ull_done
                0x0000000000006194       0xe8 zephyr/subsys/bluetooth/controller/libsubsys__bluetooth__controller.a(ull.c.obj)
 .text.lll_resume
                0x000000000000627c       0x4c zephyr/subsys/bluetooth/controller/libsubsys__bluetooth__controller.a(lll_common.c.obj)
                0x000000000000627c                lll_resume
 .text.ticker_update_op_cb
                0x00000000000062c8       0x38 zephyr/subsys/bluetooth/controller/libsubsys__bluetooth__controller.a(ull_adv.c.obj)
 .text.init_reset
                0x0000000000006300       0x60 zephyr/subsys/bluetooth/controller/libsubsys__bluetooth__controller.a(ull_adv.c.obj)
 .text.ticker_cb
                0x0000000000006360      0x100 zephyr/subsys/bluetooth/controller/libsubsys__bluetooth__controller.a(ull_adv.c.obj)
 .text.ll_adv_params_set
                0x0000000000006460      0x110 zephyr/subsys/bluetooth/controller/libsubsys__bluetooth__controller.a(ull_adv.c.obj)
                0x0000000000006460                ll_adv_params_set
 .text.ull_adv_reset_finalize
                0x0000000000006570       0x20 zephyr/subsys/bluetooth/controller/libsubsys__bluetooth__controller.a(ull_adv.c.obj)
                0x0000000000006570                ull_adv_reset_finalize
 .text.ull_adv_lll_handle_get
                0x0000000000006590       0x14 zephyr/subsys/bluetooth/controller/libsubsys__bluetooth__controller.a(ull_adv.c.obj)
                0x0000000000006590                ull_adv_lll_handle_get
 .text.ull_adv_is_enabled_get
                0x00000000000065a4       0x1c zephyr/subsys/bluetooth/controller/libsubsys__bluetooth__controller.a(ull_adv.c.obj)
                0x00000000000065a4                ull_adv_is_enabled_get
 .text.disable.constprop.0
                0x00000000000065c0       0xe4 zephyr/subsys/bluetooth/controller/libsubsys__bluetooth__controller.a(ull_adv.c.obj)
 .text.ll_adv_data_set
                0x00000000000066a4       0x10 zephyr/subsys/bluetooth/controller/libsubsys__bluetooth__controller.a(ull_adv.c.obj)
                0x00000000000066a4                ll_adv_data_set
 .text.ll_adv_scan_rsp_set
                0x00000000000066b4       0x10 zephyr/subsys/bluetooth/controller/libsubsys__bluetooth__controller.a(ull_adv.c.obj)
                0x00000000000066b4                ll_adv_scan_rsp_set
 .text.fal_clear
                0x00000000000066c4       0x3c zephyr/subsys/bluetooth/controller/libsubsys__bluetooth__controller.a(ull_filter.c.obj)
 .text.rl_clear
                0x0000000000006700       0x70 zephyr/subsys/bluetooth/controller/libsubsys__bluetooth__controller.a(ull_filter.c.obj)
 .text.fal_find
                0x0000000000006770       0x68 zephyr/subsys/bluetooth/controller/libsubsys__bluetooth__controller.a(ull_filter.c.obj)
 .text.fal_update
                0x00000000000067d8       0x84 zephyr/subsys/bluetooth/controller/libsubsys__bluetooth__controller.a(ull_filter.c.obj)
 .text.rl_update
                0x000000000000685c       0x5c zephyr/subsys/bluetooth/controller/libsubsys__bluetooth__controller.a(ull_filter.c.obj)
 .text.ll_fal_remove
                0x00000000000068b8       0x60 zephyr/subsys/bluetooth/controller/libsubsys__bluetooth__controller.a(ull_filter.c.obj)
                0x00000000000068b8                ll_fal_remove
 .text.ll_rl_enable
                0x0000000000006918       0x30 zephyr/subsys/bluetooth/controller/libsubsys__bluetooth__controller.a(ull_filter.c.obj)
                0x0000000000006918                ll_rl_enable
 .text.ll_rl_timeout_set
                0x0000000000006948       0x10 zephyr/subsys/bluetooth/controller/libsubsys__bluetooth__controller.a(ull_filter.c.obj)
                0x0000000000006948                ll_rl_timeout_set
 .text.ull_filter_reset
                0x0000000000006958       0x58 zephyr/subsys/bluetooth/controller/libsubsys__bluetooth__controller.a(ull_filter.c.obj)
                0x0000000000006958                ull_filter_reset
 .text.ull_filter_lll_get
                0x00000000000069b0       0x18 zephyr/subsys/bluetooth/controller/libsubsys__bluetooth__controller.a(ull_filter.c.obj)
                0x00000000000069b0                ull_filter_lll_get
 .text.ull_filter_adv_update
                0x00000000000069c8       0x34 zephyr/subsys/bluetooth/controller/libsubsys__bluetooth__controller.a(ull_filter.c.obj)
                0x00000000000069c8                ull_filter_adv_update
 .text.ull_filter_rpa_update
                0x00000000000069fc      0x1ac zephyr/subsys/bluetooth/controller/libsubsys__bluetooth__controller.a(ull_filter.c.obj)
                0x00000000000069fc                ull_filter_rpa_update
 .text.rpa_timeout
                0x0000000000006ba8       0x3c zephyr/subsys/bluetooth/controller/libsubsys__bluetooth__controller.a(ull_filter.c.obj)
 .text.ull_filter_adva_get
                0x0000000000006be4       0x54 zephyr/subsys/bluetooth/controller/libsubsys__bluetooth__controller.a(ull_filter.c.obj)
                0x0000000000006be4                ull_filter_adva_get
 .text.ull_filter_tgta_get
                0x0000000000006c38       0x28 zephyr/subsys/bluetooth/controller/libsubsys__bluetooth__controller.a(ull_filter.c.obj)
                0x0000000000006c38                ull_filter_tgta_get
 .text.ull_filter_rl_find
                0x0000000000006c60       0x74 zephyr/subsys/bluetooth/controller/libsubsys__bluetooth__controller.a(ull_filter.c.obj)
                0x0000000000006c60                ull_filter_rl_find
 .text.ll_fal_add
                0x0000000000006cd4       0xa0 zephyr/subsys/bluetooth/controller/libsubsys__bluetooth__controller.a(ull_filter.c.obj)
                0x0000000000006cd4                ll_fal_add
 .text.ll_rl_add
                0x0000000000006d74      0x140 zephyr/subsys/bluetooth/controller/libsubsys__bluetooth__controller.a(ull_filter.c.obj)
                0x0000000000006d74                ll_rl_add
 .text.ll_rl_remove
                0x0000000000006eb4       0xec zephyr/subsys/bluetooth/controller/libsubsys__bluetooth__controller.a(ull_filter.c.obj)
                0x0000000000006eb4                ll_rl_remove
 .text.ll_rl_crpa_get
                0x0000000000006fa0       0x44 zephyr/subsys/bluetooth/controller/libsubsys__bluetooth__controller.a(ull_filter.c.obj)
                0x0000000000006fa0                ll_rl_crpa_get
 .text.ll_rl_lrpa_get
                0x0000000000006fe4       0x34 zephyr/subsys/bluetooth/controller/libsubsys__bluetooth__controller.a(ull_filter.c.obj)
                0x0000000000006fe4                ll_rl_lrpa_get
 .text.ll_priv_mode_set
                0x0000000000007018       0x5c zephyr/subsys/bluetooth/controller/libsubsys__bluetooth__controller.a(ull_filter.c.obj)
                0x0000000000007018                ll_priv_mode_set
 .text.ull_filter_lll_irks_get
                0x0000000000007074       0x14 zephyr/subsys/bluetooth/controller/libsubsys__bluetooth__controller.a(ull_filter.c.obj)
                0x0000000000007074                ull_filter_lll_irks_get
 .text.ull_filter_lll_rl_irk_idx
                0x0000000000007088       0x94 zephyr/subsys/bluetooth/controller/libsubsys__bluetooth__controller.a(ull_filter.c.obj)
                0x0000000000007088                ull_filter_lll_rl_irk_idx
 .text.ull_filter_lll_irk_in_fal
                0x000000000000711c       0x50 zephyr/subsys/bluetooth/controller/libsubsys__bluetooth__controller.a(ull_filter.c.obj)
                0x000000000000711c                ull_filter_lll_irk_in_fal
 .text.ull_filter_lll_rl_addr_allowed
                0x000000000000716c       0x6c zephyr/subsys/bluetooth/controller/libsubsys__bluetooth__controller.a(ull_filter.c.obj)
                0x000000000000716c                ull_filter_lll_rl_addr_allowed
 .text.ull_filter_lll_rl_enabled
                0x00000000000071d8       0x10 zephyr/subsys/bluetooth/controller/libsubsys__bluetooth__controller.a(ull_filter.c.obj)
                0x00000000000071d8                ull_filter_lll_rl_enabled
 .text.rtc0_nrf5_isr
                0x00000000000071e8       0x28 zephyr/subsys/bluetooth/controller/libsubsys__bluetooth__controller.a(lll.c.obj)
 .text.ticker_stop_op_cb
                0x0000000000007210       0x54 zephyr/subsys/bluetooth/controller/libsubsys__bluetooth__controller.a(lll.c.obj)
 .text.ticker_start_op_cb
                0x0000000000007264       0x9c zephyr/subsys/bluetooth/controller/libsubsys__bluetooth__controller.a(lll.c.obj)
 .text.preempt_ticker_cb
                0x0000000000007300       0x7c zephyr/subsys/bluetooth/controller/libsubsys__bluetooth__controller.a(lll.c.obj)
 .text.preempt_ticker_stop
                0x000000000000737c       0x80 zephyr/subsys/bluetooth/controller/libsubsys__bluetooth__controller.a(lll.c.obj)
 .text.preempt_ticker_start
                0x00000000000073fc       0xd0 zephyr/subsys/bluetooth/controller/libsubsys__bluetooth__controller.a(lll.c.obj)
 .text.preempt  0x00000000000074cc      0x104 zephyr/subsys/bluetooth/controller/libsubsys__bluetooth__controller.a(lll.c.obj)
 .text.lll_init
                0x00000000000075d0       0x68 zephyr/subsys/bluetooth/controller/libsubsys__bluetooth__controller.a(lll.c.obj)
                0x00000000000075d0                lll_init
 .text.lll_csrand_get
                0x0000000000007638       0x1c zephyr/subsys/bluetooth/controller/libsubsys__bluetooth__controller.a(lll.c.obj)
                0x0000000000007638                lll_csrand_get
 .text.lll_csrand_isr_get
                0x0000000000007654       0x28 zephyr/subsys/bluetooth/controller/libsubsys__bluetooth__controller.a(lll.c.obj)
                0x0000000000007654                lll_csrand_isr_get
 .text.lll_disable
                0x000000000000767c       0x78 zephyr/subsys/bluetooth/controller/libsubsys__bluetooth__controller.a(lll.c.obj)
                0x000000000000767c                lll_disable
 .text.lll_done
                0x00000000000076f4       0x9c zephyr/subsys/bluetooth/controller/libsubsys__bluetooth__controller.a(lll.c.obj)
                0x00000000000076f4                lll_done
 .text.lll_chan_set
                0x0000000000007790       0x64 zephyr/subsys/bluetooth/controller/libsubsys__bluetooth__controller.a(lll.c.obj)
                0x0000000000007790                lll_chan_set
 .text.lll_isr_cleanup
                0x00000000000077f4       0x54 zephyr/subsys/bluetooth/controller/libsubsys__bluetooth__controller.a(lll.c.obj)
                0x00000000000077f4                lll_isr_cleanup
 .text.lll_prepare_resolve
                0x0000000000007848      0x148 zephyr/subsys/bluetooth/controller/libsubsys__bluetooth__controller.a(lll.c.obj)
                0x0000000000007848                lll_prepare_resolve
 .text.lll_clock_init
                0x0000000000007990       0x20 zephyr/subsys/bluetooth/controller/libsubsys__bluetooth__controller.a(lll_clock.c.obj)
                0x0000000000007990                lll_clock_init
 .text.lll_hfclock_on
                0x00000000000079b0       0x2c zephyr/subsys/bluetooth/controller/libsubsys__bluetooth__controller.a(lll_clock.c.obj)
                0x00000000000079b0                lll_hfclock_on
 .text.lll_hfclock_off
                0x00000000000079dc       0x38 zephyr/subsys/bluetooth/controller/libsubsys__bluetooth__controller.a(lll_clock.c.obj)
                0x00000000000079dc                lll_hfclock_off
 .text.isr_tx   0x0000000000007a14       0xc8 zephyr/subsys/bluetooth/controller/libsubsys__bluetooth__controller.a(lll_adv.c.obj)
 .text.abort_cb
                0x0000000000007adc       0x50 zephyr/subsys/bluetooth/controller/libsubsys__bluetooth__controller.a(lll_adv.c.obj)
 .text.lll_adv_init
                0x0000000000007b2c       0x30 zephyr/subsys/bluetooth/controller/libsubsys__bluetooth__controller.a(lll_adv.c.obj)
                0x0000000000007b2c                lll_adv_init
 .text.lll_adv_data_init
                0x0000000000007b5c       0x20 zephyr/subsys/bluetooth/controller/libsubsys__bluetooth__controller.a(lll_adv.c.obj)
                0x0000000000007b5c                lll_adv_data_init
 .text.lll_adv_pdu_alloc_pdu_adv
                0x0000000000007b7c       0xec zephyr/subsys/bluetooth/controller/libsubsys__bluetooth__controller.a(lll_adv.c.obj)
                0x0000000000007b7c                lll_adv_pdu_alloc_pdu_adv
 .text.lll_adv_pdu_latest_get
                0x0000000000007c68       0x68 zephyr/subsys/bluetooth/controller/libsubsys__bluetooth__controller.a(lll_adv.c.obj)
                0x0000000000007c68                lll_adv_pdu_latest_get
 .text.chan_prepare.isra.0
                0x0000000000007cd0      0x10c zephyr/subsys/bluetooth/controller/libsubsys__bluetooth__controller.a(lll_adv.c.obj)
 .text.prepare_cb
                0x0000000000007ddc       0xf4 zephyr/subsys/bluetooth/controller/libsubsys__bluetooth__controller.a(lll_adv.c.obj)
 .text.lll_adv_prepare
                0x0000000000007ed0       0x74 zephyr/subsys/bluetooth/controller/libsubsys__bluetooth__controller.a(lll_adv.c.obj)
                0x0000000000007ed0                lll_adv_prepare
 .text.isr_rx   0x0000000000007f44      0x130 zephyr/subsys/bluetooth/controller/libsubsys__bluetooth__controller.a(lll_adv.c.obj)
 .text.cntr_init
                0x0000000000008074       0x1c zephyr/subsys/bluetooth/controller/libsubsys__bluetooth__controller.a(cntr.c.obj)
                0x0000000000008074                cntr_init
 .text.cntr_start
                0x0000000000008090       0x1c zephyr/subsys/bluetooth/controller/libsubsys__bluetooth__controller.a(cntr.c.obj)
                0x0000000000008090                cntr_start
 .text.cntr_stop
                0x00000000000080ac       0x4c zephyr/subsys/bluetooth/controller/libsubsys__bluetooth__controller.a(cntr.c.obj)
                0x00000000000080ac                cntr_stop
 .text.cntr_cnt_get
                0x00000000000080f8        0xc zephyr/subsys/bluetooth/controller/libsubsys__bluetooth__controller.a(cntr.c.obj)
                0x00000000000080f8                cntr_cnt_get
 .text.cntr_cmp_set
                0x0000000000008104       0x10 zephyr/subsys/bluetooth/controller/libsubsys__bluetooth__controller.a(cntr.c.obj)
                0x0000000000008104                cntr_cmp_set
 .text.do_ecb   0x0000000000008114       0x48 zephyr/subsys/bluetooth/controller/libsubsys__bluetooth__controller.a(ecb.c.obj)
 .text.hal_radio_enable_on_tick_ppi_config_and_enable
                0x000000000000815c       0x28 zephyr/subsys/bluetooth/controller/libsubsys__bluetooth__controller.a(radio.c.obj)
 .text.isr_radio
                0x0000000000008184       0x20 zephyr/subsys/bluetooth/controller/libsubsys__bluetooth__controller.a(radio.c.obj)
                0x0000000000008184                isr_radio
 .text.radio_isr_set
                0x00000000000081a4       0x40 zephyr/subsys/bluetooth/controller/libsubsys__bluetooth__controller.a(radio.c.obj)
                0x00000000000081a4                radio_isr_set
 .text.radio_reset
                0x00000000000081e4       0x48 zephyr/subsys/bluetooth/controller/libsubsys__bluetooth__controller.a(radio.c.obj)
                0x00000000000081e4                radio_reset
 .text.radio_phy_set
                0x000000000000822c       0x20 zephyr/subsys/bluetooth/controller/libsubsys__bluetooth__controller.a(radio.c.obj)
                0x000000000000822c                radio_phy_set
 .text.radio_tx_power_set
                0x000000000000824c        0xc zephyr/subsys/bluetooth/controller/libsubsys__bluetooth__controller.a(radio.c.obj)
                0x000000000000824c                radio_tx_power_set
 .text.radio_freq_chan_set
                0x0000000000008258        0xc zephyr/subsys/bluetooth/controller/libsubsys__bluetooth__controller.a(radio.c.obj)
                0x0000000000008258                radio_freq_chan_set
 .text.radio_whiten_iv_set
                0x0000000000008264       0x24 zephyr/subsys/bluetooth/controller/libsubsys__bluetooth__controller.a(radio.c.obj)
                0x0000000000008264                radio_whiten_iv_set
 .text.radio_aa_set
                0x0000000000008288       0x30 zephyr/subsys/bluetooth/controller/libsubsys__bluetooth__controller.a(radio.c.obj)
                0x0000000000008288                radio_aa_set
 .text.radio_pkt_configure
                0x00000000000082b8       0x4c zephyr/subsys/bluetooth/controller/libsubsys__bluetooth__controller.a(radio.c.obj)
                0x00000000000082b8                radio_pkt_configure
 .text.radio_pkt_rx_set
                0x0000000000008304        0xc zephyr/subsys/bluetooth/controller/libsubsys__bluetooth__controller.a(radio.c.obj)
                0x0000000000008304                radio_pkt_rx_set
 .text.radio_pkt_tx_set
                0x0000000000008310        0xc zephyr/subsys/bluetooth/controller/libsubsys__bluetooth__controller.a(radio.c.obj)
                0x0000000000008310                radio_pkt_tx_set
 .text.radio_tx_enable
                0x000000000000831c        0xc zephyr/subsys/bluetooth/controller/libsubsys__bluetooth__controller.a(radio.c.obj)
                0x000000000000831c                radio_tx_enable
 .text.radio_disable
                0x0000000000008328       0x24 zephyr/subsys/bluetooth/controller/libsubsys__bluetooth__controller.a(radio.c.obj)
                0x0000000000008328                radio_disable
 .text.radio_status_reset
                0x000000000000834c       0x18 zephyr/subsys/bluetooth/controller/libsubsys__bluetooth__controller.a(radio.c.obj)
                0x000000000000834c                radio_status_reset
 .text.radio_is_ready
                0x0000000000008364       0x14 zephyr/subsys/bluetooth/controller/libsubsys__bluetooth__controller.a(radio.c.obj)
                0x0000000000008364                radio_is_ready
 .text.radio_is_done
                0x0000000000008378       0x14 zephyr/subsys/bluetooth/controller/libsubsys__bluetooth__controller.a(radio.c.obj)
                0x0000000000008378                radio_is_done
 .text.radio_is_idle
                0x000000000000838c       0x14 zephyr/subsys/bluetooth/controller/libsubsys__bluetooth__controller.a(radio.c.obj)
                0x000000000000838c                radio_is_idle
 .text.radio_crc_configure
                0x00000000000083a0       0x18 zephyr/subsys/bluetooth/controller/libsubsys__bluetooth__controller.a(radio.c.obj)
                0x00000000000083a0                radio_crc_configure
 .text.radio_crc_is_valid
                0x00000000000083b8       0x14 zephyr/subsys/bluetooth/controller/libsubsys__bluetooth__controller.a(radio.c.obj)
                0x00000000000083b8                radio_crc_is_valid
 .text.sw_switch
                0x00000000000083cc       0xe0 zephyr/subsys/bluetooth/controller/libsubsys__bluetooth__controller.a(radio.c.obj)
                0x00000000000083cc                sw_switch
 .text.radio_switch_complete_and_rx
                0x00000000000084ac       0x28 zephyr/subsys/bluetooth/controller/libsubsys__bluetooth__controller.a(radio.c.obj)
                0x00000000000084ac                radio_switch_complete_and_rx
 .text.radio_switch_complete_and_tx
                0x00000000000084d4       0x28 zephyr/subsys/bluetooth/controller/libsubsys__bluetooth__controller.a(radio.c.obj)
                0x00000000000084d4                radio_switch_complete_and_tx
 .text.radio_switch_complete_and_disable
                0x00000000000084fc       0x1c zephyr/subsys/bluetooth/controller/libsubsys__bluetooth__controller.a(radio.c.obj)
                0x00000000000084fc                radio_switch_complete_and_disable
 .text.radio_rssi_status_reset
                0x0000000000008518       0x10 zephyr/subsys/bluetooth/controller/libsubsys__bluetooth__controller.a(radio.c.obj)
                0x0000000000008518                radio_rssi_status_reset
 .text.radio_rssi_is_ready
                0x0000000000008528       0x14 zephyr/subsys/bluetooth/controller/libsubsys__bluetooth__controller.a(radio.c.obj)
                0x0000000000008528                radio_rssi_is_ready
 .text.radio_filter_configure
                0x000000000000853c       0x38 zephyr/subsys/bluetooth/controller/libsubsys__bluetooth__controller.a(radio.c.obj)
                0x000000000000853c                radio_filter_configure
 .text.radio_filter_disable
                0x0000000000008574       0x14 zephyr/subsys/bluetooth/controller/libsubsys__bluetooth__controller.a(radio.c.obj)
                0x0000000000008574                radio_filter_disable
 .text.radio_filter_status_reset
                0x0000000000008588       0x10 zephyr/subsys/bluetooth/controller/libsubsys__bluetooth__controller.a(radio.c.obj)
                0x0000000000008588                radio_filter_status_reset
 .text.radio_filter_has_match
                0x0000000000008598       0x14 zephyr/subsys/bluetooth/controller/libsubsys__bluetooth__controller.a(radio.c.obj)
                0x0000000000008598                radio_filter_has_match
 .text.radio_filter_match_get
                0x00000000000085ac        0xc zephyr/subsys/bluetooth/controller/libsubsys__bluetooth__controller.a(radio.c.obj)
                0x00000000000085ac                radio_filter_match_get
 .text.radio_bc_configure
                0x00000000000085b8       0x18 zephyr/subsys/bluetooth/controller/libsubsys__bluetooth__controller.a(radio.c.obj)
                0x00000000000085b8                radio_bc_configure
 .text.radio_tmr_status_reset
                0x00000000000085d0       0x20 zephyr/subsys/bluetooth/controller/libsubsys__bluetooth__controller.a(radio.c.obj)
                0x00000000000085d0                radio_tmr_status_reset
 .text.radio_tmr_tifs_set
                0x00000000000085f0       0x18 zephyr/subsys/bluetooth/controller/libsubsys__bluetooth__controller.a(radio.c.obj)
                0x00000000000085f0                radio_tmr_tifs_set
 .text.radio_tmr_start
                0x0000000000008608       0xdc zephyr/subsys/bluetooth/controller/libsubsys__bluetooth__controller.a(radio.c.obj)
                0x0000000000008608                radio_tmr_start
 .text.radio_tmr_stop
                0x00000000000086e4       0x18 zephyr/subsys/bluetooth/controller/libsubsys__bluetooth__controller.a(radio.c.obj)
                0x00000000000086e4                radio_tmr_stop
 .text.radio_tmr_hcto_configure
                0x00000000000086fc       0x18 zephyr/subsys/bluetooth/controller/libsubsys__bluetooth__controller.a(radio.c.obj)
                0x00000000000086fc                radio_tmr_hcto_configure
 .text.radio_tmr_end_capture
                0x0000000000008714       0x10 zephyr/subsys/bluetooth/controller/libsubsys__bluetooth__controller.a(radio.c.obj)
                0x0000000000008714                radio_tmr_end_capture
 .text.radio_tmr_tifs_base_get
                0x0000000000008724        0xc zephyr/subsys/bluetooth/controller/libsubsys__bluetooth__controller.a(radio.c.obj)
                0x0000000000008724                radio_tmr_tifs_base_get
 .text.radio_ar_configure
                0x0000000000008730       0x58 zephyr/subsys/bluetooth/controller/libsubsys__bluetooth__controller.a(radio.c.obj)
                0x0000000000008730                radio_ar_configure
 .text.radio_ar_match_get
                0x0000000000008788        0xc zephyr/subsys/bluetooth/controller/libsubsys__bluetooth__controller.a(radio.c.obj)
                0x0000000000008788                radio_ar_match_get
 .text.radio_ar_status_reset
                0x0000000000008794       0x24 zephyr/subsys/bluetooth/controller/libsubsys__bluetooth__controller.a(radio.c.obj)
                0x0000000000008794                radio_ar_status_reset
 .text.radio_ar_has_match
                0x00000000000087b8       0x28 zephyr/subsys/bluetooth/controller/libsubsys__bluetooth__controller.a(radio.c.obj)
                0x00000000000087b8                radio_ar_has_match
 .text.mayfly_enable_cb
                0x00000000000087e0       0x40 zephyr/subsys/bluetooth/controller/libsubsys__bluetooth__controller.a(mayfly.c.obj)
                0x00000000000087e0                mayfly_enable_cb
 .text.mayfly_is_enabled
                0x0000000000008820       0x40 zephyr/subsys/bluetooth/controller/libsubsys__bluetooth__controller.a(mayfly.c.obj)
                0x0000000000008820                mayfly_is_enabled
 .text.mayfly_pend
                0x0000000000008860       0x4c zephyr/subsys/bluetooth/controller/libsubsys__bluetooth__controller.a(mayfly.c.obj)
                0x0000000000008860                mayfly_pend
 .text.hal_ticker_instance0_caller_id_get
                0x00000000000088ac       0x58 zephyr/subsys/bluetooth/controller/libsubsys__bluetooth__controller.a(ticker.c.obj)
                0x00000000000088ac                hal_ticker_instance0_caller_id_get
 .text.hal_ticker_instance0_sched
                0x0000000000008904       0xc0 zephyr/subsys/bluetooth/controller/libsubsys__bluetooth__controller.a(ticker.c.obj)
                0x0000000000008904                hal_ticker_instance0_sched
 .text.net_buf_pool_get
                0x00000000000089c4       0x10 zephyr/subsys/net/libsubsys__net.a(buf.c.obj)
                0x00000000000089c4                net_buf_pool_get
 .text.net_buf_id
                0x00000000000089d4       0x20 zephyr/subsys/net/libsubsys__net.a(buf.c.obj)
                0x00000000000089d4                net_buf_id
 .text.fixed_data_alloc
                0x00000000000089f4       0x30 zephyr/subsys/net/libsubsys__net.a(buf.c.obj)
 .text.net_buf_alloc_len
                0x0000000000008a24      0x128 zephyr/subsys/net/libsubsys__net.a(buf.c.obj)
                0x0000000000008a24                net_buf_alloc_len
 .text.net_buf_unref
                0x0000000000008b4c       0x64 zephyr/subsys/net/libsubsys__net.a(buf.c.obj)
                0x0000000000008b4c                net_buf_unref
 .text.onoff_stop
                0x0000000000008bb0       0x30 zephyr/drivers/clock_control/libdrivers__clock_control.a(clock_control_nrf.c.obj)
 .text.onoff_start
                0x0000000000008be0       0x44 zephyr/drivers/clock_control/libdrivers__clock_control.a(clock_control_nrf.c.obj)
 .text.clk_init
                0x0000000000008c24       0x60 zephyr/drivers/clock_control/libdrivers__clock_control.a(clock_control_nrf.c.obj)
 .text.clkstarted_handle.constprop.0
                0x0000000000008c84       0x34 zephyr/drivers/clock_control/libdrivers__clock_control.a(clock_control_nrf.c.obj)
 .text.clock_event_handler
                0x0000000000008cb8       0x1c zephyr/drivers/clock_control/libdrivers__clock_control.a(clock_control_nrf.c.obj)
 .text.generic_hfclk_start
                0x0000000000008cd4       0x64 zephyr/drivers/clock_control/libdrivers__clock_control.a(clock_control_nrf.c.obj)
 .text.api_blocking_start
                0x0000000000008d38       0x3c zephyr/drivers/clock_control/libdrivers__clock_control.a(clock_control_nrf.c.obj)
 .text.lfclk_start
                0x0000000000008d74       0x24 zephyr/drivers/clock_control/libdrivers__clock_control.a(clock_control_nrf.c.obj)
 .text.generic_hfclk_stop
                0x0000000000008d98       0x2c zephyr/drivers/clock_control/libdrivers__clock_control.a(clock_control_nrf.c.obj)
 .text.z_nrf_clock_control_get_onoff
                0x0000000000008dc4       0x10 zephyr/drivers/clock_control/libdrivers__clock_control.a(clock_control_nrf.c.obj)
                0x0000000000008dc4                z_nrf_clock_control_get_onoff
 .text.z_nrf_clock_bt_ctlr_hf_request
                0x0000000000008dd4       0x2c zephyr/drivers/clock_control/libdrivers__clock_control.a(clock_control_nrf.c.obj)
                0x0000000000008dd4                z_nrf_clock_bt_ctlr_hf_request
 .text.z_nrf_clock_bt_ctlr_hf_release
                0x0000000000008e00       0x2c zephyr/drivers/clock_control/libdrivers__clock_control.a(clock_control_nrf.c.obj)
                0x0000000000008e00                z_nrf_clock_bt_ctlr_hf_release
 .text.z_nrf_clock_control_lf_on
                0x0000000000008e2c      0x100 zephyr/drivers/clock_control/libdrivers__clock_control.a(clock_control_nrf.c.obj)
                0x0000000000008e2c                z_nrf_clock_control_lf_on
 .text.rtt_console_init
                0x0000000000008f2c       0x18 zephyr/drivers/console/libdrivers__console.a(rtt_console.c.obj)
 .text.rtt_console_out
                0x0000000000008f44       0x6c zephyr/drivers/console/libdrivers__console.a(rtt_console.c.obj)
 .text.gpio_nrfx_pin_interrupt_configure
                0x0000000000008fb0       0xc8 zephyr/drivers/gpio/libdrivers__gpio.a(gpio_nrfx.c.obj)
 .text.gpio_nrfx_init
                0x0000000000009078       0x38 zephyr/drivers/gpio/libdrivers__gpio.a(gpio_nrfx.c.obj)
 .text.nrfx_gpio_handler
                0x00000000000090b0       0x34 zephyr/drivers/gpio/libdrivers__gpio.a(gpio_nrfx.c.obj)
 .text.gpio_nrfx_pin_configure
                0x00000000000090e4      0x15c zephyr/drivers/gpio/libdrivers__gpio.a(gpio_nrfx.c.obj)
 .text.sx1509b_init
                0x0000000000009240      0x160 zephyr/drivers/gpio/libdrivers__gpio.a(gpio_sx1509b.c.obj)
 .text.i2c_nrfx_twim_recover_bus
                0x00000000000093a0       0x20 zephyr/drivers/i2c/libdrivers__i2c.a(i2c_nrfx_twim.c.obj)
 .text.init_twim
                0x00000000000093c0       0x4c zephyr/drivers/i2c/libdrivers__i2c.a(i2c_nrfx_twim.c.obj)
 .text.event_handler
                0x000000000000940c       0x34 zephyr/drivers/i2c/libdrivers__i2c.a(i2c_nrfx_twim.c.obj)
 .text.i2c_nrfx_twim_configure
                0x0000000000009440       0x58 zephyr/drivers/i2c/libdrivers__i2c.a(i2c_nrfx_twim.c.obj)
 .text.i2c_nrfx_twim_transfer
                0x0000000000009498      0x250 zephyr/drivers/i2c/libdrivers__i2c.a(i2c_nrfx_twim.c.obj)
 .text.common_init.isra.0
                0x00000000000096e8       0x8c zephyr/drivers/regulator/libdrivers__regulator.a(regulator_fixed.c.obj)
 .text.regulator_fixed_init_onoff
                0x0000000000009774       0x58 zephyr/drivers/regulator/libdrivers__regulator.a(regulator_fixed.c.obj)
 .text.regulator_fixed_init_sync
                0x00000000000097cc       0x34 zephyr/drivers/regulator/libdrivers__regulator.a(regulator_fixed.c.obj)
 .text.finalize_transition
                0x0000000000009800       0x78 zephyr/drivers/regulator/libdrivers__regulator.a(regulator_fixed.c.obj)
 .text.uarte_nrfx_configure
                0x0000000000009878      0x158 zephyr/drivers/serial/libdrivers__serial.a(uart_nrfx_uarte.c.obj)
 .text.uarte_nrfx_poll_out
                0x00000000000099d0       0xc4 zephyr/drivers/serial/libdrivers__serial.a(uart_nrfx_uarte.c.obj)
 .text.uarte_0_init
                0x0000000000009a94      0x1a4 zephyr/drivers/serial/libdrivers__serial.a(uart_nrfx_uarte.c.obj)
 .text.random_byte_get
                0x0000000000009c38       0x3c zephyr/drivers/entropy/libdrivers__entropy.a(entropy_nrf5.c.obj)
 .text.rng_pool_get
                0x0000000000009c74       0x8c zephyr/drivers/entropy/libdrivers__entropy.a(entropy_nrf5.c.obj)
 .text.entropy_nrf5_get_entropy_isr
                0x0000000000009d00       0xa4 zephyr/drivers/entropy/libdrivers__entropy.a(entropy_nrf5.c.obj)
 .text.entropy_nrf5_get_entropy
                0x0000000000009da4       0x58 zephyr/drivers/entropy/libdrivers__entropy.a(entropy_nrf5.c.obj)
 .text.entropy_nrf5_init
                0x0000000000009dfc       0x70 zephyr/drivers/entropy/libdrivers__entropy.a(entropy_nrf5.c.obj)
 .text.isr      0x0000000000009e6c       0x74 zephyr/drivers/entropy/libdrivers__entropy.a(entropy_nrf5.c.obj)
 .text.compare_int_lock
                0x0000000000009ee0       0x50 zephyr/drivers/timer/libdrivers__timer.a(nrf_rtc_timer.c.obj)
 .text.sys_clock_timeout_handler
                0x0000000000009f30       0x78 zephyr/drivers/timer/libdrivers__timer.a(nrf_rtc_timer.c.obj)
 .text.compare_int_unlock
                0x0000000000009fa8       0x5c zephyr/drivers/timer/libdrivers__timer.a(nrf_rtc_timer.c.obj)
 .text.z_nrf_rtc_timer_read
                0x000000000000a004       0x44 zephyr/drivers/timer/libdrivers__timer.a(nrf_rtc_timer.c.obj)
                0x000000000000a004                z_nrf_rtc_timer_read
 .text.compare_set
                0x000000000000a048      0x148 zephyr/drivers/timer/libdrivers__timer.a(nrf_rtc_timer.c.obj)
 .text.sys_clock_driver_init
                0x000000000000a190       0x80 zephyr/drivers/timer/libdrivers__timer.a(nrf_rtc_timer.c.obj)
 .text.rtc_nrf_isr
                0x000000000000a210       0xec zephyr/drivers/timer/libdrivers__timer.a(nrf_rtc_timer.c.obj)
                0x000000000000a210                rtc_nrf_isr
 .text.sys_clock_set_timeout
                0x000000000000a2fc       0x64 zephyr/drivers/timer/libdrivers__timer.a(nrf_rtc_timer.c.obj)
                0x000000000000a2fc                sys_clock_set_timeout
 .text.sys_clock_elapsed
                0x000000000000a360       0x14 zephyr/drivers/timer/libdrivers__timer.a(nrf_rtc_timer.c.obj)
                0x000000000000a360                sys_clock_elapsed
 .text.nrf52_errata_16
                0x000000000000a374       0x28 modules/hal_nordic/nrfx/libmodules__hal_nordic__nrfx.a(system_nrf52.c.obj)
 .text.nvmc_wait
                0x000000000000a39c       0x10 modules/hal_nordic/nrfx/libmodules__hal_nordic__nrfx.a(system_nrf52.c.obj)
                0x000000000000a39c                nvmc_wait
 .text.SystemInit
                0x000000000000a3ac      0x288 modules/hal_nordic/nrfx/libmodules__hal_nordic__nrfx.a(system_nrf52.c.obj)
                0x000000000000a3ac                SystemInit
 .text.nrfx_flag32_alloc
                0x000000000000a634       0x4c modules/hal_nordic/nrfx/libmodules__hal_nordic__nrfx.a(nrfx_flag32_allocator.c.obj)
                0x000000000000a634                nrfx_flag32_alloc
 .text.nrfx_flag32_free
                0x000000000000a680       0x44 modules/hal_nordic/nrfx/libmodules__hal_nordic__nrfx.a(nrfx_flag32_allocator.c.obj)
                0x000000000000a680                nrfx_flag32_free
 .text.nrfx_clock_init
                0x000000000000a6c4       0x20 modules/hal_nordic/nrfx/libmodules__hal_nordic__nrfx.a(nrfx_clock.c.obj)
                0x000000000000a6c4                nrfx_clock_init
 .text.nrfx_clock_start
                0x000000000000a6e4       0x90 modules/hal_nordic/nrfx/libmodules__hal_nordic__nrfx.a(nrfx_clock.c.obj)
                0x000000000000a6e4                nrfx_clock_start
 .text.nrfx_clock_stop
                0x000000000000a774       0x78 modules/hal_nordic/nrfx/libmodules__hal_nordic__nrfx.a(nrfx_clock.c.obj)
                0x000000000000a774                nrfx_clock_stop
 .text.nrfx_power_clock_irq_handler
                0x000000000000a7ec       0x68 modules/hal_nordic/nrfx/libmodules__hal_nordic__nrfx.a(nrfx_clock.c.obj)
                0x000000000000a7ec                nrfx_power_clock_irq_handler
 .text.pin_in_use_by_te
                0x000000000000a854       0x14 modules/hal_nordic/nrfx/libmodules__hal_nordic__nrfx.a(nrfx_gpiote.c.obj)
 .text.call_handler
                0x000000000000a868       0x3c modules/hal_nordic/nrfx/libmodules__hal_nordic__nrfx.a(nrfx_gpiote.c.obj)
 .text.release_handler
                0x000000000000a8a4       0x54 modules/hal_nordic/nrfx/libmodules__hal_nordic__nrfx.a(nrfx_gpiote.c.obj)
 .text.pin_handler_trigger_uninit
                0x000000000000a8f8       0x38 modules/hal_nordic/nrfx/libmodules__hal_nordic__nrfx.a(nrfx_gpiote.c.obj)
 .text.nrfx_gpiote_input_configure
                0x000000000000a930      0x154 modules/hal_nordic/nrfx/libmodules__hal_nordic__nrfx.a(nrfx_gpiote.c.obj)
                0x000000000000a930                nrfx_gpiote_input_configure
 .text.nrfx_gpiote_output_configure
                0x000000000000aa84       0xf0 modules/hal_nordic/nrfx/libmodules__hal_nordic__nrfx.a(nrfx_gpiote.c.obj)
                0x000000000000aa84                nrfx_gpiote_output_configure
 .text.nrfx_gpiote_global_callback_set
                0x000000000000ab74        0xc modules/hal_nordic/nrfx/libmodules__hal_nordic__nrfx.a(nrfx_gpiote.c.obj)
                0x000000000000ab74                nrfx_gpiote_global_callback_set
 .text.nrfx_gpiote_channel_get
                0x000000000000ab80       0x2c modules/hal_nordic/nrfx/libmodules__hal_nordic__nrfx.a(nrfx_gpiote.c.obj)
                0x000000000000ab80                nrfx_gpiote_channel_get
 .text.nrfx_gpiote_init
                0x000000000000abac       0x50 modules/hal_nordic/nrfx/libmodules__hal_nordic__nrfx.a(nrfx_gpiote.c.obj)
                0x000000000000abac                nrfx_gpiote_init
 .text.nrfx_gpiote_is_init
                0x000000000000abfc       0x14 modules/hal_nordic/nrfx/libmodules__hal_nordic__nrfx.a(nrfx_gpiote.c.obj)
                0x000000000000abfc                nrfx_gpiote_is_init
 .text.nrfx_gpiote_channel_free
                0x000000000000ac10        0xc modules/hal_nordic/nrfx/libmodules__hal_nordic__nrfx.a(nrfx_gpiote.c.obj)
                0x000000000000ac10                nrfx_gpiote_channel_free
 .text.nrfx_gpiote_channel_alloc
                0x000000000000ac1c        0xc modules/hal_nordic/nrfx/libmodules__hal_nordic__nrfx.a(nrfx_gpiote.c.obj)
                0x000000000000ac1c                nrfx_gpiote_channel_alloc
 .text.nrfx_gpiote_trigger_enable
                0x000000000000ac28       0x88 modules/hal_nordic/nrfx/libmodules__hal_nordic__nrfx.a(nrfx_gpiote.c.obj)
                0x000000000000ac28                nrfx_gpiote_trigger_enable
 .text.nrfx_gpiote_trigger_disable
                0x000000000000acb0       0x50 modules/hal_nordic/nrfx/libmodules__hal_nordic__nrfx.a(nrfx_gpiote.c.obj)
                0x000000000000acb0                nrfx_gpiote_trigger_disable
 .text.nrfx_gpiote_pin_uninit
                0x000000000000ad00       0x44 modules/hal_nordic/nrfx/libmodules__hal_nordic__nrfx.a(nrfx_gpiote.c.obj)
                0x000000000000ad00                nrfx_gpiote_pin_uninit
 .text.nrfx_gpiote_irq_handler
                0x000000000000ad44      0x150 modules/hal_nordic/nrfx/libmodules__hal_nordic__nrfx.a(nrfx_gpiote.c.obj)
                0x000000000000ad44                nrfx_gpiote_irq_handler
 .text.nrfx_ppi_channel_alloc
                0x000000000000ae94        0xc modules/hal_nordic/nrfx/libmodules__hal_nordic__nrfx.a(nrfx_ppi.c.obj)
                0x000000000000ae94                nrfx_ppi_channel_alloc
 .text.twim_irq_handler
                0x000000000000aea0      0x17c modules/hal_nordic/nrfx/libmodules__hal_nordic__nrfx.a(nrfx_twim.c.obj)
 .text.nrfx_twim_init
                0x000000000000b01c       0xa0 modules/hal_nordic/nrfx/libmodules__hal_nordic__nrfx.a(nrfx_twim.c.obj)
                0x000000000000b01c                nrfx_twim_init
 .text.nrfx_twim_enable
                0x000000000000b0bc       0x20 modules/hal_nordic/nrfx/libmodules__hal_nordic__nrfx.a(nrfx_twim.c.obj)
                0x000000000000b0bc                nrfx_twim_enable
 .text.nrfx_twim_disable
                0x000000000000b0dc       0x3c modules/hal_nordic/nrfx/libmodules__hal_nordic__nrfx.a(nrfx_twim.c.obj)
                0x000000000000b0dc                nrfx_twim_disable
 .text.nrfx_twim_xfer
                0x000000000000b118      0x2fc modules/hal_nordic/nrfx/libmodules__hal_nordic__nrfx.a(nrfx_twim.c.obj)
                0x000000000000b118                nrfx_twim_xfer
 .text.nrfx_twim_0_irq_handler
                0x000000000000b414       0x10 modules/hal_nordic/nrfx/libmodules__hal_nordic__nrfx.a(nrfx_twim.c.obj)
                0x000000000000b414                nrfx_twim_0_irq_handler
 .text.nrfx_twim_1_irq_handler
                0x000000000000b424       0x10 modules/hal_nordic/nrfx/libmodules__hal_nordic__nrfx.a(nrfx_twim.c.obj)
                0x000000000000b424                nrfx_twim_1_irq_handler
 .text.nrfx_twi_twim_bus_recover
                0x000000000000b434       0x90 modules/hal_nordic/nrfx/libmodules__hal_nordic__nrfx.a(nrfx_twi_twim.c.obj)
                0x000000000000b434                nrfx_twi_twim_bus_recover
 .text._DoInit  0x000000000000b4c4       0x60 modules/segger/libmodules__segger.a(SEGGER_RTT.c.obj)
 .text.SEGGER_RTT_WriteSkipNoLock
                0x000000000000b524       0x98 modules/segger/libmodules__segger.a(SEGGER_RTT.c.obj)
                0x000000000000b524                SEGGER_RTT_WriteSkipNoLock
 .text.SEGGER_RTT_WriteNoLock
                0x000000000000b5bc       0x60 modules/segger/libmodules__segger.a(SEGGER_RTT.c.obj)
                0x000000000000b5bc                SEGGER_RTT_WriteNoLock
 .text.SEGGER_RTT_HasDataUp
                0x000000000000b61c       0x14 modules/segger/libmodules__segger.a(SEGGER_RTT.c.obj)
                0x000000000000b61c                SEGGER_RTT_HasDataUp
 .text.z_sys_init_run_level
                0x000000000000b630       0x40 zephyr/kernel/libkernel.a(device.c.obj)
                0x000000000000b630                z_sys_init_run_level
 .text.z_impl_device_get_binding
                0x000000000000b670       0x54 zephyr/kernel/libkernel.a(device.c.obj)
                0x000000000000b670                z_impl_device_get_binding
 .text.k_sys_fatal_error_handler
                0x000000000000b6c4       0x30 zephyr/kernel/libkernel.a(fatal.c.obj)
                0x000000000000b6c4                k_sys_fatal_error_handler
 .text.z_fatal_error
                0x000000000000b6f4       0xc8 zephyr/kernel/libkernel.a(fatal.c.obj)
                0x000000000000b6f4                z_fatal_error
 .text.init_idle_thread
                0x000000000000b7bc       0x58 zephyr/kernel/libkernel.a(init.c.obj)
 .text.bg_thread_main
                0x000000000000b814       0x34 zephyr/kernel/libkernel.a(init.c.obj)
 .text.z_bss_zero
                0x000000000000b848       0x14 zephyr/kernel/libkernel.a(init.c.obj)
                0x000000000000b848                z_bss_zero
 .text.z_cstart
                0x000000000000b85c       0xec zephyr/kernel/libkernel.a(init.c.obj)
                0x000000000000b85c                z_cstart
 .text.statics_init
                0x000000000000b948       0x24 zephyr/kernel/libkernel.a(kheap.c.obj)
 .text.init_mem_slab_module
                0x000000000000b96c       0x44 zephyr/kernel/libkernel.a(mem_slab.c.obj)
 .text.z_setup_new_thread
                0x000000000000b9b0       0x64 zephyr/kernel/libkernel.a(thread.c.obj)
                0x000000000000b9b0                z_setup_new_thread
 .text.z_impl_k_thread_create
                0x000000000000ba14       0x58 zephyr/kernel/libkernel.a(thread.c.obj)
                0x000000000000ba14                z_impl_k_thread_create
 .text.z_init_static_threads
                0x000000000000ba6c       0xb8 zephyr/kernel/libkernel.a(thread.c.obj)
                0x000000000000ba6c                z_init_static_threads
 .text.idle     0x000000000000bb24       0x38 zephyr/kernel/libkernel.a(idle.c.obj)
                0x000000000000bb24                idle
 .text.z_impl_k_mutex_lock
                0x000000000000bb5c       0xf0 zephyr/kernel/libkernel.a(mutex.c.obj)
                0x000000000000bb5c                z_impl_k_mutex_lock
 .text.z_impl_k_mutex_unlock
                0x000000000000bc4c       0x84 zephyr/kernel/libkernel.a(mutex.c.obj)
                0x000000000000bc4c                z_impl_k_mutex_unlock
 .text.z_impl_k_queue_get
                0x000000000000bcd0       0x68 zephyr/kernel/libkernel.a(queue.c.obj)
                0x000000000000bcd0                z_impl_k_queue_get
 .text.z_impl_k_sem_give
                0x000000000000bd38       0x4c zephyr/kernel/libkernel.a(sem.c.obj)
                0x000000000000bd38                z_impl_k_sem_give
 .text.z_impl_k_sem_take
                0x000000000000bd84       0x50 zephyr/kernel/libkernel.a(sem.c.obj)
                0x000000000000bd84                z_impl_k_sem_take
 .text.work_queue_main
                0x000000000000bdd4      0x12c zephyr/kernel/libkernel.a(work.c.obj)
 .text.submit_to_queue_locked
                0x000000000000bf00       0xa0 zephyr/kernel/libkernel.a(work.c.obj)
 .text.k_work_submit
                0x000000000000bfa0        0xc zephyr/kernel/libkernel.a(work.c.obj)
                0x000000000000bfa0                k_work_submit
 .text.k_work_queue_start
                0x000000000000bfac       0x70 zephyr/kernel/libkernel.a(work.c.obj)
                0x000000000000bfac                k_work_queue_start
 .text.k_work_schedule_for_queue
                0x000000000000c01c       0x54 zephyr/kernel/libkernel.a(work.c.obj)
                0x000000000000c01c                k_work_schedule_for_queue
 .text.k_work_schedule
                0x000000000000c070        0xc zephyr/kernel/libkernel.a(work.c.obj)
                0x000000000000c070                k_work_schedule
 .text.k_work_reschedule_for_queue
                0x000000000000c07c       0x5c zephyr/kernel/libkernel.a(work.c.obj)
                0x000000000000c07c                k_work_reschedule_for_queue
 .text.k_work_reschedule
                0x000000000000c0d8        0xc zephyr/kernel/libkernel.a(work.c.obj)
                0x000000000000c0d8                k_work_reschedule
 .text.z_reset_time_slice
                0x000000000000c0e4       0x2c zephyr/kernel/libkernel.a(sched.c.obj)
                0x000000000000c0e4                z_reset_time_slice
 .text.k_sched_time_slice_set
                0x000000000000c110       0x60 zephyr/kernel/libkernel.a(sched.c.obj)
                0x000000000000c110                k_sched_time_slice_set
 .text.z_reschedule
                0x000000000000c170       0x24 zephyr/kernel/libkernel.a(sched.c.obj)
                0x000000000000c170                z_reschedule
 .text.k_sched_lock
                0x000000000000c194       0x28 zephyr/kernel/libkernel.a(sched.c.obj)
                0x000000000000c194                k_sched_lock
 .text.update_cache
                0x000000000000c1bc       0x40 zephyr/kernel/libkernel.a(sched.c.obj)
 .text.move_thread_to_end_of_prio_q
                0x000000000000c1fc       0x74 zephyr/kernel/libkernel.a(sched.c.obj)
 .text.z_time_slice
                0x000000000000c270       0x80 zephyr/kernel/libkernel.a(sched.c.obj)
                0x000000000000c270                z_time_slice
 .text.ready_thread
                0x000000000000c2f0       0x6c zephyr/kernel/libkernel.a(sched.c.obj)
 .text.z_sched_start
                0x000000000000c35c       0x3c zephyr/kernel/libkernel.a(sched.c.obj)
                0x000000000000c35c                z_sched_start
 .text.unready_thread
                0x000000000000c398       0x30 zephyr/kernel/libkernel.a(sched.c.obj)
 .text.pend     0x000000000000c3c8       0x4c zephyr/kernel/libkernel.a(sched.c.obj)
 .text.z_pend_curr
                0x000000000000c414       0x28 zephyr/kernel/libkernel.a(sched.c.obj)
                0x000000000000c414                z_pend_curr
 .text.z_set_prio
                0x000000000000c43c       0x90 zephyr/kernel/libkernel.a(sched.c.obj)
                0x000000000000c43c                z_set_prio
 .text.z_impl_k_thread_suspend
                0x000000000000c4cc       0x64 zephyr/kernel/libkernel.a(sched.c.obj)
                0x000000000000c4cc                z_impl_k_thread_suspend
 .text.k_sched_unlock
                0x000000000000c530       0x38 zephyr/kernel/libkernel.a(sched.c.obj)
                0x000000000000c530                k_sched_unlock
 .text.z_sched_init
                0x000000000000c568       0x18 zephyr/kernel/libkernel.a(sched.c.obj)
                0x000000000000c568                z_sched_init
 .text.z_impl_k_yield
                0x000000000000c580       0x80 zephyr/kernel/libkernel.a(sched.c.obj)
                0x000000000000c580                z_impl_k_yield
 .text.z_tick_sleep
                0x000000000000c600       0x90 zephyr/kernel/libkernel.a(sched.c.obj)
 .text.z_impl_k_sleep
                0x000000000000c690       0x34 zephyr/kernel/libkernel.a(sched.c.obj)
                0x000000000000c690                z_impl_k_sleep
 .text.z_impl_z_current_get
                0x000000000000c6c4        0xc zephyr/kernel/libkernel.a(sched.c.obj)
                0x000000000000c6c4                z_impl_z_current_get
 .text.z_impl_k_is_preempt_thread
                0x000000000000c6d0       0x20 zephyr/kernel/libkernel.a(sched.c.obj)
                0x000000000000c6d0                z_impl_k_is_preempt_thread
 .text.z_thread_abort
                0x000000000000c6f0       0xa4 zephyr/kernel/libkernel.a(sched.c.obj)
                0x000000000000c6f0                z_thread_abort
 .text.z_sched_wait
                0x000000000000c794       0x24 zephyr/kernel/libkernel.a(sched.c.obj)
                0x000000000000c794                z_sched_wait
 .text.z_data_copy
                0x000000000000c7b8       0x34 zephyr/kernel/libkernel.a(xip.c.obj)
                0x000000000000c7b8                z_data_copy
 .text.elapsed  0x000000000000c7ec       0x14 zephyr/kernel/libkernel.a(timeout.c.obj)
 .text.next_timeout
                0x000000000000c800       0x50 zephyr/kernel/libkernel.a(timeout.c.obj)
 .text.remove_timeout
                0x000000000000c850       0x34 zephyr/kernel/libkernel.a(timeout.c.obj)
 .text.z_add_timeout
                0x000000000000c884       0xf4 zephyr/kernel/libkernel.a(timeout.c.obj)
                0x000000000000c884                z_add_timeout
 .text.sys_clock_announce
                0x000000000000c978       0xb8 zephyr/kernel/libkernel.a(timeout.c.obj)
                0x000000000000c978                sys_clock_announce
 .text.sys_clock_tick_get
                0x000000000000ca30       0x30 zephyr/kernel/libkernel.a(timeout.c.obj)
                0x000000000000ca30                sys_clock_tick_get
 .text.z_timer_expiration_handler
                0x000000000000ca60       0x8c zephyr/kernel/libkernel.a(timer.c.obj)
                0x000000000000ca60                z_timer_expiration_handler
 .text.z_impl_k_timer_start
                0x000000000000caec       0xa4 zephyr/kernel/libkernel.a(timer.c.obj)
                0x000000000000caec                z_impl_k_timer_start
 .text.z_impl_k_poll
                0x000000000000cb90       0xb8 zephyr/kernel/libkernel.a(poll.c.obj)
                0x000000000000cb90                z_impl_k_poll
 .text.z_impl_k_poll_signal_raise
                0x000000000000cc48       0x50 zephyr/kernel/libkernel.a(poll.c.obj)
                0x000000000000cc48                z_impl_k_poll_signal_raise
 .text.z_thread_aligned_alloc
                0x000000000000cc98       0x40 zephyr/kernel/libkernel.a(mempool.c.obj)
                0x000000000000cc98                z_thread_aligned_alloc
 .text.boot_banner
                0x000000000000ccd8       0x18 zephyr/kernel/libkernel.a(banner.c.obj)
                0x000000000000ccd8                boot_banner
 .text.k_sys_work_q_init
                0x000000000000ccf0       0x34 zephyr/kernel/libkernel.a(system_work_q.c.obj)
 .text._OffsetAbsSyms
                0x000000000000cd24        0x2 zephyr/CMakeFiles/offsets.dir/./arch/arm/core/offsets/offsets.c.obj
                0x000000000000cd24                _OffsetAbsSyms
 .text.cbpprintf
                0x000000000000cd26       0x54 zephyr/libzephyr.a(cbprintf_packaged.c.obj)
                0x000000000000cd26                cbpprintf
 .text.sys_notify_validate
                0x000000000000cd7a       0x28 zephyr/libzephyr.a(notify.c.obj)
                0x000000000000cd7a                sys_notify_validate
 .text.sys_notify_finalize
                0x000000000000cda2       0x32 zephyr/libzephyr.a(notify.c.obj)
                0x000000000000cda2                sys_notify_finalize
 .text.arch_printk_char_out
                0x000000000000cdd4        0x4 zephyr/libzephyr.a(printk.c.obj)
                0x000000000000cdd4                arch_printk_char_out
 .text.str_out  0x000000000000cdd8       0x26 zephyr/libzephyr.a(printk.c.obj)
 .text.printk   0x000000000000cdfe       0x1a zephyr/libzephyr.a(printk.c.obj)
                0x000000000000cdfe                printk
 .text.snprintk
                0x000000000000ce18       0x1a zephyr/libzephyr.a(printk.c.obj)
                0x000000000000ce18                snprintk
 .text.process_recheck
                0x000000000000ce32       0x38 zephyr/libzephyr.a(onoff.c.obj)
 .text.notify_one
                0x000000000000ce6a       0x2c zephyr/libzephyr.a(onoff.c.obj)
 .text.transition_complete
                0x000000000000ce96       0x1c zephyr/libzephyr.a(onoff.c.obj)
 .text.validate_args
                0x000000000000ceb2       0x1e zephyr/libzephyr.a(onoff.c.obj)
 .text.onoff_manager_init
                0x000000000000ced0       0x26 zephyr/libzephyr.a(onoff.c.obj)
                0x000000000000ced0                onoff_manager_init
 .text.onoff_request
                0x000000000000cef6       0x92 zephyr/libzephyr.a(onoff.c.obj)
                0x000000000000cef6                onoff_request
 .text.onoff_release
                0x000000000000cf88       0x4a zephyr/libzephyr.a(onoff.c.obj)
                0x000000000000cf88                onoff_release
 .text.onoff_sync_lock
                0x000000000000cfd2       0x16 zephyr/libzephyr.a(onoff.c.obj)
                0x000000000000cfd2                onoff_sync_lock
 .text.onoff_sync_finalize
                0x000000000000cfe8       0x42 zephyr/libzephyr.a(onoff.c.obj)
                0x000000000000cfe8                onoff_sync_finalize
 .text.z_thread_entry
                0x000000000000d02a       0x14 zephyr/libzephyr.a(thread_entry.c.obj)
                0x000000000000d02a                z_thread_entry
 .text.chunk_size
                0x000000000000d03e        0xa zephyr/libzephyr.a(heap.c.obj)
 .text.free_list_add
                0x000000000000d048       0x4e zephyr/libzephyr.a(heap.c.obj)
 .text.free_list_remove_bidx
                0x000000000000d096       0x3a zephyr/libzephyr.a(heap.c.obj)
 .text.free_list_remove
                0x000000000000d0d0       0x1a zephyr/libzephyr.a(heap.c.obj)
 .text.alloc_chunk
                0x000000000000d0ea       0x6c zephyr/libzephyr.a(heap.c.obj)
 .text.merge_chunks
                0x000000000000d156       0x2c zephyr/libzephyr.a(heap.c.obj)
 .text.split_chunks
                0x000000000000d182       0x34 zephyr/libzephyr.a(heap.c.obj)
 .text.free_chunk
                0x000000000000d1b6       0x62 zephyr/libzephyr.a(heap.c.obj)
 .text.sys_heap_free
                0x000000000000d218       0x1e zephyr/libzephyr.a(heap.c.obj)
                0x000000000000d218                sys_heap_free
 .text.sys_heap_alloc
                0x000000000000d236       0x52 zephyr/libzephyr.a(heap.c.obj)
                0x000000000000d236                sys_heap_alloc
 .text.sys_heap_aligned_alloc
                0x000000000000d288       0xd0 zephyr/libzephyr.a(heap.c.obj)
                0x000000000000d288                sys_heap_aligned_alloc
 .text.sys_heap_init
                0x000000000000d358       0x72 zephyr/libzephyr.a(heap.c.obj)
                0x000000000000d358                sys_heap_init
 .text.encode_uint
                0x000000000000d3ca       0x8c zephyr/libzephyr.a(cbprintf_complete.c.obj)
 .text.outs     0x000000000000d456       0x2c zephyr/libzephyr.a(cbprintf_complete.c.obj)
 .text.free_space
                0x000000000000d482       0x2a zephyr/libzephyr.a(mpsc_pbuf.c.obj)
 .text.idx_inc  0x000000000000d4ac       0x1c zephyr/libzephyr.a(mpsc_pbuf.c.obj)
 .text.add_skip_item
                0x000000000000d4c8       0x2c zephyr/libzephyr.a(mpsc_pbuf.c.obj)
 .text.drop_item_locked
                0x000000000000d4f4       0xb4 zephyr/libzephyr.a(mpsc_pbuf.c.obj)
 .text.mpsc_pbuf_init
                0x000000000000d5a8       0x3e zephyr/libzephyr.a(mpsc_pbuf.c.obj)
                0x000000000000d5a8                mpsc_pbuf_init
 .text.mpsc_pbuf_alloc
                0x000000000000d5e6       0xec zephyr/libzephyr.a(mpsc_pbuf.c.obj)
                0x000000000000d5e6                mpsc_pbuf_alloc
 .text.mpsc_pbuf_commit
                0x000000000000d6d2       0x3a zephyr/libzephyr.a(mpsc_pbuf.c.obj)
                0x000000000000d6d2                mpsc_pbuf_commit
 .text.mpsc_pbuf_claim
                0x000000000000d70c       0x98 zephyr/libzephyr.a(mpsc_pbuf.c.obj)
                0x000000000000d70c                mpsc_pbuf_claim
 .text.mpsc_pbuf_free
                0x000000000000d7a4       0x68 zephyr/libzephyr.a(mpsc_pbuf.c.obj)
                0x000000000000d7a4                mpsc_pbuf_free
 .text.mpsc_pbuf_is_pending
                0x000000000000d80c       0x16 zephyr/libzephyr.a(mpsc_pbuf.c.obj)
                0x000000000000d80c                mpsc_pbuf_is_pending
 .text._ConfigAbsSyms
                0x000000000000d822        0x2 zephyr/libzephyr.a(configs.c.obj)
                0x000000000000d822                _ConfigAbsSyms
 .text.log_msg2_generic_get_wlen
                0x000000000000d824       0x22 zephyr/libzephyr.a(log_core.c.obj)
 .text.default_get_timestamp
                0x000000000000d846        0x4 zephyr/libzephyr.a(log_core.c.obj)
 .text.dummy_timestamp
                0x000000000000d84a        0x4 zephyr/libzephyr.a(log_core.c.obj)
 .text.z_log_vprintk