Archive member included to satisfy reference by file (symbol)

app/libapp.a(main.c.obj)      (--whole-archive)
zephyr/libzephyr.a(cbprintf.c.obj)
                              (--whole-archive)
zephyr/libzephyr.a(cbprintf_packaged.c.obj)
                              (--whole-archive)
zephyr/libzephyr.a(crc32c_sw.c.obj)
                              (--whole-archive)
zephyr/libzephyr.a(crc32_sw.c.obj)
                              (--whole-archive)
zephyr/libzephyr.a(crc16_sw.c.obj)
                              (--whole-archive)
zephyr/libzephyr.a(crc8_sw.c.obj)
                              (--whole-archive)
zephyr/libzephyr.a(crc7_sw.c.obj)
                              (--whole-archive)
zephyr/libzephyr.a(dec.c.obj)
                              (--whole-archive)
zephyr/libzephyr.a(fdtable.c.obj)
                              (--whole-archive)
zephyr/libzephyr.a(hex.c.obj)
                              (--whole-archive)
zephyr/libzephyr.a(notify.c.obj)
                              (--whole-archive)
zephyr/libzephyr.a(printk.c.obj)
                              (--whole-archive)
zephyr/libzephyr.a(onoff.c.obj)
                              (--whole-archive)
zephyr/libzephyr.a(rb.c.obj)  (--whole-archive)
zephyr/libzephyr.a(sem.c.obj)
                              (--whole-archive)
zephyr/libzephyr.a(thread_entry.c.obj)
                              (--whole-archive)
zephyr/libzephyr.a(timeutil.c.obj)
                              (--whole-archive)
zephyr/libzephyr.a(heap.c.obj)
                              (--whole-archive)
zephyr/libzephyr.a(heap-validate.c.obj)
                              (--whole-archive)
zephyr/libzephyr.a(bitarray.c.obj)
                              (--whole-archive)
zephyr/libzephyr.a(multi_heap.c.obj)
                              (--whole-archive)
zephyr/libzephyr.a(cbprintf_complete.c.obj)
                              (--whole-archive)
zephyr/libzephyr.a(configs.c.obj)
                              (--whole-archive)
zephyr/libzephyr.a(soc_nrf_common.S.obj)
                              (--whole-archive)
zephyr/libzephyr.a(validate_base_addresses.c.obj)
                              (--whole-archive)
zephyr/libzephyr.a(validate_enabled_instances.c.obj)
                              (--whole-archive)
zephyr/libzephyr.a(pm.c.obj)  (--whole-archive)
zephyr/libzephyr.a(constraint.c.obj)
                              (--whole-archive)
zephyr/libzephyr.a(state.c.obj)
                              (--whole-archive)
zephyr/libzephyr.a(residency.c.obj)
                              (--whole-archive)
zephyr/libzephyr.a(tracing_none.c.obj)
                              (--whole-archive)
zephyr/arch/common/libarch__common.a(sw_isr_common.c.obj)
                              (--whole-archive)
zephyr/arch/arch/arm/core/aarch32/libarch__arm__core__aarch32.a(cpu_idle.S.obj)
                              (--whole-archive)
zephyr/arch/arch/arm/core/aarch32/libarch__arm__core__aarch32.a(fatal.c.obj)
                              (--whole-archive)
zephyr/arch/arch/arm/core/aarch32/libarch__arm__core__aarch32.a(irq_manage.c.obj)
                              (--whole-archive)
zephyr/arch/arch/arm/core/aarch32/libarch__arm__core__aarch32.a(nmi.c.obj)
                              (--whole-archive)
zephyr/arch/arch/arm/core/aarch32/libarch__arm__core__aarch32.a(nmi_on_reset.S.obj)
                              (--whole-archive)
zephyr/arch/arch/arm/core/aarch32/libarch__arm__core__aarch32.a(prep_c.c.obj)
                              (--whole-archive)
zephyr/arch/arch/arm/core/aarch32/libarch__arm__core__aarch32.a(swap.c.obj)
                              (--whole-archive)
zephyr/arch/arch/arm/core/aarch32/libarch__arm__core__aarch32.a(swap_helper.S.obj)
                              (--whole-archive)
zephyr/arch/arch/arm/core/aarch32/libarch__arm__core__aarch32.a(thread.c.obj)
                              (--whole-archive)
zephyr/arch/arch/arm/core/aarch32/libarch__arm__core__aarch32.a(isr_wrapper.S.obj)
                              (--whole-archive)
zephyr/arch/arch/arm/core/aarch32/cortex_m/libarch__arm__core__aarch32__cortex_m.a(exc_exit.S.obj)
                              (--whole-archive)
zephyr/arch/arch/arm/core/aarch32/cortex_m/libarch__arm__core__aarch32__cortex_m.a(fault.c.obj)
                              (--whole-archive)
zephyr/arch/arch/arm/core/aarch32/cortex_m/libarch__arm__core__aarch32__cortex_m.a(fault_s.S.obj)
                              (--whole-archive)
zephyr/arch/arch/arm/core/aarch32/cortex_m/libarch__arm__core__aarch32__cortex_m.a(fpu.c.obj)
                              (--whole-archive)
zephyr/arch/arch/arm/core/aarch32/cortex_m/libarch__arm__core__aarch32__cortex_m.a(irq_init.c.obj)
                              (--whole-archive)
zephyr/arch/arch/arm/core/aarch32/cortex_m/libarch__arm__core__aarch32__cortex_m.a(reset.S.obj)
                              (--whole-archive)
[...]
Memory Configuration

Name             Origin             Length             Attributes
FLASH            0x0000000000000000 0x0000000000080000 xr
SRAM             0x0000000020000000 0x0000000000010000 xw
IDT_LIST         0x00000000fffff7ff 0x0000000000000800 xw
*default*        0x0000000000000000 0xffffffffffffffff

Linker script and memory map

LOAD zephyr/CMakeFiles/zephyr_pre0.dir/misc/empty_file.c.obj
LOAD zephyr/CMakeFiles/offsets.dir/./arch/arm/core/offsets/offsets.c.obj
                0x0000000000000020                _region_min_align = 0x20

.rel.plt        0x0000000000000000        0x0
 *(SORT_BY_ALIGNMENT(.rel.plt))
                [!provide]                        PROVIDE (__rel_iplt_start = .)
 *(SORT_BY_ALIGNMENT(.rel.iplt))
 .rel.iplt      0x0000000000000000        0x0 app/libapp.a(main.c.obj)
                [!provide]                        PROVIDE (__rel_iplt_end = .)

.rela.plt       0x0000000000000000        0x0
 *(SORT_BY_ALIGNMENT(.rela.plt))
                [!provide]                        PROVIDE (__rela_iplt_start = .)
 *(SORT_BY_ALIGNMENT(.rela.iplt))
                [!provide]                        PROVIDE (__rela_iplt_end = .)

.rel.dyn
 *(SORT_BY_ALIGNMENT(.rel.*))

.rela.dyn
 *(SORT_BY_ALIGNMENT(.rela.*))

/DISCARD/
 *(SORT_BY_ALIGNMENT(.plt))
 *(SORT_BY_ALIGNMENT(.iplt))
 *(SORT_BY_ALIGNMENT(.got.plt))
 *(SORT_BY_ALIGNMENT(.igot.plt))
 *(SORT_BY_ALIGNMENT(.got))
 *(SORT_BY_ALIGNMENT(.igot))
 *(SORT_BY_ALIGNMENT(.note.GNU-stack))
                0x0000000000000000                __rom_region_start = 0x0

rom_start       0x0000000000000000       0xdc
                0x0000000000000000                . = 0x0
                0x0000000000000000                . = ALIGN (0x4)
                0x0000000000000000                . = ALIGN (0x80)
                0x0000000000000000                . = ALIGN (0x100)
                0x0000000000000000                _vector_start = .
 *(SORT_BY_ALIGNMENT(.exc_vector_table))
 *(SORT_BY_ALIGNMENT(.exc_vector_table.*))
 .exc_vector_table._vector_table_section
                0x0000000000000000       0x40 zephyr/arch/arch/arm/core/aarch32/cortex_m/libarch__arm__core__aarch32__cortex_m.a(vector_table.S.obj)
                0x0000000000000000                _vector_table
 *(SORT_BY_ALIGNMENT(.gnu.linkonce.irq_vector_table*))
 .gnu.linkonce.irq_vector_table
                0x0000000000000040       0x9c zephyr/arch/common/libisr_tables.a(isr_tables.c.obj)
                0x0000000000000040                _irq_vector_table
 *(SORT_BY_ALIGNMENT(.vectors))
                0x00000000000000dc                _vector_end = .

text            0x00000000000000dc     0x60bc
                0x00000000000000dc                __text_region_start = .
 *(SORT_BY_ALIGNMENT(.text))
 .text          0x00000000000000dc       0x30 /home/ubuntu/zephyr-sdk-0.13.2/arm-zephyr-eabi/bin/../lib/gcc/arm-zephyr-eabi/10.3.0/thumb/v7e-m/nofp/libgcc.a(_aeabi_uldivmod.o)
                0x00000000000000dc                __aeabi_uldivmod
 .text          0x000000000000010c        0x4 /home/ubuntu/zephyr-sdk-0.13.2/arm-zephyr-eabi/bin/../lib/gcc/arm-zephyr-eabi/10.3.0/thumb/v7e-m/nofp/libgcc.a(_dvmd_tls.o)
                0x000000000000010c                __aeabi_ldiv0
                0x000000000000010c                __aeabi_idiv0
 .text          0x0000000000000110      0x2a6 /home/ubuntu/zephyr-sdk-0.13.2/arm-zephyr-eabi/bin/../lib/gcc/arm-zephyr-eabi/10.3.0/thumb/v7e-m/nofp/libgcc.a(_udivmoddi4.o)
                0x0000000000000110                __udivmoddi4
 *(SORT_BY_ALIGNMENT(.text.*))
 *fill*         0x00000000000003b6        0x2 
 .text.main     0x00000000000003b8      0x1a0 app/libapp.a(main.c.obj)
                0x00000000000003b8                main
 .text.char_out
                0x0000000000000558       0x10 zephyr/libzephyr.a(printk.c.obj)
 .text.__printk_hook_install
                0x0000000000000568        0xc zephyr/libzephyr.a(printk.c.obj)
                0x0000000000000568                __printk_hook_install
 .text.vprintk  0x0000000000000574       0x1c zephyr/libzephyr.a(printk.c.obj)
                0x0000000000000574                vprintk
 .text.process_event
                0x0000000000000590      0x1c0 zephyr/libzephyr.a(onoff.c.obj)
 .text.cbvprintf
                0x0000000000000750      0x784 zephyr/libzephyr.a(cbprintf_complete.c.obj)
                0x0000000000000750                cbvprintf
 .text.pm_state_notify
                0x0000000000000ed4       0x5c zephyr/libzephyr.a(pm.c.obj)
 .text.atomic_test_and_set_bit.constprop.0
                0x0000000000000f30       0x38 zephyr/libzephyr.a(pm.c.obj)
 .text.pm_system_resume
                0x0000000000000f68       0x88 zephyr/libzephyr.a(pm.c.obj)
                0x0000000000000f68                pm_system_resume
 .text.pm_system_suspend
                0x0000000000000ff0       0xf8 zephyr/libzephyr.a(pm.c.obj)
                0x0000000000000ff0                pm_system_suspend
 .text.pm_constraint_get
                0x00000000000010e8       0x1c zephyr/libzephyr.a(constraint.c.obj)
                0x00000000000010e8                pm_constraint_get
 .text.pm_state_cpu_get_all
                0x0000000000001104       0x10 zephyr/libzephyr.a(state.c.obj)
                0x0000000000001104                pm_state_cpu_get_all
 .text.pm_policy_next_state
                0x0000000000001114       0x8c zephyr/libzephyr.a(residency.c.obj)
                0x0000000000001114                pm_policy_next_state
 .text.z_arm_cpu_idle_init
                0x00000000000011a0        0xc zephyr/arch/arch/arm/core/aarch32/libarch__arm__core__aarch32.a(cpu_idle.S.obj)
                0x00000000000011a0                z_arm_cpu_idle_init
 .text.arch_cpu_idle
                0x00000000000011ac       0x1c zephyr/arch/arch/arm/core/aarch32/libarch__arm__core__aarch32.a(cpu_idle.S.obj)
                0x00000000000011ac                arch_cpu_idle
 .text.arch_cpu_atomic_idle
                0x00000000000011c8       0x14 zephyr/arch/arch/arm/core/aarch32/libarch__arm__core__aarch32.a(cpu_idle.S.obj)
                0x00000000000011c8                arch_cpu_atomic_idle
 .text.arch_irq_enable
                0x00000000000011dc       0x20 zephyr/arch/arch/arm/core/aarch32/libarch__arm__core__aarch32.a(irq_manage.c.obj)
                0x00000000000011dc                arch_irq_enable
 .text.arch_irq_is_enabled
                0x00000000000011fc       0x1c zephyr/arch/arch/arm/core/aarch32/libarch__arm__core__aarch32.a(irq_manage.c.obj)
                0x00000000000011fc                arch_irq_is_enabled
 .text.z_arm_irq_priority_set
                0x0000000000001218       0x30 zephyr/arch/arch/arm/core/aarch32/libarch__arm__core__aarch32.a(irq_manage.c.obj)
                0x0000000000001218                z_arm_irq_priority_set
 .text.z_SysNmiOnReset
                0x0000000000001248        0x8 zephyr/arch/arch/arm/core/aarch32/libarch__arm__core__aarch32.a(nmi_on_reset.S.obj)
                0x0000000000001248                z_SysNmiOnReset
 .text.z_arm_prep_c
                0x0000000000001250       0x48 zephyr/arch/arch/arm/core/aarch32/libarch__arm__core__aarch32.a(prep_c.c.obj)
                0x0000000000001250                z_arm_prep_c
 .text.arch_swap
                0x0000000000001298       0x34 zephyr/arch/arch/arm/core/aarch32/libarch__arm__core__aarch32.a(swap.c.obj)
                0x0000000000001298                arch_swap
 .text.z_arm_pendsv
                0x00000000000012cc       0x54 zephyr/arch/arch/arm/core/aarch32/libarch__arm__core__aarch32.a(swap_helper.S.obj)
                0x00000000000012cc                z_arm_pendsv
 .text.z_arm_svc
                0x0000000000001320       0x20 zephyr/arch/arch/arm/core/aarch32/libarch__arm__core__aarch32.a(swap_helper.S.obj)
                0x0000000000001320                z_arm_svc
 .text.arch_new_thread
                0x0000000000001340       0x38 zephyr/arch/arch/arm/core/aarch32/libarch__arm__core__aarch32.a(thread.c.obj)
                0x0000000000001340                arch_new_thread
 .text.z_check_thread_stack_fail
                0x0000000000001378       0x2c zephyr/arch/arch/arm/core/aarch32/libarch__arm__core__aarch32.a(thread.c.obj)
                0x0000000000001378                z_check_thread_stack_fail
 .text.arch_switch_to_main_thread
                0x00000000000013a4       0x2c zephyr/arch/arch/arm/core/aarch32/libarch__arm__core__aarch32.a(thread.c.obj)
                0x00000000000013a4                arch_switch_to_main_thread
 .text._isr_wrapper
                0x00000000000013d0       0x40 zephyr/arch/arch/arm/core/aarch32/libarch__arm__core__aarch32.a(isr_wrapper.S.obj)
                0x00000000000013d0                _isr_wrapper
 .text._HandlerModeExit
                0x0000000000001410       0x1c zephyr/arch/arch/arm/core/aarch32/cortex_m/libarch__arm__core__aarch32__cortex_m.a(exc_exit.S.obj)
                0x0000000000001410                z_arm_exc_exit
                0x0000000000001410                z_arm_int_exit
 .text.mem_manage_fault
                0x000000000000142c       0x6c zephyr/arch/arch/arm/core/aarch32/cortex_m/libarch__arm__core__aarch32__cortex_m.a(fault.c.obj)
 .text.bus_fault.constprop.0
                0x0000000000001498       0x3c zephyr/arch/arch/arm/core/aarch32/cortex_m/libarch__arm__core__aarch32__cortex_m.a(fault.c.obj)
 .text.z_arm_fault
                0x00000000000014d4      0x128 zephyr/arch/arch/arm/core/aarch32/cortex_m/libarch__arm__core__aarch32__cortex_m.a(fault.c.obj)
                0x00000000000014d4                z_arm_fault
 .text.z_arm_fault_init
                0x00000000000015fc       0x10 zephyr/arch/arch/arm/core/aarch32/cortex_m/libarch__arm__core__aarch32__cortex_m.a(fault.c.obj)
                0x00000000000015fc                z_arm_fault_init
 .text.__fault  0x000000000000160c       0x14 zephyr/arch/arch/arm/core/aarch32/cortex_m/libarch__arm__core__aarch32__cortex_m.a(fault_s.S.obj)
                0x000000000000160c                z_arm_bus_fault
                0x000000000000160c                z_arm_usage_fault
                0x000000000000160c                z_arm_mpu_fault
                0x000000000000160c                z_arm_exc_spurious
                0x000000000000160c                z_arm_debug_monitor
                0x000000000000160c                z_arm_hard_fault
 .text.z_arm_interrupt_init
                0x0000000000001620       0x18 zephyr/arch/arch/arm/core/aarch32/cortex_m/libarch__arm__core__aarch32__cortex_m.a(irq_init.c.obj)
                0x0000000000001620                z_arm_interrupt_init
 .text._reset_section
                0x0000000000001638       0x30 zephyr/arch/arch/arm/core/aarch32/cortex_m/libarch__arm__core__aarch32__cortex_m.a(reset.S.obj)
                0x0000000000001638                z_arm_reset
                0x0000000000001638                __start
 .text.z_impl_k_thread_abort
                0x0000000000001668       0x24 zephyr/arch/arch/arm/core/aarch32/cortex_m/libarch__arm__core__aarch32__cortex_m.a(thread_abort.c.obj)
                0x0000000000001668                z_impl_k_thread_abort
 .text.z_arm_configure_static_mpu_regions
                0x000000000000168c       0x18 zephyr/arch/arch/arm/core/aarch32/mpu/libarch__arm__core__aarch32__mpu.a(arm_core_mpu.c.obj)
                0x000000000000168c                z_arm_configure_static_mpu_regions
 .text.z_arm_configure_dynamic_mpu_regions
                0x00000000000016a4       0x20 zephyr/arch/arch/arm/core/aarch32/mpu/libarch__arm__core__aarch32__mpu.a(arm_core_mpu.c.obj)
                0x00000000000016a4                z_arm_configure_dynamic_mpu_regions
 .text.mpu_configure_regions
                0x00000000000016c4       0x84 zephyr/arch/arch/arm/core/aarch32/mpu/libarch__arm__core__aarch32__mpu.a(arm_mpu.c.obj)
 .text.arm_core_mpu_enable
                0x0000000000001748       0x18 zephyr/arch/arch/arm/core/aarch32/mpu/libarch__arm__core__aarch32__mpu.a(arm_mpu.c.obj)
                0x0000000000001748                arm_core_mpu_enable
 .text.arm_core_mpu_disable
                0x0000000000001760       0x14 zephyr/arch/arch/arm/core/aarch32/mpu/libarch__arm__core__aarch32__mpu.a(arm_mpu.c.obj)
                0x0000000000001760                arm_core_mpu_disable
 .text.arm_core_mpu_configure_static_mpu_regions
                0x0000000000001774       0x14 zephyr/arch/arch/arm/core/aarch32/mpu/libarch__arm__core__aarch32__mpu.a(arm_mpu.c.obj)
                0x0000000000001774                arm_core_mpu_configure_static_mpu_regions
 .text.arm_core_mpu_configure_dynamic_mpu_regions
                0x0000000000001788       0x30 zephyr/arch/arch/arm/core/aarch32/mpu/libarch__arm__core__aarch32__mpu.a(arm_mpu.c.obj)
                0x0000000000001788                arm_core_mpu_configure_dynamic_mpu_regions
 .text.z_arm_mpu_init
                0x00000000000017b8       0x60 zephyr/arch/arch/arm/core/aarch32/mpu/libarch__arm__core__aarch32__mpu.a(arm_mpu.c.obj)
                0x00000000000017b8                z_arm_mpu_init
 .text.__stdout_hook_install
                0x0000000000001818        0xc zephyr/lib/libc/minimal/liblib__libc__minimal.a(stdout_console.c.obj)
                0x0000000000001818                __stdout_hook_install
 .text.snprintf
                0x0000000000001824       0x30 zephyr/lib/libc/minimal/liblib__libc__minimal.a(sprintf.c.obj)
                0x0000000000001824                snprintf
 .text.nordicsemi_nrf52_init
                0x0000000000001854       0x28 zephyr/soc/arm/nordic_nrf/nrf52/libsoc__arm__nordic_nrf__nrf52.a(soc.c.obj)
 .text.arch_busy_wait
                0x000000000000187c       0x14 zephyr/soc/arm/nordic_nrf/nrf52/libsoc__arm__nordic_nrf__nrf52.a(soc.c.obj)
                0x000000000000187c                arch_busy_wait
 .text.pwr_ctrl_init
                0x0000000000001890       0x48 zephyr/boards/arm/thingy52_nrf52832/libboards__arm__thingy52_nrf52832.a(board.c.obj)
 .text.onoff_stop
                0x00000000000018d8       0x30 zephyr/drivers/clock_control/libdrivers__clock_control.a(clock_control_nrf.c.obj)
 .text.onoff_start
                0x0000000000001908       0x44 zephyr/drivers/clock_control/libdrivers__clock_control.a(clock_control_nrf.c.obj)
 .text.clk_init
                0x000000000000194c       0x60 zephyr/drivers/clock_control/libdrivers__clock_control.a(clock_control_nrf.c.obj)
 .text.clkstarted_handle.constprop.0
                0x00000000000019ac       0x34 zephyr/drivers/clock_control/libdrivers__clock_control.a(clock_control_nrf.c.obj)
 .text.clock_event_handler
                0x00000000000019e0       0x1c zephyr/drivers/clock_control/libdrivers__clock_control.a(clock_control_nrf.c.obj)
 .text.generic_hfclk_start
                0x00000000000019fc       0x64 zephyr/drivers/clock_control/libdrivers__clock_control.a(clock_control_nrf.c.obj)
 .text.api_blocking_start
                0x0000000000001a60       0x34 zephyr/drivers/clock_control/libdrivers__clock_control.a(clock_control_nrf.c.obj)
 .text.lfclk_start
                0x0000000000001a94       0x24 zephyr/drivers/clock_control/libdrivers__clock_control.a(clock_control_nrf.c.obj)
 .text.generic_hfclk_stop
                0x0000000000001ab8       0x2c zephyr/drivers/clock_control/libdrivers__clock_control.a(clock_control_nrf.c.obj)
 .text.z_nrf_clock_control_lf_on
                0x0000000000001ae4      0x100 zephyr/drivers/clock_control/libdrivers__clock_control.a(clock_control_nrf.c.obj)
                0x0000000000001ae4                z_nrf_clock_control_lf_on
 .text.rtt_console_init
                0x0000000000001be4       0x18 zephyr/drivers/console/libdrivers__console.a(rtt_console.c.obj)
 .text.rtt_console_out
                0x0000000000001bfc       0x58 zephyr/drivers/console/libdrivers__console.a(rtt_console.c.obj)
 .text.gpio_nrfx_pin_interrupt_configure
                0x0000000000001c54       0xc8 zephyr/drivers/gpio/libdrivers__gpio.a(gpio_nrfx.c.obj)
 .text.gpio_nrfx_init
                0x0000000000001d1c       0x38 zephyr/drivers/gpio/libdrivers__gpio.a(gpio_nrfx.c.obj)
 .text.nrfx_gpio_handler
                0x0000000000001d54       0x34 zephyr/drivers/gpio/libdrivers__gpio.a(gpio_nrfx.c.obj)
 .text.gpio_nrfx_pin_configure
                0x0000000000001d88      0x15c zephyr/drivers/gpio/libdrivers__gpio.a(gpio_nrfx.c.obj)
 .text.i2c_nrfx_twim_recover_bus
                0x0000000000001ee4       0x20 zephyr/drivers/i2c/libdrivers__i2c.a(i2c_nrfx_twim.c.obj)
 .text.twim_0_init
                0x0000000000001f04       0x34 zephyr/drivers/i2c/libdrivers__i2c.a(i2c_nrfx_twim.c.obj)
 .text.event_handler
                0x0000000000001f38       0x34 zephyr/drivers/i2c/libdrivers__i2c.a(i2c_nrfx_twim.c.obj)
 .text.twim_1_init
                0x0000000000001f6c       0x34 zephyr/drivers/i2c/libdrivers__i2c.a(i2c_nrfx_twim.c.obj)
 .text.i2c_nrfx_twim_transfer
                0x0000000000001fa0      0x198 zephyr/drivers/i2c/libdrivers__i2c.a(i2c_nrfx_twim.c.obj)
 .text.ccs811_channel_get
                0x0000000000002138       0x54 zephyr/drivers/sensor/ccs811/libdrivers__sensor__ccs811.a(ccs811.c.obj)
 .text.ccs811_init
                0x000000000000218c      0x184 zephyr/drivers/sensor/ccs811/libdrivers__sensor__ccs811.a(ccs811.c.obj)
 .text.regulator_fixed_init_onoff
                0x0000000000002310       0x30 zephyr/drivers/regulator/libdrivers__regulator.a(regulator_fixed.c.obj)
 .text.finalize_transition
                0x0000000000002340       0x78 zephyr/drivers/regulator/libdrivers__regulator.a(regulator_fixed.c.obj)
 .text.uarte_nrfx_configure
                0x00000000000023b8      0x158 zephyr/drivers/serial/libdrivers__serial.a(uart_nrfx_uarte.c.obj)
 .text.uarte_nrfx_poll_out
                0x0000000000002510       0xc4 zephyr/drivers/serial/libdrivers__serial.a(uart_nrfx_uarte.c.obj)
 .text.uarte_0_init
                0x00000000000025d4      0x180 zephyr/drivers/serial/libdrivers__serial.a(uart_nrfx_uarte.c.obj)
 .text.compare_int_lock
                0x0000000000002754       0x50 zephyr/drivers/timer/libdrivers__timer.a(nrf_rtc_timer.c.obj)
 .text.sys_clock_timeout_handler
                0x00000000000027a4       0x78 zephyr/drivers/timer/libdrivers__timer.a(nrf_rtc_timer.c.obj)
 .text.compare_int_unlock
                0x000000000000281c       0x5c zephyr/drivers/timer/libdrivers__timer.a(nrf_rtc_timer.c.obj)
 .text.z_nrf_rtc_timer_read
                0x0000000000002878       0x44 zephyr/drivers/timer/libdrivers__timer.a(nrf_rtc_timer.c.obj)
                0x0000000000002878                z_nrf_rtc_timer_read
 .text.compare_set
                0x00000000000028bc      0x148 zephyr/drivers/timer/libdrivers__timer.a(nrf_rtc_timer.c.obj)
 .text.sys_clock_driver_init
                0x0000000000002a04       0x80 zephyr/drivers/timer/libdrivers__timer.a(nrf_rtc_timer.c.obj)
 .text.rtc_nrf_isr
                0x0000000000002a84       0xec zephyr/drivers/timer/libdrivers__timer.a(nrf_rtc_timer.c.obj)
                0x0000000000002a84                rtc_nrf_isr
 .text.sys_clock_set_timeout
                0x0000000000002b70       0x64 zephyr/drivers/timer/libdrivers__timer.a(nrf_rtc_timer.c.obj)
                0x0000000000002b70                sys_clock_set_timeout
 .text.sys_clock_elapsed
                0x0000000000002bd4       0x14 zephyr/drivers/timer/libdrivers__timer.a(nrf_rtc_timer.c.obj)
                0x0000000000002bd4                sys_clock_elapsed
 .text.nrf52_errata_16
                0x0000000000002be8       0x28 modules/hal_nordic/nrfx/libmodules__hal_nordic__nrfx.a(system_nrf52.c.obj)
 .text.nvmc_wait
                0x0000000000002c10       0x10 modules/hal_nordic/nrfx/libmodules__hal_nordic__nrfx.a(system_nrf52.c.obj)
                0x0000000000002c10                nvmc_wait
 .text.SystemInit
                0x0000000000002c20      0x288 modules/hal_nordic/nrfx/libmodules__hal_nordic__nrfx.a(system_nrf52.c.obj)
                0x0000000000002c20                SystemInit
 .text.nrfx_flag32_alloc
                0x0000000000002ea8       0x4c modules/hal_nordic/nrfx/libmodules__hal_nordic__nrfx.a(nrfx_flag32_allocator.c.obj)
                0x0000000000002ea8                nrfx_flag32_alloc
 .text.nrfx_flag32_free
                0x0000000000002ef4       0x44 modules/hal_nordic/nrfx/libmodules__hal_nordic__nrfx.a(nrfx_flag32_allocator.c.obj)
                0x0000000000002ef4                nrfx_flag32_free
 .text.nrfx_clock_init
                0x0000000000002f38       0x20 modules/hal_nordic/nrfx/libmodules__hal_nordic__nrfx.a(nrfx_clock.c.obj)
                0x0000000000002f38                nrfx_clock_init
 .text.nrfx_clock_start
                0x0000000000002f58       0x90 modules/hal_nordic/nrfx/libmodules__hal_nordic__nrfx.a(nrfx_clock.c.obj)
                0x0000000000002f58                nrfx_clock_start
 .text.nrfx_clock_stop
                0x0000000000002fe8       0x78 modules/hal_nordic/nrfx/libmodules__hal_nordic__nrfx.a(nrfx_clock.c.obj)
                0x0000000000002fe8                nrfx_clock_stop
 .text.nrfx_power_clock_irq_handler
                0x0000000000003060       0x68 modules/hal_nordic/nrfx/libmodules__hal_nordic__nrfx.a(nrfx_clock.c.obj)
                0x0000000000003060                nrfx_power_clock_irq_handler
 .text.pin_in_use_by_te
                0x00000000000030c8       0x14 modules/hal_nordic/nrfx/libmodules__hal_nordic__nrfx.a(nrfx_gpiote.c.obj)
 .text.call_handler
                0x00000000000030dc       0x3c modules/hal_nordic/nrfx/libmodules__hal_nordic__nrfx.a(nrfx_gpiote.c.obj)
 .text.release_handler
                0x0000000000003118       0x54 modules/hal_nordic/nrfx/libmodules__hal_nordic__nrfx.a(nrfx_gpiote.c.obj)
 .text.pin_handler_trigger_uninit
                0x000000000000316c       0x38 modules/hal_nordic/nrfx/libmodules__hal_nordic__nrfx.a(nrfx_gpiote.c.obj)
 .text.nrfx_gpiote_input_configure
                0x00000000000031a4      0x154 modules/hal_nordic/nrfx/libmodules__hal_nordic__nrfx.a(nrfx_gpiote.c.obj)
                0x00000000000031a4                nrfx_gpiote_input_configure
 .text.nrfx_gpiote_output_configure
                0x00000000000032f8       0xf0 modules/hal_nordic/nrfx/libmodules__hal_nordic__nrfx.a(nrfx_gpiote.c.obj)
                0x00000000000032f8                nrfx_gpiote_output_configure
 .text.nrfx_gpiote_global_callback_set
                0x00000000000033e8        0xc modules/hal_nordic/nrfx/libmodules__hal_nordic__nrfx.a(nrfx_gpiote.c.obj)
                0x00000000000033e8                nrfx_gpiote_global_callback_set
 .text.nrfx_gpiote_channel_get
                0x00000000000033f4       0x2c modules/hal_nordic/nrfx/libmodules__hal_nordic__nrfx.a(nrfx_gpiote.c.obj)
                0x00000000000033f4                nrfx_gpiote_channel_get
 .text.nrfx_gpiote_init
                0x0000000000003420       0x50 modules/hal_nordic/nrfx/libmodules__hal_nordic__nrfx.a(nrfx_gpiote.c.obj)
                0x0000000000003420                nrfx_gpiote_init
 .text.nrfx_gpiote_is_init
                0x0000000000003470       0x14 modules/hal_nordic/nrfx/libmodules__hal_nordic__nrfx.a(nrfx_gpiote.c.obj)
                0x0000000000003470                nrfx_gpiote_is_init
 .text.nrfx_gpiote_channel_free
                0x0000000000003484        0xc modules/hal_nordic/nrfx/libmodules__hal_nordic__nrfx.a(nrfx_gpiote.c.obj)
                0x0000000000003484                nrfx_gpiote_channel_free
 .text.nrfx_gpiote_channel_alloc
                0x0000000000003490        0xc modules/hal_nordic/nrfx/libmodules__hal_nordic__nrfx.a(nrfx_gpiote.c.obj)
                0x0000000000003490                nrfx_gpiote_channel_alloc
 .text.nrfx_gpiote_trigger_enable
                0x000000000000349c       0x88 modules/hal_nordic/nrfx/libmodules__hal_nordic__nrfx.a(nrfx_gpiote.c.obj)
                0x000000000000349c                nrfx_gpiote_trigger_enable
 .text.nrfx_gpiote_trigger_disable
                0x0000000000003524       0x50 modules/hal_nordic/nrfx/libmodules__hal_nordic__nrfx.a(nrfx_gpiote.c.obj)
                0x0000000000003524                nrfx_gpiote_trigger_disable
 .text.nrfx_gpiote_pin_uninit
                0x0000000000003574       0x44 modules/hal_nordic/nrfx/libmodules__hal_nordic__nrfx.a(nrfx_gpiote.c.obj)
                0x0000000000003574                nrfx_gpiote_pin_uninit
 .text.nrfx_gpiote_irq_handler
                0x00000000000035b8      0x150 modules/hal_nordic/nrfx/libmodules__hal_nordic__nrfx.a(nrfx_gpiote.c.obj)
                0x00000000000035b8                nrfx_gpiote_irq_handler
 .text.nrfx_ppi_channel_alloc
                0x0000000000003708        0xc modules/hal_nordic/nrfx/libmodules__hal_nordic__nrfx.a(nrfx_ppi.c.obj)
                0x0000000000003708                nrfx_ppi_channel_alloc
 .text.twim_irq_handler
                0x0000000000003714      0x17c modules/hal_nordic/nrfx/libmodules__hal_nordic__nrfx.a(nrfx_twim.c.obj)
 .text.nrfx_twim_init
                0x0000000000003890       0xa0 modules/hal_nordic/nrfx/libmodules__hal_nordic__nrfx.a(nrfx_twim.c.obj)
                0x0000000000003890                nrfx_twim_init
 .text.nrfx_twim_enable
                0x0000000000003930       0x20 modules/hal_nordic/nrfx/libmodules__hal_nordic__nrfx.a(nrfx_twim.c.obj)
                0x0000000000003930                nrfx_twim_enable
 .text.nrfx_twim_disable
                0x0000000000003950       0x3c modules/hal_nordic/nrfx/libmodules__hal_nordic__nrfx.a(nrfx_twim.c.obj)
                0x0000000000003950                nrfx_twim_disable
 .text.nrfx_twim_xfer
                0x000000000000398c      0x2fc modules/hal_nordic/nrfx/libmodules__hal_nordic__nrfx.a(nrfx_twim.c.obj)
                0x000000000000398c                nrfx_twim_xfer
 .text.nrfx_twim_0_irq_handler
                0x0000000000003c88       0x10 modules/hal_nordic/nrfx/libmodules__hal_nordic__nrfx.a(nrfx_twim.c.obj)
                0x0000000000003c88                nrfx_twim_0_irq_handler
 .text.nrfx_twim_1_irq_handler
                0x0000000000003c98       0x10 modules/hal_nordic/nrfx/libmodules__hal_nordic__nrfx.a(nrfx_twim.c.obj)
                0x0000000000003c98                nrfx_twim_1_irq_handler
 .text.nrfx_twi_twim_bus_recover
                0x0000000000003ca8       0x90 modules/hal_nordic/nrfx/libmodules__hal_nordic__nrfx.a(nrfx_twi_twim.c.obj)
                0x0000000000003ca8                nrfx_twi_twim_bus_recover
 .text._DoInit  0x0000000000003d38       0x6c modules/segger/libmodules__segger.a(SEGGER_RTT.c.obj)
 .text.SEGGER_RTT_WriteNoLock
                0x0000000000003da4       0x60 modules/segger/libmodules__segger.a(SEGGER_RTT.c.obj)
                0x0000000000003da4                SEGGER_RTT_WriteNoLock
 .text.z_sys_init_run_level
                0x0000000000003e04       0x40 zephyr/kernel/libkernel.a(device.c.obj)
                0x0000000000003e04                z_sys_init_run_level
 .text.z_impl_device_get_binding
                0x0000000000003e44       0x54 zephyr/kernel/libkernel.a(device.c.obj)
                0x0000000000003e44                z_impl_device_get_binding
 .text.init_idle_thread
                0x0000000000003e98       0x58 zephyr/kernel/libkernel.a(init.c.obj)
 .text.bg_thread_main
                0x0000000000003ef0       0x34 zephyr/kernel/libkernel.a(init.c.obj)
 .text.z_bss_zero
                0x0000000000003f24       0x14 zephyr/kernel/libkernel.a(init.c.obj)
                0x0000000000003f24                z_bss_zero
 .text.z_cstart
                0x0000000000003f38       0xe8 zephyr/kernel/libkernel.a(init.c.obj)
                0x0000000000003f38                z_cstart
 .text.z_setup_new_thread
                0x0000000000004020       0x64 zephyr/kernel/libkernel.a(thread.c.obj)
                0x0000000000004020                z_setup_new_thread
 .text.z_impl_k_thread_create
                0x0000000000004084       0x58 zephyr/kernel/libkernel.a(thread.c.obj)
                0x0000000000004084                z_impl_k_thread_create
 .text.z_init_static_threads
                0x00000000000040dc       0xb8 zephyr/kernel/libkernel.a(thread.c.obj)
                0x00000000000040dc                z_init_static_threads
 .text.idle     0x0000000000004194       0x38 zephyr/kernel/libkernel.a(idle.c.obj)
                0x0000000000004194                idle
 .text.z_impl_k_sem_give
                0x00000000000041cc       0x40 zephyr/kernel/libkernel.a(sem.c.obj)
                0x00000000000041cc                z_impl_k_sem_give
 .text.z_impl_k_sem_take
                0x000000000000420c       0x50 zephyr/kernel/libkernel.a(sem.c.obj)
                0x000000000000420c                z_impl_k_sem_take
 .text.work_queue_main
                0x000000000000425c      0x12c zephyr/kernel/libkernel.a(work.c.obj)
 .text.submit_to_queue_locked
                0x0000000000004388       0xa0 zephyr/kernel/libkernel.a(work.c.obj)
 .text.k_work_queue_start
                0x0000000000004428       0x70 zephyr/kernel/libkernel.a(work.c.obj)
                0x0000000000004428                k_work_queue_start
 .text.k_work_schedule_for_queue
                0x0000000000004498       0x54 zephyr/kernel/libkernel.a(work.c.obj)
                0x0000000000004498                k_work_schedule_for_queue
 .text.k_work_schedule
                0x00000000000044ec        0xc zephyr/kernel/libkernel.a(work.c.obj)
                0x00000000000044ec                k_work_schedule
 .text.z_reset_time_slice
                0x00000000000044f8       0x2c zephyr/kernel/libkernel.a(sched.c.obj)
                0x00000000000044f8                z_reset_time_slice
 .text.k_sched_time_slice_set
                0x0000000000004524       0x60 zephyr/kernel/libkernel.a(sched.c.obj)
                0x0000000000004524                k_sched_time_slice_set
 .text.z_reschedule
                0x0000000000004584       0x24 zephyr/kernel/libkernel.a(sched.c.obj)
                0x0000000000004584                z_reschedule
 .text.k_sched_lock
                0x00000000000045a8       0x28 zephyr/kernel/libkernel.a(sched.c.obj)
                0x00000000000045a8                k_sched_lock
 .text.update_cache
                0x00000000000045d0       0x40 zephyr/kernel/libkernel.a(sched.c.obj)
 .text.move_thread_to_end_of_prio_q
                0x0000000000004610       0x74 zephyr/kernel/libkernel.a(sched.c.obj)
 .text.z_time_slice
                0x0000000000004684       0x80 zephyr/kernel/libkernel.a(sched.c.obj)
                0x0000000000004684                z_time_slice
 .text.ready_thread
                0x0000000000004704       0x6c zephyr/kernel/libkernel.a(sched.c.obj)
 .text.z_sched_start
                0x0000000000004770       0x3c zephyr/kernel/libkernel.a(sched.c.obj)
                0x0000000000004770                z_sched_start
 .text.unready_thread
                0x00000000000047ac       0x30 zephyr/kernel/libkernel.a(sched.c.obj)
 .text.pend     0x00000000000047dc       0x4c zephyr/kernel/libkernel.a(sched.c.obj)
 .text.z_pend_curr
                0x0000000000004828       0x28 zephyr/kernel/libkernel.a(sched.c.obj)
                0x0000000000004828                z_pend_curr
 .text.z_impl_k_thread_suspend
                0x0000000000004850       0x64 zephyr/kernel/libkernel.a(sched.c.obj)
                0x0000000000004850                z_impl_k_thread_suspend
 .text.k_sched_unlock
                0x00000000000048b4       0x38 zephyr/kernel/libkernel.a(sched.c.obj)
                0x00000000000048b4                k_sched_unlock
 .text.z_sched_init
                0x00000000000048ec       0x18 zephyr/kernel/libkernel.a(sched.c.obj)
                0x00000000000048ec                z_sched_init
 .text.z_impl_k_yield
                0x0000000000004904       0x80 zephyr/kernel/libkernel.a(sched.c.obj)
                0x0000000000004904                z_impl_k_yield
 .text.z_tick_sleep
                0x0000000000004984       0x90 zephyr/kernel/libkernel.a(sched.c.obj)
 .text.z_impl_k_sleep
                0x0000000000004a14       0x34 zephyr/kernel/libkernel.a(sched.c.obj)
                0x0000000000004a14                z_impl_k_sleep
 .text.z_impl_z_current_get
                0x0000000000004a48        0xc zephyr/kernel/libkernel.a(sched.c.obj)
                0x0000000000004a48                z_impl_z_current_get
 .text.z_thread_abort
                0x0000000000004a54       0xa4 zephyr/kernel/libkernel.a(sched.c.obj)
                0x0000000000004a54                z_thread_abort
 .text.z_sched_wait
                0x0000000000004af8       0x24 zephyr/kernel/libkernel.a(sched.c.obj)
                0x0000000000004af8                z_sched_wait
 .text.z_data_copy
                0x0000000000004b1c       0x34 zephyr/kernel/libkernel.a(xip.c.obj)
                0x0000000000004b1c                z_data_copy
 .text.elapsed  0x0000000000004b50       0x14 zephyr/kernel/libkernel.a(timeout.c.obj)
 .text.next_timeout
                0x0000000000004b64       0x50 zephyr/kernel/libkernel.a(timeout.c.obj)
 .text.remove_timeout
                0x0000000000004bb4       0x34 zephyr/kernel/libkernel.a(timeout.c.obj)
 .text.z_add_timeout
                0x0000000000004be8       0xf4 zephyr/kernel/libkernel.a(timeout.c.obj)
                0x0000000000004be8                z_add_timeout
 .text.sys_clock_announce
                0x0000000000004cdc       0xb8 zephyr/kernel/libkernel.a(timeout.c.obj)
                0x0000000000004cdc                sys_clock_announce
 .text.sys_clock_tick_get
                0x0000000000004d94       0x30 zephyr/kernel/libkernel.a(timeout.c.obj)
                0x0000000000004d94                sys_clock_tick_get
 .text.boot_banner
                0x0000000000004dc4       0x18 zephyr/kernel/libkernel.a(banner.c.obj)
                0x0000000000004dc4                boot_banner
 .text.k_sys_work_q_init
                0x0000000000004ddc       0x34 zephyr/kernel/libkernel.a(system_work_q.c.obj)
 .text._OffsetAbsSyms
                0x0000000000004e10        0x2 zephyr/CMakeFiles/offsets.dir/./arch/arm/core/offsets/offsets.c.obj
                0x0000000000004e10                _OffsetAbsSyms
 .text.sensor_channel_get.isra.0
                0x0000000000004e12        0x6 app/libapp.a(main.c.obj)
 .text.sys_notify_validate
                0x0000000000004e18       0x22 zephyr/libzephyr.a(notify.c.obj)
                0x0000000000004e18                sys_notify_validate
 .text.sys_notify_finalize
                0x0000000000004e3a       0x1a zephyr/libzephyr.a(notify.c.obj)
                0x0000000000004e3a                sys_notify_finalize
 .text.arch_printk_char_out
                0x0000000000004e54        0x4 zephyr/libzephyr.a(printk.c.obj)
                0x0000000000004e54                arch_printk_char_out
 .text.printk   0x0000000000004e58       0x1a zephyr/libzephyr.a(printk.c.obj)
                0x0000000000004e58                printk
 .text.process_recheck
                0x0000000000004e72       0x38 zephyr/libzephyr.a(onoff.c.obj)
 .text.notify_one
                0x0000000000004eaa       0x2c zephyr/libzephyr.a(onoff.c.obj)
 .text.transition_complete
                0x0000000000004ed6       0x1c zephyr/libzephyr.a(onoff.c.obj)
 .text.validate_args
                0x0000000000004ef2       0x1e zephyr/libzephyr.a(onoff.c.obj)
 .text.onoff_manager_init
                0x0000000000004f10       0x26 zephyr/libzephyr.a(onoff.c.obj)
                0x0000000000004f10                onoff_manager_init
 .text.onoff_request
                0x0000000000004f36       0x92 zephyr/libzephyr.a(onoff.c.obj)
                0x0000000000004f36                onoff_request
 .text.onoff_release
                0x0000000000004fc8       0x4a zephyr/libzephyr.a(onoff.c.obj)
                0x0000000000004fc8                onoff_release
 .text.onoff_sync_lock
                0x0000000000005012       0x16 zephyr/libzephyr.a(onoff.c.obj)
                0x0000000000005012                onoff_sync_lock
 .text.onoff_sync_finalize
                0x0000000000005028       0x42 zephyr/libzephyr.a(onoff.c.obj)
                0x0000000000005028                onoff_sync_finalize
 .text.z_thread_entry
                0x000000000000506a       0x14 zephyr/libzephyr.a(thread_entry.c.obj)
                0x000000000000506a                z_thread_entry
 .text.encode_uint
                0x000000000000507e       0x8c zephyr/libzephyr.a(cbprintf_complete.c.obj)
 .text.outs     0x000000000000510a       0x2c zephyr/libzephyr.a(cbprintf_complete.c.obj)
 .text._ConfigAbsSyms
                0x0000000000005136        0x2 zephyr/libzephyr.a(configs.c.obj)
                0x0000000000005136                _ConfigAbsSyms
 .text.z_arm_fatal_error
                0x0000000000005138        0x4 zephyr/arch/arch/arm/core/aarch32/libarch__arm__core__aarch32.a(fatal.c.obj)
                0x0000000000005138                z_arm_fatal_error
 .text.z_do_kernel_oops
                0x000000000000513c        0x8 zephyr/arch/arch/arm/core/aarch32/libarch__arm__core__aarch32.a(fatal.c.obj)
                0x000000000000513c                z_do_kernel_oops
 .text.z_irq_spurious
                0x0000000000005144        0x8 zephyr/arch/arch/arm/core/aarch32/libarch__arm__core__aarch32.a(irq_manage.c.obj)
                0x0000000000005144                z_irq_spurious
 .text.z_arm_nmi
                0x000000000000514c        0xe zephyr/arch/arch/arm/core/aarch32/libarch__arm__core__aarch32.a(nmi.c.obj)
                0x000000000000514c                z_arm_nmi
 .text.strcpy   0x000000000000515a       0x14 zephyr/lib/libc/minimal/liblib__libc__minimal.a(string.c.obj)
                0x000000000000515a                strcpy
 .text.strlen   0x000000000000516e        0xe zephyr/lib/libc/minimal/liblib__libc__minimal.a(string.c.obj)
                0x000000000000516e                strlen
 .text.strnlen  0x000000000000517c       0x12 zephyr/lib/libc/minimal/liblib__libc__minimal.a(string.c.obj)
                0x000000000000517c                strnlen
 .text.strcmp   0x000000000000518e       0x18 zephyr/lib/libc/minimal/liblib__libc__minimal.a(string.c.obj)
                0x000000000000518e                strcmp
 .text.memcpy   0x00000000000051a6       0x16 zephyr/lib/libc/minimal/liblib__libc__minimal.a(string.c.obj)
                0x00000000000051a6                memcpy
 .text.memset   0x00000000000051bc       0x12 zephyr/lib/libc/minimal/liblib__libc__minimal.a(string.c.obj)
                0x00000000000051bc                memset
 .text._stdout_hook_default
                0x00000000000051ce        0x6 zephyr/lib/libc/minimal/liblib__libc__minimal.a(stdout_console.c.obj)
 .text.sprintf_out
                0x00000000000051d4       0x1a zephyr/lib/libc/minimal/liblib__libc__minimal.a(sprintf.c.obj)
 .text.pm_power_state_set
                0x00000000000051ee       0x26 zephyr/soc/arm/nordic_nrf/nrf52/libsoc__arm__nordic_nrf__nrf52.a(power.c.obj)
                0x00000000000051ee                pm_power_state_set
 .text.pm_power_state_exit_post_ops
                0x0000000000005214       0x16 zephyr/soc/arm/nordic_nrf/nrf52/libsoc__arm__nordic_nrf__nrf52.a(power.c.obj)
                0x0000000000005214                pm_power_state_exit_post_ops
 .text.get_status
                0x000000000000522a       0x12 zephyr/drivers/clock_control/libdrivers__clock_control.a(clock_control_nrf.c.obj)
 .text.set_on_state
                0x000000000000523c       0x26 zephyr/drivers/clock_control/libdrivers__clock_control.a(clock_control_nrf.c.obj)
 .text.stop     0x0000000000005262       0x52 zephyr/drivers/clock_control/libdrivers__clock_control.a(clock_control_nrf.c.obj)
 .text.api_stop
                0x00000000000052b4        0x6 zephyr/drivers/clock_control/libdrivers__clock_control.a(clock_control_nrf.c.obj)
 .text.async_start
                0x00000000000052ba       0x62 zephyr/drivers/clock_control/libdrivers__clock_control.a(clock_control_nrf.c.obj)
 .text.api_start
                0x000000000000531c        0xe zephyr/drivers/clock_control/libdrivers__clock_control.a(clock_control_nrf.c.obj)
 .text.onoff_started_callback
                0x000000000000532a       0x12 zephyr/drivers/clock_control/libdrivers__clock_control.a(clock_control_nrf.c.obj)
 .text.lfclk_stop
                0x000000000000533c        0x6 zephyr/drivers/clock_control/libdrivers__clock_control.a(clock_control_nrf.c.obj)
 .text.blocking_start_callback
                0x0000000000005342        0x6 zephyr/drivers/clock_control/libdrivers__clock_control.a(clock_control_nrf.c.obj)
 .text.gpio_nrfx_port_get_raw
                0x0000000000005348        0xe zephyr/drivers/gpio/libdrivers__gpio.a(gpio_nrfx.c.obj)
 .text.gpio_nrfx_port_set_masked_raw
                0x0000000000005356       0x16 zephyr/drivers/gpio/libdrivers__gpio.a(gpio_nrfx.c.obj)
 .text.gpio_nrfx_port_set_bits_raw
                0x000000000000536c        0xc zephyr/drivers/gpio/libdrivers__gpio.a(gpio_nrfx.c.obj)
 .text.gpio_nrfx_port_clear_bits_raw
                0x0000000000005378        0xc zephyr/drivers/gpio/libdrivers__gpio.a(gpio_nrfx.c.obj)
 .text.gpio_nrfx_port_toggle_bits
                0x0000000000005384       0x12 zephyr/drivers/gpio/libdrivers__gpio.a(gpio_nrfx.c.obj)
 .text.gpio_nrfx_manage_callback
                0x0000000000005396       0x54 zephyr/drivers/gpio/libdrivers__gpio.a(gpio_nrfx.c.obj)
 .text.pin_interrupt_configure
                0x00000000000053ea        0xe zephyr/drivers/gpio/libdrivers__gpio.a(gpio_sx1509b.c.obj)
 .text.k_sem_take.constprop.0.isra.0
                0x00000000000053f8        0x4 zephyr/drivers/gpio/libdrivers__gpio.a(gpio_sx1509b.c.obj)
 .text.i2c_write
                0x00000000000053fc       0x1a zephyr/drivers/gpio/libdrivers__gpio.a(gpio_sx1509b.c.obj)
 .text.i2c_reg_write_word_be
                0x0000000000005416       0x20 zephyr/drivers/gpio/libdrivers__gpio.a(gpio_sx1509b.c.obj)
 .text.port_write
                0x0000000000005436       0x5c zephyr/drivers/gpio/libdrivers__gpio.a(gpio_sx1509b.c.obj)
 .text.port_toggle_bits
                0x0000000000005492        0xa zephyr/drivers/gpio/libdrivers__gpio.a(gpio_sx1509b.c.obj)
 .text.port_clear_bits
                0x000000000000549c        0x8 zephyr/drivers/gpio/libdrivers__gpio.a(gpio_sx1509b.c.obj)
 .text.port_set_bits
                0x00000000000054a4        0x8 zephyr/drivers/gpio/libdrivers__gpio.a(gpio_sx1509b.c.obj)
 .text.port_set_masked
                0x00000000000054ac        0x6 zephyr/drivers/gpio/libdrivers__gpio.a(gpio_sx1509b.c.obj)
 .text.write_pin_state
                0x00000000000054b2       0x7e zephyr/drivers/gpio/libdrivers__gpio.a(gpio_sx1509b.c.obj)
 .text.sx1509b_init
                0x0000000000005530       0xde zephyr/drivers/gpio/libdrivers__gpio.a(gpio_sx1509b.c.obj)
 .text.sx1509b_config
                0x000000000000560e      0x13e zephyr/drivers/gpio/libdrivers__gpio.a(gpio_sx1509b.c.obj)
 .text.port_get
                0x000000000000574c       0x7c zephyr/drivers/gpio/libdrivers__gpio.a(gpio_sx1509b.c.obj)
 .text.i2c_nrfx_twim_configure
                0x00000000000057c8       0x32 zephyr/drivers/i2c/libdrivers__i2c.a(i2c_nrfx_twim.c.obj)
 .text.i2c_write_read.constprop.0
                0x00000000000057fa       0x2a zephyr/drivers/sensor/ccs811/libdrivers__sensor__ccs811.a(ccs811.c.obj)
 .text.gpio_pin_set.isra.0
                0x0000000000005824       0x20 zephyr/drivers/sensor/ccs811/libdrivers__sensor__ccs811.a(ccs811.c.obj)
 .text.k_msleep.isra.0
                0x0000000000005844       0x20 zephyr/drivers/sensor/ccs811/libdrivers__sensor__ccs811.a(ccs811.c.obj)
 .text.i2c_write.constprop.0
                0x0000000000005864       0x1c zephyr/drivers/sensor/ccs811/libdrivers__sensor__ccs811.a(ccs811.c.obj)
 .text.fetch_status
                0x0000000000005880       0x52 zephyr/drivers/sensor/ccs811/libdrivers__sensor__ccs811.a(ccs811.c.obj)
 .text.set_wake.isra.0
                0x00000000000058d2       0x1c zephyr/drivers/sensor/ccs811/libdrivers__sensor__ccs811.a(ccs811.c.obj)
 .text.ccs811_sample_fetch
                0x00000000000058ee       0x78 zephyr/drivers/sensor/ccs811/libdrivers__sensor__ccs811.a(ccs811.c.obj)
 .text.ccs811_result
                0x0000000000005966        0x6 zephyr/drivers/sensor/ccs811/libdrivers__sensor__ccs811.a(ccs811.c.obj)
                0x0000000000005966                ccs811_result
 .text.ccs811_configver_fetch
                0x000000000000596c       0x80 zephyr/drivers/sensor/ccs811/libdrivers__sensor__ccs811.a(ccs811.c.obj)
                0x000000000000596c                ccs811_configver_fetch
 .text.ccs811_baseline_fetch
                0x00000000000059ec       0x3a zephyr/drivers/sensor/ccs811/libdrivers__sensor__ccs811.a(ccs811.c.obj)
                0x00000000000059ec                ccs811_baseline_fetch
 .text.gpio_pin_set_dt
                0x0000000000005a26       0x28 zephyr/drivers/regulator/libdrivers__regulator.a(regulator_fixed.c.obj)
 .text.disable_sync
                0x0000000000005a4e       0x48 zephyr/drivers/regulator/libdrivers__regulator.a(regulator_fixed.c.obj)
 .text.enable_sync
                0x0000000000005a96       0x38 zephyr/drivers/regulator/libdrivers__regulator.a(regulator_fixed.c.obj)
 .text.disable_onoff
                0x0000000000005ace        0x8 zephyr/drivers/regulator/libdrivers__regulator.a(regulator_fixed.c.obj)
 .text.enable_onoff
                0x0000000000005ad6        0x8 zephyr/drivers/regulator/libdrivers__regulator.a(regulator_fixed.c.obj)
 .text.common_init.isra.0
                0x0000000000005ade       0x64 zephyr/drivers/regulator/libdrivers__regulator.a(regulator_fixed.c.obj)
 .text.regulator_fixed_init_sync
                0x0000000000005b42        0x6 zephyr/drivers/regulator/libdrivers__regulator.a(regulator_fixed.c.obj)
 .text.onoff_worker
                0x0000000000005b48       0x54 zephyr/drivers/regulator/libdrivers__regulator.a(regulator_fixed.c.obj)
 .text.stop     0x0000000000005b9c       0x52 zephyr/drivers/regulator/libdrivers__regulator.a(regulator_fixed.c.obj)
 .text.start    0x0000000000005bee       0x52 zephyr/drivers/regulator/libdrivers__regulator.a(regulator_fixed.c.obj)
 .text.uarte_nrfx_config_get
                0x0000000000005c40       0x10 zephyr/drivers/serial/libdrivers__serial.a(uart_nrfx_uarte.c.obj)
 .text.uarte_nrfx_err_check
                0x0000000000005c50        0xe zephyr/drivers/serial/libdrivers__serial.a(uart_nrfx_uarte.c.obj)
 .text.uarte_nrfx_poll_in
                0x0000000000005c5e       0x26 zephyr/drivers/serial/libdrivers__serial.a(uart_nrfx_uarte.c.obj)
 .text.is_tx_ready.isra.0
                0x0000000000005c84       0x20 zephyr/drivers/serial/libdrivers__serial.a(uart_nrfx_uarte.c.obj)
 .text.uarte_nrfx_isr_int
                0x0000000000005ca4       0x72 zephyr/drivers/serial/libdrivers__serial.a(uart_nrfx_uarte.c.obj)
 .text.sys_clock_idle_exit
                0x0000000000005d16        0x2 zephyr/drivers/timer/libdrivers__timer.a(sys_clock_init.c.obj)
                0x0000000000005d16                sys_clock_idle_exit
 .text.nrf52_errata_12
                0x0000000000005d18       0x1c modules/hal_nordic/nrfx/libmodules__hal_nordic__nrfx.a(system_nrf52.c.obj)
 .text.nrfx_isr
                0x0000000000005d34        0x2 modules/hal_nordic/nrfx/libmodules__hal_nordic__nrfx.a(nrfx_glue.c.obj)
                0x0000000000005d34                nrfx_isr
 .text.nrfx_busy_wait
                0x0000000000005d36        0x4 modules/hal_nordic/nrfx/libmodules__hal_nordic__nrfx.a(nrfx_glue.c.obj)
                0x0000000000005d36                nrfx_busy_wait
 .text.nrfx_clock_enable
                0x0000000000005d3a       0x14 modules/hal_nordic/nrfx/libmodules__hal_nordic__nrfx.a(nrfx_clock.c.obj)
                0x0000000000005d3a                nrfx_clock_enable
 .text.nrf_gpio_cfg_sense_set
                0x0000000000005d4e       0x1c modules/hal_nordic/nrfx/libmodules__hal_nordic__nrfx.a(nrfx_gpiote.c.obj)
 .text.xfer_completeness_check
                0x0000000000005d6a       0x60 modules/hal_nordic/nrfx/libmodules__hal_nordic__nrfx.a(nrfx_twim.c.obj)
 .text._GetAvailWriteSpace
                0x0000000000005dca       0x12 modules/segger/libmodules__segger.a(SEGGER_RTT.c.obj)
 .text._WriteNoCheck
                0x0000000000005ddc       0x3c modules/segger/libmodules__segger.a(SEGGER_RTT.c.obj)
 .text._WriteBlocking
                0x0000000000005e18       0x58 modules/segger/libmodules__segger.a(SEGGER_RTT.c.obj)
 .text.SEGGER_RTT_Init
                0x0000000000005e70        0x4 modules/segger/libmodules__segger.a(SEGGER_RTT.c.obj)
                0x0000000000005e70                SEGGER_RTT_Init
 .text.rtt_init
                0x0000000000005e74        0xa modules/segger/libmodules__segger.a(SEGGER_RTT_zephyr.c.obj)
 .text.z_device_state_init
                0x0000000000005e7e        0x2 zephyr/kernel/libkernel.a(device.c.obj)
                0x0000000000005e7e                z_device_state_init
 .text.z_device_is_ready
                0x0000000000005e80       0x14 zephyr/kernel/libkernel.a(device.c.obj)
                0x0000000000005e80                z_device_is_ready
 .text.arch_system_halt
                0x0000000000005e94       0x12 zephyr/kernel/libkernel.a(fatal.c.obj)
                0x0000000000005e94                arch_system_halt
 .text.k_sys_fatal_error_handler
                0x0000000000005ea6        0x6 zephyr/kernel/libkernel.a(fatal.c.obj)
                0x0000000000005ea6                k_sys_fatal_error_handler
 .text.z_fatal_error
                0x0000000000005eac       0x36 zephyr/kernel/libkernel.a(fatal.c.obj)
                0x0000000000005eac                z_fatal_error
 .text.k_is_in_isr
                0x0000000000005ee2        0xc zephyr/kernel/libkernel.a(thread.c.obj)
                0x0000000000005ee2                k_is_in_isr
 .text.z_impl_k_thread_name_set
                0x0000000000005eee        0x6 zephyr/kernel/libkernel.a(thread.c.obj)
                0x0000000000005eee                z_impl_k_thread_name_set
 .text.z_impl_k_thread_start
                0x0000000000005ef4        0x4 zephyr/kernel/libkernel.a(thread.c.obj)
                0x0000000000005ef4                z_impl_k_thread_start
 .text.z_pm_save_idle_exit
                0x0000000000005ef8        0xe zephyr/kernel/libkernel.a(idle.c.obj)
                0x0000000000005ef8                z_pm_save_idle_exit
 .text.flag_test_and_clear
                0x0000000000005f06       0x16 zephyr/kernel/libkernel.a(work.c.obj)
 .text.notify_queue_locked.isra.0
                0x0000000000005f1c        0xe zephyr/kernel/libkernel.a(work.c.obj)
 .text.work_timeout
                0x0000000000005f2a       0x3e zephyr/kernel/libkernel.a(work.c.obj)
 .text.k_work_init_delayable
                0x0000000000005f68       0x18 zephyr/kernel/libkernel.a(work.c.obj)
                0x0000000000005f68                k_work_init_delayable
 .text.sys_dlist_remove
                0x0000000000005f80       0x10 zephyr/kernel/libkernel.a(sched.c.obj)
 .text.unpend_thread_no_timeout
                0x0000000000005f90       0x14 zephyr/kernel/libkernel.a(sched.c.obj)
 .text.z_reschedule_irqlock
                0x0000000000005fa4       0x18 zephyr/kernel/libkernel.a(sched.c.obj)
                0x0000000000005fa4                z_reschedule_irqlock
 .text.z_reschedule_unlocked
                0x0000000000005fbc       0x14 zephyr/kernel/libkernel.a(sched.c.obj)
 .text.z_priq_dumb_best
                0x0000000000005fd0        0xc zephyr/kernel/libkernel.a(sched.c.obj)
                0x0000000000005fd0                z_priq_dumb_best
 .text.z_ready_thread
                0x0000000000005fdc       0x20 zephyr/kernel/libkernel.a(sched.c.obj)
                0x0000000000005fdc                z_ready_thread
 .text.z_thread_timeout
                0x0000000000005ffc       0x44 zephyr/kernel/libkernel.a(sched.c.obj)
                0x0000000000005ffc                z_thread_timeout
 .text.add_to_waitq_locked
                0x0000000000006040       0x54 zephyr/kernel/libkernel.a(sched.c.obj)
 .text.z_unpend_first_thread
                0x0000000000006094       0x30 zephyr/kernel/libkernel.a(sched.c.obj)
                0x0000000000006094                z_unpend_first_thread
 .text.z_sched_wake
                0x00000000000060c4       0x3a zephyr/kernel/libkernel.a(sched.c.obj)
                0x00000000000060c4                z_sched_wake
 .text.z_abort_timeout
                0x00000000000060fe       0x2c zephyr/kernel/libkernel.a(timeout.c.obj)
                0x00000000000060fe                z_abort_timeout
 .text.z_get_next_timeout_expiry
                0x000000000000612a       0x20 zephyr/kernel/libkernel.a(timeout.c.obj)
                0x000000000000612a                z_get_next_timeout_expiry
 .text.z_set_timeout_expiry
                0x000000000000614a       0x34 zephyr/kernel/libkernel.a(timeout.c.obj)
                0x000000000000614a                z_set_timeout_expiry
 .text.sys_clock_tick_get_32
                0x000000000000617e        0x8 zephyr/kernel/libkernel.a(timeout.c.obj)
                0x000000000000617e                sys_clock_tick_get_32
 .text.z_impl_k_uptime_ticks
                0x0000000000006186        0x4 zephyr/kernel/libkernel.a(timeout.c.obj)
                0x0000000000006186                z_impl_k_uptime_ticks
 .text.z_impl_k_busy_wait
                0x000000000000618a        0x8 zephyr/kernel/libkernel.a(timeout.c.obj)
                0x000000000000618a                z_impl_k_busy_wait
 *(SORT_BY_ALIGNMENT(.TEXT.*))
 *fill*         0x0000000000006192        0x2 
 .TEXT.z_arm_platform_init
                0x0000000000006194        0x4 zephyr/libzephyr.a(soc_nrf_common.S.obj)
                0x0000000000006194                z_arm_platform_init
 *(SORT_BY_ALIGNMENT(.gnu.linkonce.t.*))
 *(SORT_BY_ALIGNMENT(.glue_7t))
 .glue_7t       0x0000000000006198        0x0 linker stubs
 *(SORT_BY_ALIGNMENT(.glue_7))
 .glue_7        0x0000000000006198        0x0 linker stubs
 *(SORT_BY_ALIGNMENT(.vfp11_veneer))
 .vfp11_veneer  0x0000000000006198        0x0 linker stubs
 *(SORT_BY_ALIGNMENT(.v4_bx))
 .v4_bx         0x0000000000006198        0x0 linker stubs
                0x0000000000006198                __text_region_end = .

.ARM.exidx      0x0000000000006198        0x8
                0x0000000000006198                __exidx_start = .
 *(SORT_BY_ALIGNMENT(.ARM.exidx*) SORT_BY_ALIGNMENT(gnu.linkonce.armexidx.*))
 .ARM.exidx     0x0000000000006198        0x8 /home/ubuntu/zephyr-sdk-0.13.2/arm-zephyr-eabi/bin/../lib/gcc/arm-zephyr-eabi/10.3.0/thumb/v7e-m/nofp/libgcc.a(_udivmoddi4.o)
                0x00000000000061a0                __exidx_end = .
                0x00000000000061a0                __rodata_region_start = .

initlevel       0x00000000000061a0       0x98
                0x00000000000061a0                __init_start = .
                0x00000000000061a0                __init_PRE_KERNEL_1_start = .
 *(SORT_BY_NAME(SORT_BY_ALIGNMENT(.z_init_PRE_KERNEL_1[0-9]_*)))
 .z_init_PRE_KERNEL_10_
                0x00000000000061a0        0x8 zephyr/soc/arm/nordic_nrf/nrf52/libsoc__arm__nordic_nrf__nrf52.a(soc.c.obj)
 *(SORT_BY_NAME(SORT_BY_ALIGNMENT(.z_init_PRE_KERNEL_1[1-9][0-9]_*)))
 .z_init_PRE_KERNEL_130_
                0x00000000000061a8        0x8 zephyr/drivers/clock_control/libdrivers__clock_control.a(clock_control_nrf.c.obj)
 .z_init_PRE_KERNEL_130_
                0x00000000000061b0        0x8 modules/segger/libmodules__segger.a(SEGGER_RTT_zephyr.c.obj)
 .z_init_PRE_KERNEL_140_
                0x00000000000061b8        0x8 zephyr/drivers/console/libdrivers__console.a(rtt_console.c.obj)
 .z_init_PRE_KERNEL_140_
                0x00000000000061c0        0x8 zephyr/drivers/gpio/libdrivers__gpio.a(gpio_nrfx.c.obj)
 .z_init_PRE_KERNEL_155_
                0x00000000000061c8        0x8 zephyr/drivers/serial/libdrivers__serial.a(uart_nrfx_uarte.c.obj)
                0x00000000000061d0                __init_PRE_KERNEL_2_start = .
 *(SORT_BY_NAME(SORT_BY_ALIGNMENT(.z_init_PRE_KERNEL_2[0-9]_*)))
 .z_init_PRE_KERNEL_20_
                0x00000000000061d0        0x8 zephyr/drivers/timer/libdrivers__timer.a(nrf_rtc_timer.c.obj)
 *(SORT_BY_NAME(SORT_BY_ALIGNMENT(.z_init_PRE_KERNEL_2[1-9][0-9]_*)))
                0x00000000000061d8                __init_POST_KERNEL_start = .
 *(SORT_BY_NAME(SORT_BY_ALIGNMENT(.z_init_POST_KERNEL[0-9]_*)))
 *(SORT_BY_NAME(SORT_BY_ALIGNMENT(.z_init_POST_KERNEL[1-9][0-9]_*)))
 .z_init_POST_KERNEL40_
                0x00000000000061d8        0x8 zephyr/kernel/libkernel.a(system_work_q.c.obj)
 .z_init_POST_KERNEL50_
                0x00000000000061e0        0x8 zephyr/boards/arm/thingy52_nrf52832/libboards__arm__thingy52_nrf52832.a(board.c.obj)
 .z_init_POST_KERNEL60_
                0x00000000000061e8       0x10 zephyr/drivers/i2c/libdrivers__i2c.a(i2c_nrfx_twim.c.obj)
 .z_init_POST_KERNEL70_
                0x00000000000061f8        0x8 zephyr/drivers/gpio/libdrivers__gpio.a(gpio_sx1509b.c.obj)
 .z_init_POST_KERNEL75_
                0x0000000000006200       0x28 zephyr/drivers/regulator/libdrivers__regulator.a(regulator_fixed.c.obj)
 .z_init_POST_KERNEL85_
                0x0000000000006228        0x8 zephyr/boards/arm/thingy52_nrf52832/libboards__arm__thingy52_nrf52832.a(board.c.obj)
 .z_init_POST_KERNEL90_
                0x0000000000006230        0x8 zephyr/drivers/sensor/ccs811/libdrivers__sensor__ccs811.a(ccs811.c.obj)
                0x0000000000006238                __init_APPLICATION_start = .
 *(SORT_BY_NAME(SORT_BY_ALIGNMENT(.z_init_APPLICATION[0-9]_*)))
 *(SORT_BY_NAME(SORT_BY_ALIGNMENT(.z_init_APPLICATION[1-9][0-9]_*)))
                0x0000000000006238                __init_SMP_start = .
 *(SORT_BY_NAME(SORT_BY_ALIGNMENT(.z_init_SMP[0-9]_*)))
 *(SORT_BY_NAME(SORT_BY_ALIGNMENT(.z_init_SMP[1-9][0-9]_*)))
                0x0000000000006238                __init_end = .

devices         0x0000000000006238      0x150
                0x0000000000006238                __device_start = .
                0x0000000000006238                __device_PRE_KERNEL_1_start = .
 *(SORT_BY_NAME(SORT_BY_ALIGNMENT(.z_device_PRE_KERNEL_1[0-9]_*)))
 *(SORT_BY_NAME(SORT_BY_ALIGNMENT(.z_device_PRE_KERNEL_1[1-9][0-9]_*)))
 .z_device_PRE_KERNEL_130_
                0x0000000000006238       0x18 zephyr/drivers/clock_control/libdrivers__clock_control.a(clock_control_nrf.c.obj)
                0x0000000000006238                __device_dts_ord_25
 .z_device_PRE_KERNEL_140_
                0x0000000000006250       0x18 zephyr/drivers/gpio/libdrivers__gpio.a(gpio_nrfx.c.obj)
                0x0000000000006250                __device_dts_ord_4
 .z_device_PRE_KERNEL_155_
                0x0000000000006268       0x18 zephyr/drivers/serial/libdrivers__serial.a(uart_nrfx_uarte.c.obj)
                0x0000000000006268                __device_dts_ord_56
                0x0000000000006280                __device_PRE_KERNEL_2_start = .
 *(SORT_BY_NAME(SORT_BY_ALIGNMENT(.z_device_PRE_KERNEL_2[0-9]_*)))
 *(SORT_BY_NAME(SORT_BY_ALIGNMENT(.z_device_PRE_KERNEL_2[1-9][0-9]_*)))
                0x0000000000006280                __device_POST_KERNEL_start = .
 *(SORT_BY_NAME(SORT_BY_ALIGNMENT(.z_device_POST_KERNEL[0-9]_*)))
 *(SORT_BY_NAME(SORT_BY_ALIGNMENT(.z_device_POST_KERNEL[1-9][0-9]_*)))
 .z_device_POST_KERNEL50_
                0x0000000000006280       0x18 zephyr/boards/arm/thingy52_nrf52832/libboards__arm__thingy52_nrf52832.a(board.c.obj)
 .z_device_POST_KERNEL60_
                0x0000000000006298       0x30 zephyr/drivers/i2c/libdrivers__i2c.a(i2c_nrfx_twim.c.obj)
                0x0000000000006298                __device_dts_ord_71
                0x00000000000062b0                __device_dts_ord_7
 .z_device_POST_KERNEL70_
                0x00000000000062c8       0x18 zephyr/drivers/gpio/libdrivers__gpio.a(gpio_sx1509b.c.obj)
                0x00000000000062c8                __device_dts_ord_8
 .z_device_POST_KERNEL75_
                0x00000000000062e0       0x78 zephyr/drivers/regulator/libdrivers__regulator.a(regulator_fixed.c.obj)
                0x00000000000062e0                __device_dts_ord_67
                0x00000000000062f8                __device_dts_ord_9
                0x0000000000006310                __device_dts_ord_10
                0x0000000000006328                __device_dts_ord_12
                0x0000000000006340                __device_dts_ord_5
 .z_device_POST_KERNEL85_
                0x0000000000006358       0x18 zephyr/boards/arm/thingy52_nrf52832/libboards__arm__thingy52_nrf52832.a(board.c.obj)
 .z_device_POST_KERNEL90_
                0x0000000000006370       0x18 zephyr/drivers/sensor/ccs811/libdrivers__sensor__ccs811.a(ccs811.c.obj)
                0x0000000000006370                __device_dts_ord_68
                0x0000000000006388                __device_APPLICATION_start = .
 *(SORT_BY_NAME(SORT_BY_ALIGNMENT(.z_device_APPLICATION[0-9]_*)))
 *(SORT_BY_NAME(SORT_BY_ALIGNMENT(.z_device_APPLICATION[1-9][0-9]_*)))
                0x0000000000006388                __device_SMP_start = .
 *(SORT_BY_NAME(SORT_BY_ALIGNMENT(.z_device_SMP[0-9]_*)))
 *(SORT_BY_NAME(SORT_BY_ALIGNMENT(.z_device_SMP[1-9][0-9]_*)))
                0x0000000000006388                __device_end = .

sw_isr_table    0x0000000000006388      0x138
                0x0000000000006388                . = ALIGN (0x0)
 *(SORT_BY_ALIGNMENT(.gnu.linkonce.sw_isr_table*))
 .gnu.linkonce.sw_isr_table
                0x0000000000006388      0x138 zephyr/arch/common/libisr_tables.a(isr_tables.c.obj)
                0x0000000000006388                _sw_isr_table

initlevel_error
                0x00000000000061a0        0x0
 *(SORT_BY_NAME(SORT_BY_ALIGNMENT(.z_init_[_A-Z0-9]*)))
                0x0000000000000001                ASSERT ((SIZEOF (initlevel_error) == 0x0), Undefined initialization levels used.)

app_shmem_regions
                0x00000000000064c0        0x0
                0x00000000000064c0                __app_shmem_regions_start = .
 *(SORT_BY_NAME(SORT_BY_ALIGNMENT(.app_regions.*)))
                0x00000000000064c0                __app_shmem_regions_end = .

bt_l2cap_fixed_chan_area
                0x00000000000064c0        0x0
                0x00000000000064c0                _bt_l2cap_fixed_chan_list_start = .
 *(SORT_BY_NAME(SORT_BY_ALIGNMENT(._bt_l2cap_fixed_chan.static.*)))
                0x00000000000064c0                _bt_l2cap_fixed_chan_list_end = .

bt_gatt_service_static_area
                0x00000000000064c0        0x0
                0x00000000000064c0                _bt_gatt_service_static_list_start = .
 *(SORT_BY_NAME(SORT_BY_ALIGNMENT(._bt_gatt_service_static.static.*)))
                0x00000000000064c0                _bt_gatt_service_static_list_end = .

k_p4wq_initparam_area
                0x00000000000064c0        0x0
                0x00000000000064c0                _k_p4wq_initparam_list_start = .
 *(SORT_BY_NAME(SORT_BY_ALIGNMENT(._k_p4wq_initparam.static.*)))
                0x00000000000064c0                _k_p4wq_initparam_list_end = .

log_strings_sections
                0x00000000000064c0        0x0
                0x00000000000064c0                __log_strings_start = .
 *(SORT_BY_NAME(SORT_BY_ALIGNMENT(.log_strings*)))
                0x00000000000064c0                __log_strings_end = .

log_const_sections
                0x00000000000064c0        0x0
                0x00000000000064c0                __log_const_start = .
 *(SORT_BY_NAME(SORT_BY_ALIGNMENT(.log_const_*)))
                0x00000000000064c0                __log_const_end = .

log_backends_sections
                0x00000000000064c0        0x0
                0x00000000000064c0                __log_backends_start = .
 *(SORT_BY_ALIGNMENT(._log_backend.*))
                0x00000000000064c0                __log_backends_end = .

shell_area      0x00000000000064c0        0x0
                0x00000000000064c0                _shell_list_start = .
 *(SORT_BY_NAME(SORT_BY_ALIGNMENT(._shell.static.*)))
                0x00000000000064c0                _shell_list_end = .

shell_root_cmds_sections
                0x00000000000064c0        0x0
                0x00000000000064c0                __shell_root_cmds_start = .
 *(SORT_BY_NAME(SORT_BY_ALIGNMENT(.shell_root_cmd_*)))
                0x00000000000064c0                __shell_root_cmds_end = .

font_entry_sections
                0x00000000000064c0        0x0
                0x00000000000064c0                __font_entry_start = .
 *(SORT_BY_NAME(SORT_BY_ALIGNMENT(._cfb_font.*)))
                0x00000000000064c0                __font_entry_end = .

tracing_backend_area
                0x00000000000064c0        0x0
                0x00000000000064c0                _tracing_backend_list_start = .
 *(SORT_BY_NAME(SORT_BY_ALIGNMENT(._tracing_backend.static.*)))
                0x00000000000064c0                _tracing_backend_list_end = .

zephyr_dbg_info
 *(SORT_BY_ALIGNMENT(.dbg_thread_info))

device_handles  0x00000000000064c0       0xb4
                0x00000000000064c0                __device_handles_start = .
 *(SORT_BY_NAME(SORT_BY_ALIGNMENT(.__device_handles_pass1*)))
 .__device_handles_pass1
                0x00000000000064c0        0xc zephyr/boards/arm/thingy52_nrf52832/libboards__arm__thingy52_nrf52832.a(board.c.obj)
                0x00000000000064c0                __devicehdl_ccs_vdd_pwr_ctrl_init
                0x00000000000064c6                __devicehdl_vdd_pwr_ctrl_init
 .__device_handles_pass1
                0x00000000000064cc        0xa zephyr/drivers/clock_control/libdrivers__clock_control.a(clock_control_nrf.c.obj)
                0x00000000000064cc                __devicehdl_DT_N_S_soc_S_clock_40000000
 .__device_handles_pass1
                0x00000000000064d6       0x14 zephyr/drivers/gpio/libdrivers__gpio.a(gpio_nrfx.c.obj)
                0x00000000000064d6                __devicehdl_DT_N_S_soc_S_gpio_50000000
 .__device_handles_pass1
                0x00000000000064ea       0x1a zephyr/drivers/gpio/libdrivers__gpio.a(gpio_sx1509b.c.obj)
                0x00000000000064ea                __devicehdl_DT_N_S_soc_S_i2c_40003000_S_sx1509b_3e
 .__device_handles_pass1
                0x0000000000006504       0x1e zephyr/drivers/i2c/libdrivers__i2c.a(i2c_nrfx_twim.c.obj)
                0x0000000000006504                __devicehdl_DT_N_S_soc_S_i2c_40004000
                0x0000000000006510                __devicehdl_DT_N_S_soc_S_i2c_40003000
 .__device_handles_pass1
                0x0000000000006522        0xe zephyr/drivers/sensor/ccs811/libdrivers__sensor__ccs811.a(ccs811.c.obj)
                0x0000000000006522                __devicehdl_DT_N_S_soc_S_i2c_40003000_S_ccs811_5a
 .__device_handles_pass1
                0x0000000000006530       0x3a zephyr/drivers/regulator/libdrivers__regulator.a(regulator_fixed.c.obj)
                0x0000000000006530                __devicehdl_DT_N_S_ccs_pwr_ctrl
                0x000000000000653c                __devicehdl_DT_N_S_mic_pwr_ctrl
                0x0000000000006546                __devicehdl_DT_N_S_mpu_pwr_ctrl
                0x0000000000006550                __devicehdl_DT_N_S_spk_pwr_ctrl
                0x000000000000655a                __devicehdl_DT_N_S_vdd_pwr_ctrl
 .__device_handles_pass1
                0x000000000000656a        0xa zephyr/drivers/serial/libdrivers__serial.a(uart_nrfx_uarte.c.obj)
                0x000000000000656a                __devicehdl_DT_N_S_soc_S_uart_40002000
                0x0000000000006574                __device_handles_end = .

rodata          0x0000000000006580      0x470
 *(SORT_BY_ALIGNMENT(.rodata))
 *(SORT_BY_ALIGNMENT(.rodata.*))
 .rodata.delay_machine_code.0
                0x0000000000006580        0x6 zephyr/soc/arm/nordic_nrf/nrf52/libsoc__arm__nordic_nrf__nrf52.a(soc.c.obj)
 *fill*         0x0000000000006586        0x2 
 .rodata.static_regions
                0x0000000000006588        0xc zephyr/arch/arch/arm/core/aarch32/mpu/libarch__arm__core__aarch32__mpu.a(arm_core_mpu.c.obj)
 .rodata.mpu_config
                0x0000000000006594        0x8 zephyr/soc/arm/common/cortex_m/libsoc__arm__common__cortex_m.a(arm_mpu_regions.c.obj)
                0x0000000000006594                mpu_config
 .rodata.mpu_regions
                0x000000000000659c       0x18 zephyr/soc/arm/common/cortex_m/libsoc__arm__common__cortex_m.a(arm_mpu_regions.c.obj)
 .rodata.ccs_vdd_pwr_ctrl_cfg
                0x00000000000065b4        0x8 zephyr/boards/arm/thingy52_nrf52832/libboards__arm__thingy52_nrf52832.a(board.c.obj)
 .rodata.vdd_pwr_ctrl_cfg
                0x00000000000065bc        0x8 zephyr/boards/arm/thingy52_nrf52832/libboards__arm__thingy52_nrf52832.a(board.c.obj)
 .rodata.clock_control_api
                0x00000000000065c4       0x18 zephyr/drivers/clock_control/libdrivers__clock_control.a(clock_control_nrf.c.obj)
 .rodata.config
                0x00000000000065dc       0x10 zephyr/drivers/clock_control/libdrivers__clock_control.a(clock_control_nrf.c.obj)
 .rodata.transitions.0
                0x00000000000065ec        0xc zephyr/drivers/clock_control/libdrivers__clock_control.a(clock_control_nrf.c.obj)
 .rodata.gpio_nrfx_drv_api_funcs
                0x00000000000065f8       0x24 zephyr/drivers/gpio/libdrivers__gpio.a(gpio_nrfx.c.obj)
 .rodata.gpio_nrfx_p0_cfg
                0x000000000000661c       0x10 zephyr/drivers/gpio/libdrivers__gpio.a(gpio_nrfx.c.obj)
 .rodata.api_table
                0x000000000000662c       0x24 zephyr/drivers/gpio/libdrivers__gpio.a(gpio_sx1509b.c.obj)
 .rodata.sx1509b_cfg
                0x0000000000006650        0xc zephyr/drivers/gpio/libdrivers__gpio.a(gpio_sx1509b.c.obj)
 .rodata.i2c_nrfx_twim_driver_api
                0x000000000000665c       0x18 zephyr/drivers/i2c/libdrivers__i2c.a(i2c_nrfx_twim.c.obj)
 .rodata.twim_0z_config
                0x0000000000006674       0x1c zephyr/drivers/i2c/libdrivers__i2c.a(i2c_nrfx_twim.c.obj)
 .rodata.twim_1z_config
                0x0000000000006690       0x1c zephyr/drivers/i2c/libdrivers__i2c.a(i2c_nrfx_twim.c.obj)
 .rodata.ccs811_driver_api
                0x00000000000066ac       0x14 zephyr/drivers/sensor/ccs811/libdrivers__sensor__ccs811.a(ccs811.c.obj)
 .rodata.api_onoff
                0x00000000000066c0        0x8 zephyr/drivers/regulator/libdrivers__regulator.a(regulator_fixed.c.obj)
 .rodata.api_sync
                0x00000000000066c8        0x8 zephyr/drivers/regulator/libdrivers__regulator.a(regulator_fixed.c.obj)
 .rodata.regulator_0_cfg
                0x00000000000066d0       0x18 zephyr/drivers/regulator/libdrivers__regulator.a(regulator_fixed.c.obj)
 .rodata.regulator_1_cfg
                0x00000000000066e8       0x18 zephyr/drivers/regulator/libdrivers__regulator.a(regulator_fixed.c.obj)
 .rodata.regulator_2_cfg
                0x0000000000006700       0x18 zephyr/drivers/regulator/libdrivers__regulator.a(regulator_fixed.c.obj)
 .rodata.regulator_3_cfg
                0x0000000000006718       0x18 zephyr/drivers/regulator/libdrivers__regulator.a(regulator_fixed.c.obj)
 .rodata.regulator_4_cfg
                0x0000000000006730       0x18 zephyr/drivers/regulator/libdrivers__regulator.a(regulator_fixed.c.obj)
 .rodata.transitions
                0x0000000000006748        0xc zephyr/drivers/regulator/libdrivers__regulator.a(regulator_fixed.c.obj)
 .rodata.uart_nrfx_uarte_driver_api
                0x0000000000006754       0x14 zephyr/drivers/serial/libdrivers__serial.a(uart_nrfx_uarte.c.obj)
 .rodata.uarte_0z_config
                0x0000000000006768       0x20 zephyr/drivers/serial/libdrivers__serial.a(uart_nrfx_uarte.c.obj)
 .rodata.levels.0
                0x0000000000006788       0x14 zephyr/kernel/libkernel.a(device.c.obj)
 .rodata._k_neg_eagain
                0x000000000000679c        0x4 zephyr/kernel/libkernel.a(errno.c.obj)
                0x000000000000679c                _k_neg_eagain
 .rodata.main.str1.1
                0x00000000000067a0      0x13c app/libapp.a(main.c.obj)
 .rodata.cbvprintf.str1.1
                0x00000000000068dc        0x6 zephyr/libzephyr.a(cbprintf_complete.c.obj)
 .rodata.str1.1
                0x00000000000068e2        0xf zephyr/soc/arm/common/cortex_m/libsoc__arm__common__cortex_m.a(arm_mpu_regions.c.obj)
 .rodata.pwr_ctrl_init.str1.1
                0x00000000000068f1       0x1c zephyr/boards/arm/thingy52_nrf52832/libboards__arm__thingy52_nrf52832.a(board.c.obj)
 .rodata.str1.1
                0x000000000000690d        0xf zephyr/boards/arm/thingy52_nrf52832/libboards__arm__thingy52_nrf52832.a(board.c.obj)
                                         0x10 (size before relaxing)
 .rodata.str1.1
                0x000000000000691c        0x6 zephyr/drivers/clock_control/libdrivers__clock_control.a(clock_control_nrf.c.obj)
 .rodata.str1.1
                0x0000000000006922        0x7 zephyr/drivers/gpio/libdrivers__gpio.a(gpio_nrfx.c.obj)
 .rodata.str1.1
                0x0000000000006922        0x6 zephyr/drivers/gpio/libdrivers__gpio.a(gpio_sx1509b.c.obj)
                                          0xe (size before relaxing)
 .rodata.str1.1
                0x0000000000006928        0x6 zephyr/drivers/i2c/libdrivers__i2c.a(i2c_nrfx_twim.c.obj)
                                          0xc (size before relaxing)
 .rodata.ccs811_init.str1.1
                0x000000000000692e       0x15 zephyr/drivers/sensor/ccs811/libdrivers__sensor__ccs811.a(ccs811.c.obj)
 .rodata.str1.1
                0x000000000000692e        0x7 zephyr/drivers/sensor/ccs811/libdrivers__sensor__ccs811.a(ccs811.c.obj)
 .rodata.str1.1
                0x000000000000692e       0x41 zephyr/drivers/regulator/libdrivers__regulator.a(regulator_fixed.c.obj)
 .rodata.str1.1
                0x000000000000696f        0x7 zephyr/drivers/serial/libdrivers__serial.a(uart_nrfx_uarte.c.obj)
 .rodata.CSWTCH.14
                0x0000000000006976        0x5 modules/hal_nordic/nrfx/libmodules__hal_nordic__nrfx.a(system_nrf52.c.obj)
 .rodata.CSWTCH.18
                0x000000000000697b        0x5 modules/hal_nordic/nrfx/libmodules__hal_nordic__nrfx.a(system_nrf52.c.obj)
 .rodata.CSWTCH.20
                0x0000000000006980        0x5 modules/hal_nordic/nrfx/libmodules__hal_nordic__nrfx.a(system_nrf52.c.obj)
 .rodata.CSWTCH.4
                0x0000000000006985        0x5 modules/hal_nordic/nrfx/libmodules__hal_nordic__nrfx.a(system_nrf52.c.obj)
 .rodata._DoInit.str1.1
                0x000000000000698a       0x14 modules/segger/libmodules__segger.a(SEGGER_RTT.c.obj)
 .rodata.z_cstart.str1.1
                0x000000000000699e        0x5 zephyr/kernel/libkernel.a(init.c.obj)
 .rodata.boot_banner.str1.1
                0x00000000000069a3       0x43 zephyr/kernel/libkernel.a(banner.c.obj)
                                         0x44 (size before relaxing)
 .rodata.k_sys_work_q_init.str1.1
                0x00000000000069e6        0x9 zephyr/kernel/libkernel.a(system_work_q.c.obj)
 *(SORT_BY_ALIGNMENT(.gnu.linkonce.r.*))
                0x00000000000069f0                . = ALIGN (0x4)
 *fill*         0x00000000000069ef        0x1 
                0x00000000000069f0                __rodata_region_end = .
                0x0000000000006a00                . = ALIGN (_region_min_align)
                0x0000000000008000                . = ALIGN ((0x1 << ((__rodata_region_end - __rom_region_start) <= 0x4)?0x2:((__rodata_region_end - __rom_region_start) <= 0x8)?0x3:((__rodata_region_end - __rom_region_start) <= 0x10)?0x4:((__rodata_region_end - __rom_region_start) <= 0x20)?0x5:((__rodata_region_end - __rom_region_start) <= 0x40)?0x6:((__rodata_region_end - __rom_region_start) <= 0x80)?0x7:((__rodata_region_end - __rom_region_start) <= 0x100)?0x8:((__rodata_region_end - __rom_region_start) <= 0x200)?0x9:((__rodata_region_end - __rom_region_start) <= 0x400)?0xa:((__rodata_region_end - __rom_region_start) <= 0x800)?0xb:((__rodata_region_end - __rom_region_start) <= 0x1000)?0xc:((__rodata_region_end - __rom_region_start) <= 0x2000)?0xd:((__rodata_region_end - __rom_region_start) <= 0x4000)?0xe:((__rodata_region_end - __rom_region_start) <= 0x8000)?0xf:((__rodata_region_end - __rom_region_start) <= 0x10000)?0x10:((__rodata_region_end - __rom_region_start) <= 0x20000)?0x11:((__rodata_region_end - __rom_region_start) <= 0x40000)?0x12:((__rodata_region_end - __rom_region_start) <= 0x80000)?0x13:((__rodata_region_end - __rom_region_start) <= 0x100000)?0x14:((__rodata_region_end - __rom_region_start) <= 0x200000)?0x15:((__rodata_region_end - __rom_region_start) <= 0x400000)?0x16:((__rodata_region_end - __rom_region_start) <= 0x800000)?0x17:((__rodata_region_end - __rom_region_start) <= 0x1000000)?0x18:((__rodata_region_end - __rom_region_start) <= 0x2000000)?0x19:((__rodata_region_end - __rom_region_start) <= 0x4000000)?0x1a:((__rodata_region_end - __rom_region_start) <= 0x8000000)?0x1b:((__rodata_region_end - __rom_region_start) <= 0x10000000)?0x1c:((__rodata_region_end - __rom_region_start) <= 0x20000000)?0x1d:((__rodata_region_end - __rom_region_start) <= 0x40000000)?0x1e:((__rodata_region_end - __rom_region_start) <= 0x80000000)?0x1f:0x20))
                0x0000000000008000                __rom_region_end = .
                0x0000000020000000                . = 0x20000000
                0x0000000020000000                . = ALIGN (_region_min_align)
                0x0000000020000000                _image_ram_start = .

.ramfunc        0x0000000020000000        0x0 load address 0x00000000000069f0
                0x0000000020000000                . = ALIGN (_region_min_align)
                0x0000000020000000                . = ALIGN ((0x1 << (__ramfunc_size <= 0x4)?0x2:(__ramfunc_size <= 0x8)?0x3:(__ramfunc_size <= 0x10)?0x4:(__ramfunc_size <= 0x20)?0x5:(__ramfunc_size <= 0x40)?0x6:(__ramfunc_size <= 0x80)?0x7:(__ramfunc_size <= 0x100)?0x8:(__ramfunc_size <= 0x200)?0x9:(__ramfunc_size <= 0x400)?0xa:(__ramfunc_size <= 0x800)?0xb:(__ramfunc_size <= 0x1000)?0xc:(__ramfunc_size <= 0x2000)?0xd:(__ramfunc_size <= 0x4000)?0xe:(__ramfunc_size <= 0x8000)?0xf:(__ramfunc_size <= 0x10000)?0x10:(__ramfunc_size <= 0x20000)?0x11:(__ramfunc_size <= 0x40000)?0x12:(__ramfunc_size <= 0x80000)?0x13:(__ramfunc_size <= 0x100000)?0x14:(__ramfunc_size <= 0x200000)?0x15:(__ramfunc_size <= 0x400000)?0x16:(__ramfunc_size <= 0x800000)?0x17:(__ramfunc_size <= 0x1000000)?0x18:(__ramfunc_size <= 0x2000000)?0x19:(__ramfunc_size <= 0x4000000)?0x1a:(__ramfunc_size <= 0x8000000)?0x1b:(__ramfunc_size <= 0x10000000)?0x1c:(__ramfunc_size <= 0x20000000)?0x1d:(__ramfunc_size <= 0x40000000)?0x1e:(__ramfunc_size <= 0x80000000)?0x1f:0x20))
                0x0000000020000000                __ramfunc_start = .
 *(SORT_BY_ALIGNMENT(.ramfunc))
 *(SORT_BY_ALIGNMENT(.ramfunc.*))
                0x0000000020000000                . = ALIGN (_region_min_align)
                0x0000000020000000                . = ALIGN ((0x1 << (__ramfunc_size <= 0x4)?0x2:(__ramfunc_size <= 0x8)?0x3:(__ramfunc_size <= 0x10)?0x4:(__ramfunc_size <= 0x20)?0x5:(__ramfunc_size <= 0x40)?0x6:(__ramfunc_size <= 0x80)?0x7:(__ramfunc_size <= 0x100)?0x8:(__ramfunc_size <= 0x200)?0x9:(__ramfunc_size <= 0x400)?0xa:(__ramfunc_size <= 0x800)?0xb:(__ramfunc_size <= 0x1000)?0xc:(__ramfunc_size <= 0x2000)?0xd:(__ramfunc_size <= 0x4000)?0xe:(__ramfunc_size <= 0x8000)?0xf:(__ramfunc_size <= 0x10000)?0x10:(__ramfunc_size <= 0x20000)?0x11:(__ramfunc_size <= 0x40000)?0x12:(__ramfunc_size <= 0x80000)?0x13:(__ramfunc_size <= 0x100000)?0x14:(__ramfunc_size <= 0x200000)?0x15:(__ramfunc_size <= 0x400000)?0x16:(__ramfunc_size <= 0x800000)?0x17:(__ramfunc_size <= 0x1000000)?0x18:(__ramfunc_size <= 0x2000000)?0x19:(__ramfunc_size <= 0x4000000)?0x1a:(__ramfunc_size <= 0x8000000)?0x1b:(__ramfunc_size <= 0x10000000)?0x1c:(__ramfunc_size <= 0x20000000)?0x1d:(__ramfunc_size <= 0x40000000)?0x1e:(__ramfunc_size <= 0x80000000)?0x1f:0x20))
                0x0000000020000000                __ramfunc_end = .
                0x0000000000000000                __ramfunc_size = (__ramfunc_end - __ramfunc_start)
                0x00000000000069f0                __ramfunc_load_start = LOADADDR (.ramfunc)

datas           0x0000000020000000      0x110 load address 0x00000000000069f0
                0x0000000020000000                __data_region_start = .
                0x0000000020000000                __data_start = .
 *(SORT_BY_ALIGNMENT(.data))
 *(SORT_BY_ALIGNMENT(.data.*))
 .data._char_out
                0x0000000020000000        0x4 zephyr/libzephyr.a(printk.c.obj)
                0x0000000020000000                _char_out
 .data._stdout_hook
                0x0000000020000004        0x4 zephyr/lib/libc/minimal/liblib__libc__minimal.a(stdout_console.c.obj)
 .data.sx1509b_drvdata
                0x0000000020000008       0x30 zephyr/drivers/gpio/libdrivers__gpio.a(gpio_sx1509b.c.obj)
 .data.twim_0_data
                0x0000000020000038       0x2c zephyr/drivers/i2c/libdrivers__i2c.a(i2c_nrfx_twim.c.obj)
 .data.twim_1_data
                0x0000000020000064       0x2c zephyr/drivers/i2c/libdrivers__i2c.a(i2c_nrfx_twim.c.obj)
 .data.uarte_0_data
                0x0000000020000090       0x14 zephyr/drivers/serial/libdrivers__serial.a(uart_nrfx_uarte.c.obj)
 .data.SystemCoreClock
                0x00000000200000a4        0x4 modules/hal_nordic/nrfx/libmodules__hal_nordic__nrfx.a(system_nrf52.c.obj)
                0x00000000200000a4                SystemCoreClock
 .data.m_cb     0x00000000200000a8       0x5c modules/hal_nordic/nrfx/libmodules__hal_nordic__nrfx.a(nrfx_gpiote.c.obj)
 .data.m_channels_allocated
                0x0000000020000104        0x4 modules/hal_nordic/nrfx/libmodules__hal_nordic__nrfx.a(nrfx_ppi.c.obj)
 .data.timeout_list
                0x0000000020000108        0x8 zephyr/kernel/libkernel.a(timeout.c.obj)
 *(SORT_BY_ALIGNMENT(.kernel.*))
                0x0000000020000110                __data_end = .
                0x0000000000000110                __data_size = (__data_end - __data_start)
                0x00000000000069f0                __data_load_start = LOADADDR (datas)
                0x00000000000069f0                __data_region_load_start = LOADADDR (datas)

device_states   0x0000000020000110       0x38 load address 0x0000000000006b00
                0x0000000020000110                __device_states_start = .
 *(SORT_BY_ALIGNMENT(.z_devstate))
 .z_devstate    0x0000000020000110        0x8 zephyr/boards/arm/thingy52_nrf52832/libboards__arm__thingy52_nrf52832.a(board.c.obj)
 .z_devstate    0x0000000020000118        0x4 zephyr/drivers/clock_control/libdrivers__clock_control.a(clock_control_nrf.c.obj)
 .z_devstate    0x000000002000011c        0x4 zephyr/drivers/gpio/libdrivers__gpio.a(gpio_nrfx.c.obj)
 .z_devstate    0x0000000020000120        0x4 zephyr/drivers/gpio/libdrivers__gpio.a(gpio_sx1509b.c.obj)
 .z_devstate    0x0000000020000124        0x8 zephyr/drivers/i2c/libdrivers__i2c.a(i2c_nrfx_twim.c.obj)
 .z_devstate    0x000000002000012c        0x4 zephyr/drivers/sensor/ccs811/libdrivers__sensor__ccs811.a(ccs811.c.obj)
 .z_devstate    0x0000000020000130       0x14 zephyr/drivers/regulator/libdrivers__regulator.a(regulator_fixed.c.obj)
 .z_devstate    0x0000000020000144        0x4 zephyr/drivers/serial/libdrivers__serial.a(uart_nrfx_uarte.c.obj)
 *(SORT_BY_ALIGNMENT(.z_devstate.*))
                0x0000000020000148                __device_states_end = .

initshell       0x0000000020000148        0x0 load address 0x0000000000006b38
                0x0000000020000148                __shell_module_start = .
 *(SORT_BY_ALIGNMENT(.shell_module_*))
                0x0000000020000148                __shell_module_end = .
                0x0000000020000148                __shell_cmd_start = .
 *(SORT_BY_ALIGNMENT(.shell_cmd_*))
                0x0000000020000148                __shell_cmd_end = .

log_dynamic_sections
                0x0000000020000148        0x0 load address 0x0000000000006b38
                0x0000000020000148                __log_dynamic_start = .
 *(SORT_BY_NAME(SORT_BY_ALIGNMENT(.log_dynamic_*)))
                0x0000000020000148                __log_dynamic_end = .

_static_thread_data_area
                0x0000000020000148        0x0 load address 0x0000000000006b38
                0x0000000020000148                __static_thread_data_list_start = .
 *(SORT_BY_NAME(SORT_BY_ALIGNMENT(.__static_thread_data.static.*)))
                0x0000000020000148                __static_thread_data_list_end = .

k_timer_area    0x0000000020000148        0x0 load address 0x0000000000006b38
                0x0000000020000148                _k_timer_list_start = .
 *(SORT_BY_NAME(SORT_BY_ALIGNMENT(._k_timer.static.*)))
                0x0000000020000148                _k_timer_list_end = .

k_mem_slab_area
                0x0000000020000148        0x0 load address 0x0000000000006b38
                0x0000000020000148                _k_mem_slab_list_start = .
 *(SORT_BY_NAME(SORT_BY_ALIGNMENT(._k_mem_slab.static.*)))
                0x0000000020000148                _k_mem_slab_list_end = .

k_mem_pool_area
                0x0000000020000148        0x0 load address 0x0000000000006b38
                0x0000000020000148                _k_mem_pool_list_start = .
 *(SORT_BY_NAME(SORT_BY_ALIGNMENT(._k_mem_pool.static.*)))
                0x0000000020000148                _k_mem_pool_list_end = .

k_heap_area     0x0000000020000148        0x0 load address 0x0000000000006b38
                0x0000000020000148                _k_heap_list_start = .
 *(SORT_BY_NAME(SORT_BY_ALIGNMENT(._k_heap.static.*)))
                0x0000000020000148                _k_heap_list_end = .

k_mutex_area    0x0000000020000148        0x0 load address 0x0000000000006b38
                0x0000000020000148                _k_mutex_list_start = .
 *(SORT_BY_NAME(SORT_BY_ALIGNMENT(._k_mutex.static.*)))
                0x0000000020000148                _k_mutex_list_end = .

k_stack_area    0x0000000020000148        0x0 load address 0x0000000000006b38
                0x0000000020000148                _k_stack_list_start = .
 *(SORT_BY_NAME(SORT_BY_ALIGNMENT(._k_stack.static.*)))
                0x0000000020000148                _k_stack_list_end = .

k_msgq_area     0x0000000020000148        0x0 load address 0x0000000000006b38
                0x0000000020000148                _k_msgq_list_start = .
 *(SORT_BY_NAME(SORT_BY_ALIGNMENT(._k_msgq.static.*)))
                0x0000000020000148                _k_msgq_list_end = .

k_mbox_area     0x0000000020000148        0x0 load address 0x0000000000006b38
                0x0000000020000148                _k_mbox_list_start = .
 *(SORT_BY_NAME(SORT_BY_ALIGNMENT(._k_mbox.static.*)))
                0x0000000020000148                _k_mbox_list_end = .

k_pipe_area     0x0000000020000148        0x0 load address 0x0000000000006b38
                0x0000000020000148                _k_pipe_list_start = .
 *(SORT_BY_NAME(SORT_BY_ALIGNMENT(._k_pipe.static.*)))
                0x0000000020000148                _k_pipe_list_end = .

k_sem_area      0x0000000020000148        0x0 load address 0x0000000000006b38
                0x0000000020000148                _k_sem_list_start = .
 *(SORT_BY_NAME(SORT_BY_ALIGNMENT(._k_sem.static.*)))
                0x0000000020000148                _k_sem_list_end = .

k_event_area    0x0000000020000148        0x0 load address 0x0000000000006b38
                0x0000000020000148                _k_event_list_start = .
 *(SORT_BY_NAME(SORT_BY_ALIGNMENT(._k_event.static.*)))
                0x0000000020000148                _k_event_list_end = .

k_queue_area    0x0000000020000148        0x0 load address 0x0000000000006b38
                0x0000000020000148                _k_queue_list_start = .
 *(SORT_BY_NAME(SORT_BY_ALIGNMENT(._k_queue.static.*)))
                0x0000000020000148                _k_queue_list_end = .

k_condvar_area  0x0000000020000148        0x0 load address 0x0000000000006b38
                0x0000000020000148                _k_condvar_list_start = .
 *(SORT_BY_NAME(SORT_BY_ALIGNMENT(._k_condvar.static.*)))
                0x0000000020000148                _k_condvar_list_end = .

_net_buf_pool_area
                0x0000000020000148        0x0 load address 0x0000000000006b38
                0x0000000020000148                _net_buf_pool_list = .
 *(SORT_BY_NAME(SORT_BY_ALIGNMENT(._net_buf_pool.static.*)))
                0x0000000020000148                __data_region_end = .

bss             0x0000000020000148      0x955
                0x0000000020000148                . = ALIGN (0x4)
                0x0000000020000148                __bss_start = .
                0x0000000020000148                __kernel_ram_start = .
 *(SORT_BY_ALIGNMENT(.bss))
 *(SORT_BY_ALIGNMENT(.bss.*))
 .bss.regulator_2_data
                0x0000000020000148       0x58 zephyr/drivers/regulator/libdrivers__regulator.a(regulator_fixed.c.obj)
 .bss.regulator_3_data
                0x00000000200001a0       0x58 zephyr/drivers/regulator/libdrivers__regulator.a(regulator_fixed.c.obj)
 .bss.regulator_4_data
                0x00000000200001f8       0x58 zephyr/drivers/regulator/libdrivers__regulator.a(regulator_fixed.c.obj)
 .bss.anchor    0x0000000020000250        0x8 zephyr/drivers/timer/libdrivers__timer.a(nrf_rtc_timer.c.obj)
 .bss.cc_data   0x0000000020000258       0x10 zephyr/drivers/timer/libdrivers__timer.a(nrf_rtc_timer.c.obj)
 .bss.last_count
                0x0000000020000268        0x8 zephyr/drivers/timer/libdrivers__timer.a(nrf_rtc_timer.c.obj)
 .bss.z_idle_threads
                0x0000000020000270       0x80 zephyr/kernel/libkernel.a(init.c.obj)
                0x0000000020000270                z_idle_threads
 .bss.z_main_thread
                0x00000000200002f0       0x80 zephyr/kernel/libkernel.a(init.c.obj)
                0x00000000200002f0                z_main_thread
 .bss.curr_tick
                0x0000000020000370        0x8 zephyr/kernel/libkernel.a(timeout.c.obj)
 .bss.k_sys_work_q
                0x0000000020000378       0xa0 zephyr/kernel/libkernel.a(system_work_q.c.obj)
                0x0000000020000378                k_sys_work_q
 .bss.pm_notifiers
                0x0000000020000418        0x8 zephyr/libzephyr.a(pm.c.obj)
 .bss.z_cpus_pm_state
                0x0000000020000420        0xc zephyr/libzephyr.a(pm.c.obj)
 .bss.z_cpus_pm_state_forced
                0x000000002000042c        0x4 zephyr/libzephyr.a(pm.c.obj)
 .bss.z_post_ops_required
                0x0000000020000430        0x4 zephyr/libzephyr.a(pm.c.obj)
 .bss.power_state_disable_count
                0x0000000020000434       0x1c zephyr/libzephyr.a(constraint.c.obj)
 .bss.__compound_literal.0
                0x0000000020000450        0x0 zephyr/libzephyr.a(state.c.obj)
 .bss.dynamic_regions.0
                0x0000000020000450        0xc zephyr/arch/arch/arm/core/aarch32/mpu/libarch__arm__core__aarch32__mpu.a(arm_core_mpu.c.obj)
 .bss.cli.2     0x000000002000045c       0x10 zephyr/drivers/clock_control/libdrivers__clock_control.a(clock_control_nrf.c.obj)
 .bss.data      0x000000002000046c       0x50 zephyr/drivers/clock_control/libdrivers__clock_control.a(clock_control_nrf.c.obj)
 .bss.hfclk_users
                0x00000000200004bc        0x4 zephyr/drivers/clock_control/libdrivers__clock_control.a(clock_control_nrf.c.obj)
 .bss.on.3      0x00000000200004c0        0x4 zephyr/drivers/clock_control/libdrivers__clock_control.a(clock_control_nrf.c.obj)
 .bss.gpio_nrfx_p0_data
                0x00000000200004c4        0xc zephyr/drivers/gpio/libdrivers__gpio.a(gpio_nrfx.c.obj)
 .bss.ccs811_driver
                0x00000000200004d0       0x1c zephyr/drivers/sensor/ccs811/libdrivers__sensor__ccs811.a(ccs811.c.obj)
 .bss.regulator_0_data
                0x00000000200004ec        0x4 zephyr/drivers/regulator/libdrivers__regulator.a(regulator_fixed.c.obj)
 .bss.regulator_1_data
                0x00000000200004f0        0x4 zephyr/drivers/regulator/libdrivers__regulator.a(regulator_fixed.c.obj)
 .bss.force_isr_mask
                0x00000000200004f4        0x4 zephyr/drivers/timer/libdrivers__timer.a(nrf_rtc_timer.c.obj)
 .bss.int_mask  0x00000000200004f8        0x4 zephyr/drivers/timer/libdrivers__timer.a(nrf_rtc_timer.c.obj)
 .bss.overflow_cnt
                0x00000000200004fc        0x4 zephyr/drivers/timer/libdrivers__timer.a(nrf_rtc_timer.c.obj)
 .bss.m_clock_cb
                0x0000000020000500        0x8 modules/hal_nordic/nrfx/libmodules__hal_nordic__nrfx.a(nrfx_clock.c.obj)
 .bss.m_cb      0x0000000020000508       0x68 modules/hal_nordic/nrfx/libmodules__hal_nordic__nrfx.a(nrfx_twim.c.obj)
 .bss._SEGGER_RTT
                0x0000000020000570       0xa8 modules/segger/libmodules__segger.a(SEGGER_RTT.c.obj)
                0x0000000020000570                _SEGGER_RTT
 .bss._kernel   0x0000000020000618       0x28 zephyr/kernel/libkernel.a(init.c.obj)
                0x0000000020000618                _kernel
 .bss.pending_cancels
                0x0000000020000640        0x8 zephyr/kernel/libkernel.a(work.c.obj)
 .bss.pending_current
                0x0000000020000648        0x4 zephyr/kernel/libkernel.a(sched.c.obj)
 .bss.slice_max_prio
                0x000000002000064c        0x4 zephyr/kernel/libkernel.a(sched.c.obj)
 .bss.slice_time
                0x0000000020000650        0x4 zephyr/kernel/libkernel.a(sched.c.obj)
 .bss.announce_remaining
                0x0000000020000654        0x4 zephyr/kernel/libkernel.a(timeout.c.obj)
 .bss.app_fw_2  0x0000000020000658        0x1 app/libapp.a(main.c.obj)
 .bss.buf.0     0x0000000020000659       0x10 app/libapp.a(main.c.obj)
 .bss.static_regions_num
                0x0000000020000669        0x1 zephyr/arch/arch/arm/core/aarch32/mpu/libarch__arm__core__aarch32__mpu.a(arm_mpu.c.obj)
 .bss.once.1    0x000000002000066a        0x1 zephyr/drivers/clock_control/libdrivers__clock_control.a(clock_control_nrf.c.obj)
 .bss.host_present
                0x000000002000066b        0x1 zephyr/drivers/console/libdrivers__console.a(rtt_console.c.obj)
 .bss.twim_0_msg_buf
                0x000000002000066c       0x10 zephyr/drivers/i2c/libdrivers__i2c.a(i2c_nrfx_twim.c.obj)
 .bss.twim_1_msg_buf
                0x000000002000067c       0x10 zephyr/drivers/i2c/libdrivers__i2c.a(i2c_nrfx_twim.c.obj)
 .bss._acDownBuffer
                0x000000002000068c       0x10 modules/segger/libmodules__segger.a(SEGGER_RTT.c.obj)
 .bss._acUpBuffer
                0x000000002000069c      0x400 modules/segger/libmodules__segger.a(SEGGER_RTT.c.obj)
 .bss.z_sys_post_kernel
                0x0000000020000a9c        0x1 zephyr/kernel/libkernel.a(init.c.obj)